
 /----------------------------------------------------------------------------\
 |  yosys -- Yosys Open SYnthesis Suite                                       |
 |  Copyright (C) 2012 - 2026  Claire Xenia Wolf <claire@yosyshq.com>         |
 |  Distributed under an ISC-like license, type "license" to see terms        |
 \----------------------------------------------------------------------------/
 Yosys 0.68+130 (git sha1 dd83bbad2-dirty, Release, Clang /usr/bin/clang++ 21.1.8)

-- Executing script file `design_prep.ys' --

1. Executing RTLIL frontend.
Input filename: design.il

2. Executing SCC pass (detecting logic loops).
Found 0 SCCs in module fsm_arcs.
Found 0 SCCs in module grape_step_fsm.
Found 0 SCCs.

3. Executing SIMPLEMAP pass (map simple cells to gate primitives).

4. Executing MEMORY_NORDFF pass (extracting $dff cells from memories).

5. Executing ASYNC2SYNC pass.

6. Executing OPT_CLEAN pass (remove unused cells and wires).
Finding unused cells or wires in module \fsm_arcs..
Finding unused cells or wires in module \grape_step_fsm..
Removed 36 unused cells and 36 unused wires.
<suppressed ~37 debug messages>

7. Executing FORMALFF pass.

8. Executing OPT_CLEAN pass (remove unused cells and wires).
Finding unused cells or wires in module \fsm_arcs..
Finding unused cells or wires in module \grape_step_fsm..
Removed 12 unused cells and 12 unused wires.
<suppressed ~14 debug messages>

9. Executing CHECK pass (checking for obvious problems).
Checking module fsm_arcs...
Checking module grape_step_fsm...
Found and reported 0 problems.

10. Executing SETUNDEF pass (replace undef values with defined constants).

11. Executing OPT pass (performing simple optimizations).

11.1. Executing OPT_EXPR pass (perform const folding).
Optimizing module fsm_arcs.
<suppressed ~1 debug messages>
Optimizing module grape_step_fsm.

11.2. Executing OPT_MERGE pass (detect identical cells).
Finding identical cells in module `\fsm_arcs'.
Computing hashes of 97 cells of `\fsm_arcs'.
Finding duplicate cells in `\fsm_arcs'.
Computing hashes of 96 cells of `\fsm_arcs'.
Finding duplicate cells in `\fsm_arcs'.
<suppressed ~3 debug messages>
Finding identical cells in module `\grape_step_fsm'.
Computing hashes of 41 cells of `\grape_step_fsm'.
Finding duplicate cells in `\grape_step_fsm'.
Removed a total of 1 cells.

11.3. Executing OPT_DFF pass (perform DFF optimizations).

11.4. Executing OPT_CLEAN pass (remove unused cells and wires).
Finding unused cells or wires in module \fsm_arcs..
Finding unused cells or wires in module \grape_step_fsm..
Removed 0 unused cells and 2 unused wires.
<suppressed ~1 debug messages>

11.5. Finished fast OPT passes.

12. Executing OPT_CLEAN pass (remove unused cells and wires).
Finding unused cells or wires in module \fsm_arcs..
Finding unused cells or wires in module \grape_step_fsm..
Removed 0 unused cells and 2 unused wires.
<suppressed ~1 debug messages>

13. Executing RTLIL backend.
Output filename: ../model/design_prep.il

End of script. Logfile hash: 3495ea9268, time: 0.02s, user: 0.02s, system: 0.01s, MEM: 17.25 MB peak
Yosys 0.68+130 (git sha1 dd83bbad2-dirty, Release, Clang /usr/bin/clang++ 21.1.8)
Time spent: 40% 4x opt_clean (0 sec), 13% 1x check (0 sec), ...
