   Compiling target-lexicon v0.12.16
   Compiling once_cell v1.21.4
   Compiling proc-macro2 v1.0.107
   Compiling unicode-ident v1.0.24
   Compiling quote v1.0.47
   Compiling libc v0.2.189
   Compiling autocfg v1.5.1
   Compiling heck v0.5.0
   Compiling cfg-if v1.0.4
   Compiling indoc v2.0.7
   Compiling unindent v0.2.4
   Compiling memoffset v0.9.1
   Compiling pyo3-build-config v0.22.6
   Compiling syn v2.0.119
   Compiling pyo3-macros-backend v0.22.6
   Compiling pyo3-ffi v0.22.6
   Compiling pyo3 v0.22.6
   Compiling pyo3-macros v0.22.6
   Compiling pyflate_rs v0.1.0 (/home/ubuntu/hwsw-release-fuoh4kq_/rust/pyflate)
    Finished `release` profile [optimized + debuginfo] target(s) in 20.89s
