
 /----------------------------------------------------------------------------\
 |  yosys -- Yosys Open SYnthesis Suite                                       |
 |  Copyright (C) 2012 - 2026  Claire Xenia Wolf <claire@yosyshq.com>         |
 |  Distributed under an ISC-like license, type "license" to see terms        |
 \----------------------------------------------------------------------------/
 Yosys 0.68+130 (git sha1 dd83bbad2-dirty, Release, Clang /usr/bin/clang++ 21.1.8)

-- Executing script file `design_smt2.ys' --

1. Executing RTLIL frontend.
Input filename: design_prep.il

2. Executing HIERARCHY pass (managing design hierarchy).
Attribute `top' found on module `ctrl_arcs'. Setting top module to ctrl_arcs.

2.1. Analyzing design hierarchy..
Top module:  \ctrl_arcs
Used module:     \huff_ctrl

2.2. Analyzing design hierarchy..
Top module:  \ctrl_arcs
Used module:     \huff_ctrl
Removed 0 unused modules.
Module ctrl_arcs directly or indirectly contains formal properties -> setting "keep" attribute.

3. Executing FORMALFF pass.

4. Executing DFFUNMAP pass (unmap clock enable and synchronous reset from FFs).

5. Printing statistics.

=== ctrl_arcs ===

        +----------Local Count, excluding submodules.
        | 
       39 wires
       44 wire bits
       28 public wires
       33 public wire bits
       19 ports
       19 port bits
       18 cells
        2   $assume
        5   $cover
        6   $ff
        1   $initstate
        1   $logic_not
        1   $mux
        1   $not
        1   $reduce_or
        1 submodules
        1   huff_ctrl

=== huff_ctrl ===

        +----------Local Count, excluding submodules.
        | 
       92 wires
      157 wire bits
       34 public wires
       48 public wire bits
       28 ports
       33 port bits
       80 cells
        6   $anyinit
        1   $assume
        7   $eq
       12   $logic_and
        5   $logic_not
        3   $logic_or
       39   $mux
        2   $ne
        1   $not
        1   $or
        2   $pmux
        1   $reduce_bool

=== design hierarchy ===

        +----------Count including submodules.
        | 
       98 ctrl_arcs
       80 huff_ctrl

        +----------Count including submodules.
        | 
      131 wires
      201 wire bits
       62 public wires
       81 public wire bits
       47 ports
       52 port bits
        - memories
        - memory bits
        - processes
       98 cells
        6   $anyinit
        3   $assume
        5   $cover
        7   $eq
        6   $ff
        1   $initstate
       12   $logic_and
        6   $logic_not
        3   $logic_or
       40   $mux
        2   $ne
        2   $not
        1   $or
        2   $pmux
        1   $reduce_bool
        1   $reduce_or
        1 submodules
        1   huff_ctrl

6. Executing SMT2 backend.

6.1. Executing BMUXMAP pass.

6.2. Executing DEMUXMAP pass.
Creating SMT-LIBv2 representation of module huff_ctrl.
Creating SMT-LIBv2 representation of module ctrl_arcs.

End of script. Logfile hash: 904f308c40, time: 0.00s, user: 0.00s, system: 0.01s, MEM: 16.93 MB peak
Yosys 0.68+130 (git sha1 dd83bbad2-dirty, Release, Clang /usr/bin/clang++ 21.1.8)
Time spent: 53% 2x write_smt2 (0 sec), 23% 2x read_rtlil (0 sec), ...
