
 /----------------------------------------------------------------------------\
 |  yosys -- Yosys Open SYnthesis Suite                                       |
 |  Copyright (C) 2012 - 2026  Claire Xenia Wolf <claire@yosyshq.com>         |
 |  Distributed under an ISC-like license, type "license" to see terms        |
 \----------------------------------------------------------------------------/
 Yosys 0.68+130 (git sha1 dd83bbad2-dirty, Release, Clang /usr/bin/clang++ 21.1.8)

-- Executing script file `synth/yosys_area.gen.ys' --

1. Executing Verilog-2005 frontend: /home/yuvalk/HWSW/HWSW_Proj/hw/common/rtl/skid_buffer.sv
Parsing SystemVerilog input from `/home/yuvalk/HWSW/HWSW_Proj/hw/common/rtl/skid_buffer.sv' to AST representation.
Generating RTLIL representation for module `\skid_buffer'.
Successfully finished Verilog frontend.

2. Executing HIERARCHY pass (managing design hierarchy).

2.1. Analyzing design hierarchy..
Top module:  \skid_buffer

2.2. Analyzing design hierarchy..
Top module:  \skid_buffer
Removed 0 unused modules.

3. Executing SYNTH pass.

3.1. Executing HIERARCHY pass (managing design hierarchy).

3.1.1. Analyzing design hierarchy..
Top module:  \skid_buffer

3.1.2. Analyzing design hierarchy..
Top module:  \skid_buffer
Removed 0 unused modules.

3.2. Executing PROC pass (convert processes to netlists).

3.2.1. Executing PROC_CLEAN pass (remove empty switches from decision trees).
Cleaned up 0 empty switches.

3.2.2. Executing PROC_RMDEAD pass (remove dead branches from decision trees).
Marked 1 switch rules as full_case in process $proc$/home/yuvalk/HWSW/HWSW_Proj/hw/common/rtl/skid_buffer.sv:61$8 in module skid_buffer.
Marked 4 switch rules as full_case in process $proc$/home/yuvalk/HWSW/HWSW_Proj/hw/common/rtl/skid_buffer.sv:33$2 in module skid_buffer.
Removed a total of 0 dead cases.

3.2.3. Executing PROC_PRUNE pass (remove redundant assignments in processes).
Removed 2 redundant assignments.
Promoted 8 assignments to connections.

3.2.4. Executing PROC_INIT pass (extract init attributes).

3.2.5. Executing PROC_ARST pass (detect async resets in processes).

3.2.6. Executing PROC_ROM pass (convert switches to ROMs).
Converted 0 switches.
<suppressed ~5 debug messages>

3.2.7. Executing PROC_MUX pass (convert decision trees to multiplexers).
Creating decoders for process `\skid_buffer.$proc$/home/yuvalk/HWSW/HWSW_Proj/hw/common/rtl/skid_buffer.sv:71$10'.
Creating decoders for process `\skid_buffer.$proc$/home/yuvalk/HWSW/HWSW_Proj/hw/common/rtl/skid_buffer.sv:61$8'.
     1/2: $0\out_valid[0:0]
     2/2: $0\skid_valid[0:0]
Creating decoders for process `\skid_buffer.$proc$/home/yuvalk/HWSW/HWSW_Proj/hw/common/rtl/skid_buffer.sv:33$2'.
     1/13: $3\skid_data_next[31:0]
     2/13: $4\skid_valid_next[0:0]
     3/13: $3\out_data_next[31:0]
     4/13: $3\out_valid_next[0:0]
     5/13: $2\skid_data_next[31:0]
     6/13: $3\skid_valid_next[0:0]
     7/13: $2\skid_valid_next[0:0]
     8/13: $2\out_data_next[31:0]
     9/13: $2\out_valid_next[0:0]
    10/13: $1\out_data_next[31:0]
    11/13: $1\out_valid_next[0:0]
    12/13: $1\skid_valid_next[0:0]
    13/13: $1\skid_data_next[31:0]

3.2.8. Executing PROC_DLATCH pass (convert process syncs to latches).
No latch inferred for signal `\skid_buffer.\skid_valid_next' from process `\skid_buffer.$proc$/home/yuvalk/HWSW/HWSW_Proj/hw/common/rtl/skid_buffer.sv:33$2'.
No latch inferred for signal `\skid_buffer.\skid_data_next' from process `\skid_buffer.$proc$/home/yuvalk/HWSW/HWSW_Proj/hw/common/rtl/skid_buffer.sv:33$2'.
No latch inferred for signal `\skid_buffer.\out_valid_next' from process `\skid_buffer.$proc$/home/yuvalk/HWSW/HWSW_Proj/hw/common/rtl/skid_buffer.sv:33$2'.
No latch inferred for signal `\skid_buffer.\out_data_next' from process `\skid_buffer.$proc$/home/yuvalk/HWSW/HWSW_Proj/hw/common/rtl/skid_buffer.sv:33$2'.
No latch inferred for signal `\skid_buffer.\in_fire' from process `\skid_buffer.$proc$/home/yuvalk/HWSW/HWSW_Proj/hw/common/rtl/skid_buffer.sv:33$2'.
No latch inferred for signal `\skid_buffer.\out_fire' from process `\skid_buffer.$proc$/home/yuvalk/HWSW/HWSW_Proj/hw/common/rtl/skid_buffer.sv:33$2'.

3.2.9. Executing PROC_DFF pass (convert process syncs to FFs).
Creating register for signal `\skid_buffer.\out_data' using process `\skid_buffer.$proc$/home/yuvalk/HWSW/HWSW_Proj/hw/common/rtl/skid_buffer.sv:71$10'.
  created $dff cell `$procdff$89' with positive edge clock.
Creating register for signal `\skid_buffer.\skid_data' using process `\skid_buffer.$proc$/home/yuvalk/HWSW/HWSW_Proj/hw/common/rtl/skid_buffer.sv:71$10'.
  created $dff cell `$procdff$90' with positive edge clock.
Creating register for signal `\skid_buffer.\out_valid' using process `\skid_buffer.$proc$/home/yuvalk/HWSW/HWSW_Proj/hw/common/rtl/skid_buffer.sv:61$8'.
  created $dff cell `$procdff$91' with positive edge clock.
Creating register for signal `\skid_buffer.\skid_valid' using process `\skid_buffer.$proc$/home/yuvalk/HWSW/HWSW_Proj/hw/common/rtl/skid_buffer.sv:61$8'.
  created $dff cell `$procdff$92' with positive edge clock.

3.2.10. Executing PROC_MEMWR pass (convert process memory writes to cells).

3.2.11. Executing PROC_CLEAN pass (remove empty switches from decision trees).
Removing empty process `skid_buffer.$proc$/home/yuvalk/HWSW/HWSW_Proj/hw/common/rtl/skid_buffer.sv:71$10'.
Found and cleaned up 1 empty switch in `\skid_buffer.$proc$/home/yuvalk/HWSW/HWSW_Proj/hw/common/rtl/skid_buffer.sv:61$8'.
Removing empty process `skid_buffer.$proc$/home/yuvalk/HWSW/HWSW_Proj/hw/common/rtl/skid_buffer.sv:61$8'.
Found and cleaned up 4 empty switches in `\skid_buffer.$proc$/home/yuvalk/HWSW/HWSW_Proj/hw/common/rtl/skid_buffer.sv:33$2'.
Removing empty process `skid_buffer.$proc$/home/yuvalk/HWSW/HWSW_Proj/hw/common/rtl/skid_buffer.sv:33$2'.
Cleaned up 5 empty switches.

3.2.12. Executing OPT_EXPR pass (perform const folding).
Optimizing module skid_buffer.
<suppressed ~2 debug messages>

3.3. Executing CHECK pass (checking for obvious problems).
Checking module skid_buffer...
Found and reported 0 problems.

3.4. Executing FLATTEN pass (flatten design).

3.5. Executing OPT_EXPR pass (perform const folding).
Optimizing module skid_buffer.

3.6. Executing OPT_CLEAN pass (remove unused cells and wires).
Finding unused cells or wires in module \skid_buffer..
Removed 1 unused cells and 57 unused wires.
<suppressed ~2 debug messages>

3.7. Executing CHECK pass (checking for obvious problems).
Checking module skid_buffer...
Found and reported 0 problems.

3.8. Executing OPT pass (performing simple optimizations).

3.8.1. Executing OPT_EXPR pass (perform const folding).
Optimizing module skid_buffer.

3.8.2. Executing OPT_MERGE pass (detect identical cells).
Finding identical cells in module `\skid_buffer'.
Computing hashes of 36 cells of `\skid_buffer'.
Finding duplicate cells in `\skid_buffer'.
Removed a total of 0 cells.

3.8.3. Executing OPT_MUXTREE pass (detect dead branches in mux trees).
Running muxtree optimizer on module \skid_buffer..
  Creating internal representation of mux trees.
  Evaluating internal representation of mux trees.
      Replacing known input bits on port A of cell $procmux$61: \skid_valid -> 1'1
      Replacing known input bits on port B of cell $procmux$54: \skid_valid -> 1'0
      Replacing known input bits on port A of cell $procmux$27: \skid_valid -> 1'0
  Analyzing evaluation results.
    dead port 2/2 on $mux $procmux$75.
    dead port 2/2 on $mux $procmux$69.
    dead port 2/2 on $mux $procmux$63.
    dead port 1/2 on $mux $procmux$57.
    dead port 1/2 on $mux $procmux$51.
    dead port 1/2 on $mux $procmux$45.
    dead port 1/2 on $mux $procmux$39.
    dead port 1/2 on $mux $procmux$33.
    dead port 1/2 on $mux $procmux$30.
    dead port 1/2 on $mux $procmux$24.
    dead port 1/2 on $mux $procmux$21.
Removed 11 multiplexer ports.
<suppressed ~31 debug messages>

3.8.4. Executing OPT_REDUCE pass (consolidate $*mux and $reduce_* inputs).
  Optimizing cells in module \skid_buffer.
Performed a total of 0 changes.

3.8.5. Executing OPT_MERGE pass (detect identical cells).
Finding identical cells in module `\skid_buffer'.
Computing hashes of 25 cells of `\skid_buffer'.
Finding duplicate cells in `\skid_buffer'.
Removed a total of 0 cells.

3.8.6. Executing OPT_DFF pass (perform DFF optimizations).

3.8.7. Executing OPT_CLEAN pass (remove unused cells and wires).
Finding unused cells or wires in module \skid_buffer..
Removed 0 unused cells and 11 unused wires.
<suppressed ~1 debug messages>

3.8.8. Executing OPT_EXPR pass (perform const folding).
Optimizing module skid_buffer.

3.8.9. Rerunning OPT passes. (Maybe there is more to do..)

3.8.10. Executing OPT_MUXTREE pass (detect dead branches in mux trees).
Running muxtree optimizer on module \skid_buffer..
  Creating internal representation of mux trees.
  Evaluating internal representation of mux trees.
  Analyzing evaluation results.
Removed 0 multiplexer ports.
<suppressed ~20 debug messages>

3.8.11. Executing OPT_REDUCE pass (consolidate $*mux and $reduce_* inputs).
  Optimizing cells in module \skid_buffer.
Performed a total of 0 changes.

3.8.12. Executing OPT_MERGE pass (detect identical cells).
Finding identical cells in module `\skid_buffer'.
Computing hashes of 25 cells of `\skid_buffer'.
Finding duplicate cells in `\skid_buffer'.
Removed a total of 0 cells.

3.8.13. Executing OPT_DFF pass (perform DFF optimizations).

3.8.14. Executing OPT_CLEAN pass (remove unused cells and wires).
Finding unused cells or wires in module \skid_buffer..

3.8.15. Executing OPT_EXPR pass (perform const folding).
Optimizing module skid_buffer.

3.8.16. Finished fast OPT passes. (There is nothing left to do.)

3.9. Executing FSM pass (extract and optimize FSM).

3.9.1. Executing FSM_DETECT pass (finding FSMs in design).

3.9.2. Executing FSM_EXTRACT pass (extracting FSM from design).

3.9.3. Executing FSM_OPT pass (simple optimizations of FSMs).

3.9.4. Executing OPT_CLEAN pass (remove unused cells and wires).
Finding unused cells or wires in module \skid_buffer..

3.9.5. Executing FSM_OPT pass (simple optimizations of FSMs).

3.9.6. Executing FSM_RECODE pass (re-assigning FSM state encoding).

3.9.7. Executing FSM_INFO pass (dumping all available information on FSM cells).

3.9.8. Executing FSM_MAP pass (mapping FSMs to basic logic).

3.10. Executing OPT pass (performing simple optimizations).

3.10.1. Executing OPT_EXPR pass (perform const folding).
Optimizing module skid_buffer.

3.10.2. Executing OPT_MERGE pass (detect identical cells).
Finding identical cells in module `\skid_buffer'.
Computing hashes of 25 cells of `\skid_buffer'.
Finding duplicate cells in `\skid_buffer'.
Removed a total of 0 cells.

3.10.3. Executing OPT_MUXTREE pass (detect dead branches in mux trees).
Running muxtree optimizer on module \skid_buffer..
  Creating internal representation of mux trees.
  Evaluating internal representation of mux trees.
  Analyzing evaluation results.
Removed 0 multiplexer ports.
<suppressed ~20 debug messages>

3.10.4. Executing OPT_REDUCE pass (consolidate $*mux and $reduce_* inputs).
  Optimizing cells in module \skid_buffer.
Performed a total of 0 changes.

3.10.5. Executing OPT_MERGE pass (detect identical cells).
Finding identical cells in module `\skid_buffer'.
Computing hashes of 25 cells of `\skid_buffer'.
Finding duplicate cells in `\skid_buffer'.
Removed a total of 0 cells.

3.10.6. Executing OPT_DFF pass (perform DFF optimizations).
Adding SRST signal on $procdff$92 ($dff) from module skid_buffer (D = \skid_valid_next, Q = \skid_valid, rval = 1'0).
Adding EN signal on $procdff$90 ($dff) from module skid_buffer (D = \in_data, Q = \skid_data).
Adding SRST signal on $procdff$91 ($dff) from module skid_buffer (D = \out_valid_next, Q = \out_valid, rval = 1'0).
Adding EN signal on $auto$ff.cc:337:slice$101 ($sdff) from module skid_buffer (D = \out_valid_next, Q = \out_valid).
Adding EN signal on $procdff$89 ($dff) from module skid_buffer (D = \out_data_next, Q = \out_data).

3.10.7. Executing OPT_CLEAN pass (remove unused cells and wires).
Finding unused cells or wires in module \skid_buffer..
Removed 5 unused cells and 5 unused wires.
<suppressed ~7 debug messages>

3.10.8. Executing OPT_EXPR pass (perform const folding).
Optimizing module skid_buffer.
<suppressed ~3 debug messages>

3.10.9. Rerunning OPT passes. (Maybe there is more to do..)

3.10.10. Executing OPT_MUXTREE pass (detect dead branches in mux trees).
Running muxtree optimizer on module \skid_buffer..
  Creating internal representation of mux trees.
  Evaluating internal representation of mux trees.
  Analyzing evaluation results.
Removed 0 multiplexer ports.
<suppressed ~14 debug messages>

3.10.11. Executing OPT_REDUCE pass (consolidate $*mux and $reduce_* inputs).
  Optimizing cells in module \skid_buffer.
Performed a total of 0 changes.

3.10.12. Executing OPT_MERGE pass (detect identical cells).
Finding identical cells in module `\skid_buffer'.
Computing hashes of 30 cells of `\skid_buffer'.
Finding duplicate cells in `\skid_buffer'.
Computing hashes of 27 cells of `\skid_buffer'.
Finding duplicate cells in `\skid_buffer'.
<suppressed ~9 debug messages>
Removed a total of 3 cells.

3.10.13. Executing OPT_DFF pass (perform DFF optimizations).

3.10.14. Executing OPT_CLEAN pass (remove unused cells and wires).
Finding unused cells or wires in module \skid_buffer..
Removed 0 unused cells and 3 unused wires.
<suppressed ~1 debug messages>

3.10.15. Executing OPT_EXPR pass (perform const folding).
Optimizing module skid_buffer.

3.10.16. Rerunning OPT passes. (Maybe there is more to do..)

3.10.17. Executing OPT_MUXTREE pass (detect dead branches in mux trees).
Running muxtree optimizer on module \skid_buffer..
  Creating internal representation of mux trees.
  Evaluating internal representation of mux trees.
  Analyzing evaluation results.
Removed 0 multiplexer ports.
<suppressed ~14 debug messages>

3.10.18. Executing OPT_REDUCE pass (consolidate $*mux and $reduce_* inputs).
  Optimizing cells in module \skid_buffer.
Performed a total of 0 changes.

3.10.19. Executing OPT_MERGE pass (detect identical cells).
Finding identical cells in module `\skid_buffer'.
Computing hashes of 27 cells of `\skid_buffer'.
Finding duplicate cells in `\skid_buffer'.
Removed a total of 0 cells.

3.10.20. Executing OPT_DFF pass (perform DFF optimizations).

3.10.21. Executing OPT_CLEAN pass (remove unused cells and wires).
Finding unused cells or wires in module \skid_buffer..

3.10.22. Executing OPT_EXPR pass (perform const folding).
Optimizing module skid_buffer.

3.10.23. Finished fast OPT passes. (There is nothing left to do.)

3.11. Executing WREDUCE pass (reducing word size of cells).
Removed top 1 bits (of 2) from port B of cell skid_buffer.$auto$opt_dff.cc:351:make_patterns_logic$106 ($ne).

3.12. Executing PEEPOPT pass (run peephole optimizers).

3.13. Executing OPT_CLEAN pass (remove unused cells and wires).
Finding unused cells or wires in module \skid_buffer..

3.14. Executing ALUMACC pass (create $alu and $macc cells).
Extracting $alu and $macc cells in module skid_buffer:
  created 0 $alu and 0 $macc cells.

3.15. Executing SHARE pass (SAT-based resource sharing).

3.16. Executing OPT pass (performing simple optimizations).

3.16.1. Executing OPT_EXPR pass (perform const folding).
Optimizing module skid_buffer.

3.16.2. Executing OPT_MERGE pass (detect identical cells).
Finding identical cells in module `\skid_buffer'.
Computing hashes of 27 cells of `\skid_buffer'.
Finding duplicate cells in `\skid_buffer'.
Removed a total of 0 cells.

3.16.3. Executing OPT_MUXTREE pass (detect dead branches in mux trees).
Running muxtree optimizer on module \skid_buffer..
  Creating internal representation of mux trees.
  Evaluating internal representation of mux trees.
  Analyzing evaluation results.
Removed 0 multiplexer ports.
<suppressed ~14 debug messages>

3.16.4. Executing OPT_REDUCE pass (consolidate $*mux and $reduce_* inputs).
  Optimizing cells in module \skid_buffer.
Performed a total of 0 changes.

3.16.5. Executing OPT_MERGE pass (detect identical cells).
Finding identical cells in module `\skid_buffer'.
Computing hashes of 27 cells of `\skid_buffer'.
Finding duplicate cells in `\skid_buffer'.
Removed a total of 0 cells.

3.16.6. Executing OPT_DFF pass (perform DFF optimizations).

3.16.7. Executing OPT_CLEAN pass (remove unused cells and wires).
Finding unused cells or wires in module \skid_buffer..

3.16.8. Executing OPT_EXPR pass (perform const folding).
Optimizing module skid_buffer.

3.16.9. Finished fast OPT passes. (There is nothing left to do.)

3.17. Executing MEMORY pass.

3.17.1. Executing OPT_MEM pass (optimize memories).
Performed a total of 0 transformations.

3.17.2. Executing OPT_MEM_PRIORITY pass (removing unnecessary memory write priority relations).
Performed a total of 0 transformations.

3.17.3. Executing OPT_MEM_FEEDBACK pass (finding memory read-to-write feedback paths).

3.17.4. Executing MEMORY_BMUX2ROM pass (converting muxes to ROMs).

3.17.5. Executing MEMORY_DFF pass (merging $dff cells to $memrd).

3.17.6. Executing OPT_CLEAN pass (remove unused cells and wires).
Finding unused cells or wires in module \skid_buffer..

3.17.7. Executing MEMORY_SHARE pass (consolidating $memrd/$memwr cells).

3.17.8. Executing OPT_MEM_WIDEN pass (optimize memories where all ports are wide).
Performed a total of 0 transformations.

3.17.9. Executing OPT_CLEAN pass (remove unused cells and wires).
Finding unused cells or wires in module \skid_buffer..

3.17.10. Executing MEMORY_COLLECT pass (generating $mem cells).

3.18. Executing OPT_CLEAN pass (remove unused cells and wires).
Finding unused cells or wires in module \skid_buffer..

3.19. Executing OPT pass (performing simple optimizations).

3.19.1. Executing OPT_EXPR pass (perform const folding).
Optimizing module skid_buffer.
<suppressed ~7 debug messages>

3.19.2. Executing OPT_MERGE pass (detect identical cells).
Finding identical cells in module `\skid_buffer'.
Computing hashes of 21 cells of `\skid_buffer'.
Finding duplicate cells in `\skid_buffer'.
Removed a total of 0 cells.

3.19.3. Executing OPT_DFF pass (perform DFF optimizations).

3.19.4. Executing OPT_CLEAN pass (remove unused cells and wires).
Finding unused cells or wires in module \skid_buffer..
Removed 0 unused cells and 6 unused wires.
<suppressed ~1 debug messages>

3.19.5. Finished fast OPT passes.

3.20. Executing MEMORY_MAP pass (converting memories to logic and flip-flops).

3.21. Executing OPT pass (performing simple optimizations).

3.21.1. Executing OPT_EXPR pass (perform const folding).
Optimizing module skid_buffer.
<suppressed ~1 debug messages>

3.21.2. Executing OPT_MERGE pass (detect identical cells).
Finding identical cells in module `\skid_buffer'.
Computing hashes of 21 cells of `\skid_buffer'.
Finding duplicate cells in `\skid_buffer'.
Removed a total of 0 cells.

3.21.3. Executing OPT_MUXTREE pass (detect dead branches in mux trees).
Running muxtree optimizer on module \skid_buffer..
  Creating internal representation of mux trees.
  Evaluating internal representation of mux trees.
  Analyzing evaluation results.
Removed 0 multiplexer ports.
<suppressed ~5 debug messages>

3.21.4. Executing OPT_REDUCE pass (consolidate $*mux and $reduce_* inputs).
  Optimizing cells in module \skid_buffer.
Performed a total of 0 changes.

3.21.5. Executing OPT_MERGE pass (detect identical cells).
Finding identical cells in module `\skid_buffer'.
Computing hashes of 21 cells of `\skid_buffer'.
Finding duplicate cells in `\skid_buffer'.
Removed a total of 0 cells.

3.21.6. Executing OPT_SHARE pass.

3.21.7. Executing OPT_DFF pass (perform DFF optimizations).

3.21.8. Executing OPT_CLEAN pass (remove unused cells and wires).
Finding unused cells or wires in module \skid_buffer..

3.21.9. Executing OPT_EXPR pass (perform const folding).
Optimizing module skid_buffer.

3.21.10. Finished fast OPT passes. (There is nothing left to do.)

3.22. Executing TECHMAP pass (map to technology primitives).

3.22.1. Executing Verilog-2005 frontend: /home/yuvalk/HWSW/HWSW_Proj/hw/tools/oss-cad-suite/lib/../share/yosys/techmap.v
Parsing Verilog input from `/home/yuvalk/HWSW/HWSW_Proj/hw/tools/oss-cad-suite/lib/../share/yosys/techmap.v' to AST representation.
Generating RTLIL representation for module `\_90_simplemap_bool_ops'.
Generating RTLIL representation for module `\_90_simplemap_reduce_ops'.
Generating RTLIL representation for module `\_90_simplemap_logic_ops'.
Generating RTLIL representation for module `\_90_simplemap_compare_ops'.
Generating RTLIL representation for module `\_90_simplemap_various'.
Generating RTLIL representation for module `\_90_simplemap_registers'.
Generating RTLIL representation for module `\_90_shift_ops_shr_shl_sshl_sshr'.
Generating RTLIL representation for module `\_90_shift_shiftx'.
Generating RTLIL representation for module `\_90_fa'.
Generating RTLIL representation for module `\_90_lcu_brent_kung'.
Generating RTLIL representation for module `\_90_alu'.
Generating RTLIL representation for module `\_90_macc'.
Generating RTLIL representation for module `\_90_alumacc'.
Generating RTLIL representation for module `$__div_mod_u'.
Generating RTLIL representation for module `$__div_mod_trunc'.
Generating RTLIL representation for module `\_90_div'.
Generating RTLIL representation for module `\_90_mod'.
Generating RTLIL representation for module `$__div_mod_floor'.
Generating RTLIL representation for module `\_90_divfloor'.
Generating RTLIL representation for module `\_90_modfloor'.
Generating RTLIL representation for module `\_90_pow'.
Generating RTLIL representation for module `\_90_demux'.
Generating RTLIL representation for module `\_90_lut'.
Generating RTLIL representation for module `$connect'.
Generating RTLIL representation for module `$input_port'.
Successfully finished Verilog frontend.

3.22.2. Continuing TECHMAP pass.
Using extmapper simplemap for cells of type $reduce_and.
Using extmapper simplemap for cells of type $reduce_bool.
Using extmapper simplemap for cells of type $dffe.
Using extmapper simplemap for cells of type $ne.
Using extmapper simplemap for cells of type $sdffe.
Using extmapper simplemap for cells of type $not.
Using extmapper simplemap for cells of type $sdff.
Using extmapper simplemap for cells of type $and.
Using extmapper simplemap for cells of type $logic_not.
Using extmapper simplemap for cells of type $logic_or.
Using extmapper simplemap for cells of type $mux.
Using extmapper simplemap for cells of type $or.
No more expansions possible.
<suppressed ~98 debug messages>

3.23. Executing OPT pass (performing simple optimizations).

3.23.1. Executing OPT_EXPR pass (perform const folding).
Optimizing module skid_buffer.
<suppressed ~2 debug messages>

3.23.2. Executing OPT_MERGE pass (detect identical cells).
Finding identical cells in module `\skid_buffer'.
Computing hashes of 117 cells of `\skid_buffer'.
Finding duplicate cells in `\skid_buffer'.
Computing hashes of 115 cells of `\skid_buffer'.
Finding duplicate cells in `\skid_buffer'.
<suppressed ~6 debug messages>
Removed a total of 2 cells.

3.23.3. Executing OPT_DFF pass (perform DFF optimizations).

3.23.4. Executing OPT_CLEAN pass (remove unused cells and wires).
Finding unused cells or wires in module \skid_buffer..
Removed 0 unused cells and 9 unused wires.
<suppressed ~1 debug messages>

3.23.5. Finished fast OPT passes.

3.24. Executing ABC pass (technology mapping using ABC).

3.24.1. Extracting gate netlist of module `\skid_buffer' to `<abc-temp-dir>/input.blif'..

3.24.1.1. Executed ABC.
Extracted 49 gates and 118 wires to a netlist network with 68 inputs and 38 outputs.
Running ABC script: <abc-temp-dir>/abc.script
ABC: UC Berkeley, ABC 1.01 (compiled Aug 25 2026 02:13:07)
ABC: abc 01> empty
ABC: abc 01> source <abc-temp-dir>/abc.script
ABC: + read_blif <abc-temp-dir>/input.blif 
ABC: + read_library <abc-temp-dir>/stdcells.genlib 
ABC: + strash 
ABC: + &get -n 
ABC: + &fraig -x 
ABC: + &put 
ABC: + scorr 
ABC: Warning: The network is combinational (run "fraig" or "fraig_sweep").
ABC: + dc2 
ABC: + dretime 
ABC: + strash 
ABC: + &get -n 
ABC: + &dch -f 
ABC: + &nf 
ABC: + &put 
ABC: + write_blif <abc-temp-dir>/output.blif 
ABC: 
ABC: YOSYS_ABC_DONE 

3.24.1.2. Re-integrating ABC results.
ABC RESULTS:               AND cells:        3
ABC RESULTS:            ANDNOT cells:        2
ABC RESULTS:               MUX cells:       33
ABC RESULTS:              NAND cells:        1
ABC RESULTS:               NOT cells:        1
ABC RESULTS:                OR cells:        2
ABC RESULTS:        internal signals:       12
ABC RESULTS:           input signals:       68
ABC RESULTS:          output signals:       38
Removing temp directory.
Removing global temp directory.

3.25. Executing OPT pass (performing simple optimizations).

3.25.1. Executing OPT_EXPR pass (perform const folding).
Optimizing module skid_buffer.

3.25.2. Executing OPT_MERGE pass (detect identical cells).
Finding identical cells in module `\skid_buffer'.
Computing hashes of 108 cells of `\skid_buffer'.
Finding duplicate cells in `\skid_buffer'.
Removed a total of 0 cells.

3.25.3. Executing OPT_DFF pass (perform DFF optimizations).

3.25.4. Executing OPT_CLEAN pass (remove unused cells and wires).
Finding unused cells or wires in module \skid_buffer..
Removed 0 unused cells and 117 unused wires.
<suppressed ~3 debug messages>

3.25.5. Finished fast OPT passes.

3.26. Executing HIERARCHY pass (managing design hierarchy).
Attribute `top' found on module `skid_buffer'. Setting top module to skid_buffer.

3.26.1. Analyzing design hierarchy..
Top module:  \skid_buffer

3.26.2. Analyzing design hierarchy..
Top module:  \skid_buffer
Removed 0 unused modules.

3.27. Printing statistics.

=== skid_buffer ===

        +----------Local Count, excluding submodules.
        | 
       20 wires
      144 wire bits
       13 public wires
      137 public wire bits
        8 ports
       70 port bits
      108 cells
        2   $_ANDNOT_
        3   $_AND_
       64   $_DFFE_PP_
       33   $_MUX_
        1   $_NAND_
        1   $_NOT_
        2   $_OR_
        1   $_SDFFE_PN0P_
        1   $_SDFF_PN0_

3.28. Executing CHECK pass (checking for obvious problems).
Checking module skid_buffer...
Found and reported 0 problems.
5. Executing DFFLIBMAP pass (mapping DFF/DLATCH cells to sequential cells from liberty file).
  cell sky130_fd_sc_hd__dfxtp_1 (noninv, pins=3, area=20.02) is a direct match for cell type $_DFF_P_.
  cell sky130_fd_sc_hd__dfrtn_1 (noninv, pins=4, area=25.02) is a direct match for cell type $_DFF_NN0_.
  cell sky130_fd_sc_hd__dfrtp_1 (noninv, pins=4, area=25.02) is a direct match for cell type $_DFF_PN0_.
  cell sky130_fd_sc_hd__dfstp_1 (noninv, pins=4, area=26.28) is a direct match for cell type $_DFF_PN1_.
  cell sky130_fd_sc_hd__edfxtp_1 (noninv, pins=4, area=30.03) is a direct match for cell type $_DFFE_PP_.
  cell sky130_fd_sc_hd__dfbbn_1 (noninv, pins=6, area=32.53) is a direct match for cell type $_DFFSR_NNN_.
  cell sky130_fd_sc_hd__dfbbp_1 (noninv, pins=6, area=32.53) is a direct match for cell type $_DFFSR_PNN_.
  cell sky130_fd_sc_hd__dlxtn_1 (noninv, pins=3, area=15.01) is a direct match for cell type $_DLATCH_N_.
  cell sky130_fd_sc_hd__lpflow_inputisolatch_1 (noninv, pins=3, area=13.76) is a direct match for cell type $_DLATCH_P_.
  cell sky130_fd_sc_hd__dlrtn_1 (noninv, pins=4, area=17.52) is a direct match for cell type $_DLATCH_NN0_.
  cell sky130_fd_sc_hd__dlrtp_1 (noninv, pins=4, area=16.27) is a direct match for cell type $_DLATCH_PN0_.
  final dff/dlatch cell mappings:
    unmapped dff/dlatch cell: $_DFF_N_
    \sky130_fd_sc_hd__dfxtp_1 _DFF_P_ (.CLK( C), .D( D), .Q( Q));
    \sky130_fd_sc_hd__dfrtn_1 _DFF_NN0_ (.CLK_N( C), .D( D), .Q( Q), .RESET_B( R));
    unmapped dff/dlatch cell: $_DFF_NN1_
    unmapped dff/dlatch cell: $_DFF_NP0_
    unmapped dff/dlatch cell: $_DFF_NP1_
    \sky130_fd_sc_hd__dfrtp_1 _DFF_PN0_ (.CLK( C), .D( D), .Q( Q), .RESET_B( R));
    \sky130_fd_sc_hd__dfstp_1 _DFF_PN1_ (.CLK( C), .D( D), .Q( Q), .SET_B( R));
    unmapped dff/dlatch cell: $_DFF_PP0_
    unmapped dff/dlatch cell: $_DFF_PP1_
    unmapped dff/dlatch cell: $_DFFE_NN_
    unmapped dff/dlatch cell: $_DFFE_NP_
    unmapped dff/dlatch cell: $_DFFE_PN_
    \sky130_fd_sc_hd__edfxtp_1 _DFFE_PP_ (.CLK( C), .D( D), .DE( E), .Q( Q));
    \sky130_fd_sc_hd__dfbbn_1 _DFFSR_NNN_ (.CLK_N( C), .D( D), .Q( Q), .Q_N(~Q), .RESET_B( R), .SET_B( S));
    unmapped dff/dlatch cell: $_DFFSR_NNP_
    unmapped dff/dlatch cell: $_DFFSR_NPN_
    unmapped dff/dlatch cell: $_DFFSR_NPP_
    \sky130_fd_sc_hd__dfbbp_1 _DFFSR_PNN_ (.CLK( C), .D( D), .Q( Q), .Q_N(~Q), .RESET_B( R), .SET_B( S));
    unmapped dff/dlatch cell: $_DFFSR_PNP_
    unmapped dff/dlatch cell: $_DFFSR_PPN_
    unmapped dff/dlatch cell: $_DFFSR_PPP_
    \sky130_fd_sc_hd__dlxtn_1 _DLATCH_N_ (.D( D), .GATE_N( E), .Q( Q));
    \sky130_fd_sc_hd__lpflow_inputisolatch_1 _DLATCH_P_ (.D( D), .Q( Q), .SLEEP_B( E));
    \sky130_fd_sc_hd__dlrtn_1 _DLATCH_NN0_ (.D( D), .GATE_N( E), .Q( Q), .RESET_B( R));
    unmapped dff/dlatch cell: $_DLATCH_NN1_
    unmapped dff/dlatch cell: $_DLATCH_NP0_
    unmapped dff/dlatch cell: $_DLATCH_NP1_
    \sky130_fd_sc_hd__dlrtp_1 _DLATCH_PN0_ (.D( D), .GATE( E), .Q( Q), .RESET_B( R));
    unmapped dff/dlatch cell: $_DLATCH_PN1_
    unmapped dff/dlatch cell: $_DLATCH_PP0_
    unmapped dff/dlatch cell: $_DLATCH_PP1_
    unmapped dff/dlatch cell: $_DLATCHSR_NNN_
    unmapped dff/dlatch cell: $_DLATCHSR_NNP_
    unmapped dff/dlatch cell: $_DLATCHSR_NPN_
    unmapped dff/dlatch cell: $_DLATCHSR_NPP_
    unmapped dff/dlatch cell: $_DLATCHSR_PNN_
    unmapped dff/dlatch cell: $_DLATCHSR_PNP_
    unmapped dff/dlatch cell: $_DLATCHSR_PPN_
    unmapped dff/dlatch cell: $_DLATCHSR_PPP_

5.1. Executing DFFLEGALIZE pass (convert FFs and LATCHes to types supported by the target).
<suppressed ~24 debug messages>
Mapping DFF/DLATCH cells in module `\skid_buffer':
  mapped 64 $_DFFE_PP_ cells to \sky130_fd_sc_hd__edfxtp_1 cells.
  mapped 2 $_DFF_P_ cells to \sky130_fd_sc_hd__dfxtp_1 cells.

6. Executing ABC pass (technology mapping using ABC).

6.1. Extracting gate netlist of module `\skid_buffer' to `<abc-temp-dir>/input.blif'..
ABC: using cached merged SCL: /tmp/yosys-liberty-scl-cache/yosys_merged_042222ee.scl (1 files)

6.1.1. Executed ABC.
Extracted 45 gates and 115 wires to a netlist network with 69 inputs and 37 outputs.
Running ABC script: <abc-temp-dir>/abc.script
ABC: UC Berkeley, ABC 1.01 (compiled Aug 25 2026 02:13:07)
ABC: abc 01> empty
ABC: abc 01> source <abc-temp-dir>/abc.script
ABC: + read_blif <abc-temp-dir>/input.blif 
ABC: + read_scl /tmp/yosys-liberty-scl-cache/yosys_merged_042222ee.scl 
ABC: Warning: Detected 9 multi-output cells (for example, "sky130_fd_sc_hd__fa_1").
ABC: + strash 
ABC: + &get -n 
ABC: + &fraig -x 
ABC: + &put 
ABC: + scorr 
ABC: Warning: The network is combinational (run "fraig" or "fraig_sweep").
ABC: + dc2 
ABC: + dretime 
ABC: + strash 
ABC: + &get -n 
ABC: + &dch -f 
ABC: + &nf 
ABC: + &put 
ABC: + write_blif <abc-temp-dir>/output.blif 
ABC: 
ABC: YOSYS_ABC_DONE 

6.1.2. Re-integrating ABC results.
ABC RESULTS:   sky130_fd_sc_hd__a21boi_0 cells:        2
ABC RESULTS:   sky130_fd_sc_hd__clkinv_1 cells:        1
ABC RESULTS:   sky130_fd_sc_hd__lpflow_isobufsrc_1 cells:        1
ABC RESULTS:   sky130_fd_sc_hd__mux2_1 cells:       32
ABC RESULTS:   sky130_fd_sc_hd__mux2i_1 cells:        1
ABC RESULTS:   sky130_fd_sc_hd__nand2b_1 cells:        1
ABC RESULTS:   sky130_fd_sc_hd__nor4bb_1 cells:        1
ABC RESULTS:   sky130_fd_sc_hd__o21a_1 cells:        1
ABC RESULTS:        internal signals:        9
ABC RESULTS:           input signals:       69
ABC RESULTS:          output signals:       37
Removing temp directory.
Removing global temp directory.

7. Executing OPT_CLEAN pass (remove unused cells and wires).
Finding unused cells or wires in module \skid_buffer..
Removed 0 unused cells and 114 unused wires.
<suppressed ~3 debug messages>
9. Executing JSON backend.

End of script. Logfile hash: 1280918b11, time: 0.19s, user: 0.08s, system: 0.03s, MEM: 47.38 MB peak
Yosys 0.68+130 (git sha1 dd83bbad2-dirty, Release, Clang /usr/bin/clang++ 21.1.8)
Time spent: 43% 2x abc (0 sec), 24% 1x dfflibmap (0 sec), ...
