note: nbody has no Cargo.lock; building without --locked
== building nbody for Python 3.10.12 -> /home/ubuntu/vmverify/rust/nbody/target/wheels/20260921_062636
    Updating crates.io index
     Locking 20 packages to latest compatible versions
      Adding pyo3 v0.22.6 (available: v0.29.2)
 Downloading crates ...
  Downloaded unicode-ident v1.0.26
  Downloaded cfg-if v1.0.5
🐍 Found CPython 3.10 at /home/ubuntu/vmverify_venv/bin/python3
🔗 Found pyo3 bindings
📡 Using build options features from pyproject.toml
   Compiling target-lexicon v0.12.16
   Compiling once_cell v1.21.4
   Compiling proc-macro2 v1.0.107
   Compiling unicode-ident v1.0.26
   Compiling quote v1.0.47
   Compiling autocfg v1.5.1
   Compiling libc v0.2.189
   Compiling heck v0.5.0
   Compiling unindent v0.2.4
   Compiling indoc v2.0.7
   Compiling cfg-if v1.0.5
   Compiling memoffset v0.9.1
   Compiling pyo3-build-config v0.22.6
   Compiling syn v2.0.119
   Compiling pyo3-macros-backend v0.22.6
   Compiling pyo3-ffi v0.22.6
   Compiling pyo3 v0.22.6
   Compiling pyo3-macros v0.22.6
   Compiling nbody_rs v0.1.0 (/home/ubuntu/vmverify/rust/nbody)
    Finished `release` profile [optimized + debuginfo] target(s) in 21.40s
📦 Built wheel for CPython 3.10 to /home/ubuntu/vmverify/rust/nbody/target/wheels/20260921_062636/nbody_rs-0.1.0-cp310-cp310-manylinux_2_34_x86_64.whl
== built  /home/ubuntu/vmverify/rust/nbody/target/wheels/20260921_062636/nbody_rs-0.1.0-cp310-cp310-manylinux_2_34_x86_64.whl
   sha256 5476bb586d76fd44e0dcd97eaa783099fef78e8143777d1822f6119213e7113e
== installing: python3 -m pip install --force-reinstall --no-deps /home/ubuntu/vmverify/rust/nbody/target/wheels/20260921_062636/nbody_rs-0.1.0-cp310-cp310-manylinux_2_34_x86_64.whl
Processing ./rust/nbody/target/wheels/20260921_062636/nbody_rs-0.1.0-cp310-cp310-manylinux_2_34_x86_64.whl
Installing collected packages: nbody-rs
Successfully installed nbody-rs-0.1.0
== imported nbody_rs extension from /home/ubuntu/vmverify_venv/lib/python3.10/site-packages/nbody_rs/nbody_rs.cpython-310-x86_64-linux-gnu.so
   sha256 ab0708390e47ccd351e935de15f7dc179638b92dd11ce79c7e5b866e15820a1f (matches the wheel just built)
   rustc  rustc 1.98.0 (88d9e12ae 2026-08-18)
== provenance written to /home/ubuntu/vmverify/out/wheel_nbody.json
