
 /----------------------------------------------------------------------------\
 |  yosys -- Yosys Open SYnthesis Suite                                       |
 |  Copyright (C) 2012 - 2026  Claire Xenia Wolf <claire@yosyshq.com>         |
 |  Distributed under an ISC-like license, type "license" to see terms        |
 \----------------------------------------------------------------------------/
 Yosys 0.68+130 (git sha1 dd83bbad2-dirty, Release, Clang /usr/bin/clang++ 21.1.8)

-- Executing script file `design_smt2.ys' --

1. Executing RTLIL frontend.
Input filename: design_prep.il

2. Executing HIERARCHY pass (managing design hierarchy).
Attribute `top' found on module `fsm_arcs'. Setting top module to fsm_arcs.

2.1. Analyzing design hierarchy..
Top module:  \fsm_arcs
Used module:     \grape_step_fsm

2.2. Analyzing design hierarchy..
Top module:  \fsm_arcs
Used module:     \grape_step_fsm
Removed 0 unused modules.
Module fsm_arcs directly or indirectly contains formal properties -> setting "keep" attribute.

3. Executing FORMALFF pass.

4. Executing DFFUNMAP pass (unmap clock enable and synchronous reset from FFs).

5. Printing statistics.

=== fsm_arcs ===

        +----------Local Count, excluding submodules.
        | 
      101 wires
      271 wire bits
       19 public wires
      179 public wire bits
        6 ports
       37 port bits
       97 cells
        3   $anyinit
        8   $assert
        2   $assume
       10   $eq
       16   $ff
        1   $initstate
       21   $logic_and
        9   $logic_not
        4   $logic_or
       21   $mux
        1   $ne
        1   $not
        1 submodules
        1   grape_step_fsm

=== grape_step_fsm ===

        +----------Local Count, excluding submodules.
        | 
       50 wires
      661 wire bits
       22 public wires
      339 public wire bits
       14 ports
      139 port bits
       43 cells
        2   $add
        4   $anyinit
        1   $assume
        6   $eq
        1   $logic_and
        2   $logic_not
        1   $logic_or
       18   $mux
        1   $ne
        1   $not
        4   $pmux
        1   $reduce_bool
        1   $reduce_or

=== design hierarchy ===

        +----------Count including submodules.
        | 
      140 fsm_arcs
       43 grape_step_fsm

        +----------Count including submodules.
        | 
      151 wires
      932 wire bits
       41 public wires
      518 public wire bits
       20 ports
      176 port bits
        - memories
        - memory bits
        - processes
      140 cells
        2   $add
        7   $anyinit
        8   $assert
        3   $assume
       16   $eq
       16   $ff
        1   $initstate
       22   $logic_and
       11   $logic_not
        5   $logic_or
       39   $mux
        2   $ne
        2   $not
        4   $pmux
        1   $reduce_bool
        1   $reduce_or
        1 submodules
        1   grape_step_fsm

6. Executing SMT2 backend.

6.1. Executing BMUXMAP pass.

6.2. Executing DEMUXMAP pass.
Creating SMT-LIBv2 representation of module grape_step_fsm.
Creating SMT-LIBv2 representation of module fsm_arcs.

End of script. Logfile hash: df3d99fa23, time: 0.01s, user: 0.01s, system: 0.00s, MEM: 16.44 MB peak
Yosys 0.68+130 (git sha1 dd83bbad2-dirty, Release, Clang /usr/bin/clang++ 21.1.8)
Time spent: 69% 2x write_smt2 (0 sec), 14% 2x read_rtlil (0 sec), ...
