
===========================================================================
 report_power
============================================================================
======================= nom_tt_025C_1v80 Corner ===================================

Group                    Internal    Switching      Leakage        Total
                            Power        Power        Power        Power (Watts)
------------------------------------------------------------------------
Sequential           6.757860e-03 7.570050e-05 2.928144e-08 6.833590e-03  49.9%
Combinational        2.019361e-04 2.905180e-04 1.041324e-07 4.925582e-04   3.6%
Clock                3.517648e-03 2.850965e-03 8.284499e-09 6.368621e-03  46.5%
Macro                0.000000e+00 0.000000e+00 0.000000e+00 0.000000e+00   0.0%
Pad                  0.000000e+00 0.000000e+00 0.000000e+00 0.000000e+00   0.0%
------------------------------------------------------------------------
Total                1.047746e-02 3.217183e-03 1.416952e-07 1.369479e-02 100.0%
                            76.5%        23.5%         0.0%
Writing metric power__internal__total: 0.010477461852133274
Writing metric power__switching__total: 0.003217182820662856
Writing metric power__leakage__total: 1.4169521023177367e-7
Writing metric power__total: 0.013694786466658115

