
===========================================================================
 report_power
============================================================================
======================= nom_tt_025C_1v80 Corner ===================================

Group                    Internal    Switching      Leakage        Total
                            Power        Power        Power        Power (Watts)
------------------------------------------------------------------------
Sequential           5.002196e-03 5.643731e-05 2.928444e-08 5.058663e-03  49.7%
Combinational        1.511686e-04 2.201094e-04 1.051065e-07 3.713831e-04   3.7%
Clock                2.590409e-03 2.153563e-03 8.359303e-09 4.743980e-03  46.6%
Macro                0.000000e+00 0.000000e+00 0.000000e+00 0.000000e+00   0.0%
Pad                  0.000000e+00 0.000000e+00 0.000000e+00 0.000000e+00   0.0%
------------------------------------------------------------------------
Total                7.743710e-03 2.430110e-03 1.427474e-07 1.017396e-02 100.0%
                            76.1%        23.9%         0.0%
Writing metric power__internal__total: 0.007743710186332464
Writing metric power__switching__total: 0.0024301097728312016
Writing metric power__leakage__total: 1.427474387583061e-7
Writing metric power__total: 0.010173962451517582

