
===========================================================================
report_checks -unconstrained
===========================================================================
======================= nom_tt_025C_1v80 Corner ===================================

Startpoint: u_ctrl._238_ (rising edge-triggered flip-flop clocked by clk)
Endpoint: u_list._22678_ (rising edge-triggered flip-flop clocked by clk)
Path Group: clk
Path Type: max

Fanout         Cap        Slew       Delay        Time   Description
---------------------------------------------------------------------------------------------
                                  0.000000    0.000000   clock clk (rise edge)
                                  0.000000    0.000000   clock source latency
     1    0.073805    0.333956    0.240129    0.240129 ^ clk (in)
                                                         clk (net)
                      0.334888    0.000000    0.240129 ^ clkbuf_0_clk/A (sky130_fd_sc_hd__clkbuf_16)
     4    0.087181    0.106253    0.263143    0.503272 ^ clkbuf_0_clk/X (sky130_fd_sc_hd__clkbuf_16)
                                                         clknet_0_clk (net)
                      0.106335    0.002753    0.506025 ^ clkbuf_2_3_0_clk/A (sky130_fd_sc_hd__clkbuf_8)
    16    0.152807    0.264316    0.308285    0.814310 ^ clkbuf_2_3_0_clk/X (sky130_fd_sc_hd__clkbuf_8)
                                                         clknet_2_3_0_clk (net)
                      0.264331    0.001684    0.815994 ^ clkbuf_6_57_0_clk/A (sky130_fd_sc_hd__clkbuf_8)
    11    0.074140    0.136210    0.271961    1.087955 ^ clkbuf_6_57_0_clk/X (sky130_fd_sc_hd__clkbuf_8)
                                                         clknet_6_57_0_clk (net)
                      0.136210    0.000347    1.088302 ^ clkbuf_leaf_264_clk/A (sky130_fd_sc_hd__clkbuf_8)
    17    0.042304    0.085765    0.192675    1.280977 ^ clkbuf_leaf_264_clk/X (sky130_fd_sc_hd__clkbuf_8)
                                                         clknet_leaf_264_clk (net)
                      0.085765    0.000130    1.281107 ^ u_ctrl._238_/CLK (sky130_fd_sc_hd__dfxtp_1)
     7    0.016463    0.083627    0.357860    1.638967 v u_ctrl._238_/Q (sky130_fd_sc_hd__dfxtp_1)
                                                         u_ctrl.state_q[0] (net)
                      0.083627    0.000025    1.638991 v u_ctrl._172_/B (sky130_fd_sc_hd__nor2_1)
     3    0.006537    0.141073    0.142094    1.781086 ^ u_ctrl._172_/Y (sky130_fd_sc_hd__nor2_1)
                                                         u_ctrl._045_ (net)
                      0.141073    0.000004    1.781089 ^ u_ctrl._176_/B (sky130_fd_sc_hd__and2_2)
     2    0.020820    0.118327    0.225289    2.006379 ^ u_ctrl._176_/X (sky130_fd_sc_hd__and2_2)
                                                         init_start (net)
                      0.118331    0.000985    2.007364 ^ fanout2459/A (sky130_fd_sc_hd__buf_2)
     5    0.028476    0.143589    0.205604    2.212967 ^ fanout2459/X (sky130_fd_sc_hd__buf_2)
                                                         net2459 (net)
                      0.143596    0.001195    2.214162 ^ fanout2436/A (sky130_fd_sc_hd__clkbuf_2)
     5    0.020906    0.119676    0.192323    2.406486 ^ fanout2436/X (sky130_fd_sc_hd__clkbuf_2)
                                                         net2436 (net)
                      0.119676    0.000420    2.406905 ^ fanout2432/A (sky130_fd_sc_hd__clkbuf_4)
    10    0.038818    0.125206    0.222212    2.629117 ^ fanout2432/X (sky130_fd_sc_hd__clkbuf_4)
                                                         net2432 (net)
                      0.125208    0.000687    2.629804 ^ u_list._14239_/S (sky130_fd_sc_hd__mux2_1)
     4    0.012800    0.103891    0.391820    3.021624 v u_list._14239_/X (sky130_fd_sc_hd__mux2_1)
                                                         u_list._09433_ (net)
                      0.103891    0.000037    3.021661 v u_list._14240_/A (sky130_fd_sc_hd__inv_2)
     1    0.003251    0.035668    0.062206    3.083866 ^ u_list._14240_/Y (sky130_fd_sc_hd__inv_2)
                                                         u_list._09434_ (net)
                      0.035668    0.000014    3.083880 ^ u_list._14790_/A1 (sky130_fd_sc_hd__a21oi_1)
     1    0.003123    0.041422    0.052535    3.136415 v u_list._14790_/Y (sky130_fd_sc_hd__a21oi_1)
                                                         u_list._09984_ (net)
                      0.041422    0.000014    3.136429 v u_list._14791_/A2 (sky130_fd_sc_hd__o21ba_1)
     1    0.004704    0.043741    0.171649    3.308078 v u_list._14791_/X (sky130_fd_sc_hd__o21ba_1)
                                                         u_list._09985_ (net)
                      0.043741    0.000039    3.308117 v u_list._14792_/A2 (sky130_fd_sc_hd__o21ba_1)
     1    0.002939    0.037224    0.162817    3.470933 v u_list._14792_/X (sky130_fd_sc_hd__o21ba_1)
                                                         u_list._09986_ (net)
                      0.037224    0.000007    3.470941 v u_list._14793_/A2 (sky130_fd_sc_hd__o21ba_1)
     1    0.002916    0.037098    0.160348    3.631289 v u_list._14793_/X (sky130_fd_sc_hd__o21ba_1)
                                                         u_list._09987_ (net)
                      0.037098    0.000010    3.631299 v u_list._14794_/A2 (sky130_fd_sc_hd__o21ba_1)
     1    0.002481    0.034879    0.157376    3.788674 v u_list._14794_/X (sky130_fd_sc_hd__o21ba_1)
                                                         u_list._09988_ (net)
                      0.034879    0.000004    3.788678 v u_list._14795_/A2 (sky130_fd_sc_hd__o21ba_1)
     1    0.002907    0.035787    0.159452    3.948130 v u_list._14795_/X (sky130_fd_sc_hd__o21ba_1)
                                                         u_list._09989_ (net)
                      0.035787    0.000012    3.948142 v u_list._14796_/A2 (sky130_fd_sc_hd__o21ba_1)
     1    0.017261    0.098719    0.223299    4.171440 v u_list._14796_/X (sky130_fd_sc_hd__o21ba_1)
                                                         u_list._09990_ (net)
                      0.098727    0.000989    4.172429 v u_list._14797_/A2 (sky130_fd_sc_hd__o21ba_1)
     1    0.003560    0.038796    0.188430    4.360859 v u_list._14797_/X (sky130_fd_sc_hd__o21ba_1)
                                                         u_list._09991_ (net)
                      0.038796    0.000026    4.360885 v u_list._14798_/A2 (sky130_fd_sc_hd__o21ba_1)
     1    0.003239    0.037504    0.163072    4.523956 v u_list._14798_/X (sky130_fd_sc_hd__o21ba_1)
                                                         u_list._09992_ (net)
                      0.037504    0.000014    4.523971 v u_list._14799_/A2 (sky130_fd_sc_hd__o21ba_1)
     1    0.003029    0.036413    0.161204    4.685175 v u_list._14799_/X (sky130_fd_sc_hd__o21ba_1)
                                                         u_list._09993_ (net)
                      0.036413    0.000012    4.685186 v u_list._14800_/A2 (sky130_fd_sc_hd__o21ba_1)
     1    0.003301    0.037826    0.162647    4.847834 v u_list._14800_/X (sky130_fd_sc_hd__o21ba_1)
                                                         u_list._09994_ (net)
                      0.037826    0.000016    4.847850 v u_list._14801_/A2 (sky130_fd_sc_hd__o21ba_1)
     1    0.003459    0.038575    0.164102    5.011952 v u_list._14801_/X (sky130_fd_sc_hd__o21ba_1)
                                                         u_list._09995_ (net)
                      0.038575    0.000021    5.011973 v u_list._14802_/A2 (sky130_fd_sc_hd__o21ba_1)
     1    0.002571    0.035335    0.158502    5.170475 v u_list._14802_/X (sky130_fd_sc_hd__o21ba_1)
                                                         u_list._09996_ (net)
                      0.035335    0.000004    5.170480 v u_list._14803_/A2 (sky130_fd_sc_hd__o21ba_1)
     1    0.003148    0.037023    0.161234    5.331714 v u_list._14803_/X (sky130_fd_sc_hd__o21ba_1)
                                                         u_list._09997_ (net)
                      0.037023    0.000013    5.331727 v u_list._14804_/A2 (sky130_fd_sc_hd__o21ba_1)
     1    0.017026    0.097654    0.222820    5.554546 v u_list._14804_/X (sky130_fd_sc_hd__o21ba_1)
                                                         u_list._09998_ (net)
                      0.097661    0.000963    5.555509 v u_list._14805_/A2 (sky130_fd_sc_hd__o21ba_1)
     1    0.002676    0.035726    0.182347    5.737856 v u_list._14805_/X (sky130_fd_sc_hd__o21ba_1)
                                                         u_list._09999_ (net)
                      0.035726    0.000005    5.737861 v u_list._14806_/A2 (sky130_fd_sc_hd__o21ba_1)
     1    0.003454    0.038549    0.163336    5.901196 v u_list._14806_/X (sky130_fd_sc_hd__o21ba_1)
                                                         u_list._10000_ (net)
                      0.038549    0.000014    5.901211 v u_list._14807_/A2 (sky130_fd_sc_hd__o21ba_1)
     1    0.003306    0.037859    0.163439    6.064650 v u_list._14807_/X (sky130_fd_sc_hd__o21ba_1)
                                                         u_list._10001_ (net)
                      0.037859    0.000015    6.064665 v u_list._14808_/A2 (sky130_fd_sc_hd__o21ba_1)
     1    0.006129    0.050223    0.177566    6.242232 v u_list._14808_/X (sky130_fd_sc_hd__o21ba_1)
                                                         u_list._10002_ (net)
                      0.050223    0.000072    6.242304 v u_list._14809_/A2 (sky130_fd_sc_hd__o21ba_1)
     1    0.002424    0.034573    0.161652    6.403956 v u_list._14809_/X (sky130_fd_sc_hd__o21ba_1)
                                                         u_list._10003_ (net)
                      0.034573    0.000002    6.403957 v u_list._14810_/A2 (sky130_fd_sc_hd__o21ba_1)
     1    0.002837    0.036693    0.158874    6.562832 v u_list._14810_/X (sky130_fd_sc_hd__o21ba_1)
                                                         u_list._10004_ (net)
                      0.036693    0.000009    6.562840 v u_list._14811_/A2 (sky130_fd_sc_hd__o21ba_1)
     1    0.002685    0.035920    0.158605    6.721446 v u_list._14811_/X (sky130_fd_sc_hd__o21ba_1)
                                                         u_list._10005_ (net)
                      0.035920    0.000006    6.721452 v u_list._14812_/A2 (sky130_fd_sc_hd__o21ba_1)
     1    0.016633    0.095879    0.220906    6.942358 v u_list._14812_/X (sky130_fd_sc_hd__o21ba_1)
                                                         u_list._10006_ (net)
                      0.095886    0.000922    6.943279 v u_list._14813_/A2 (sky130_fd_sc_hd__o21ba_1)
     1    0.002848    0.036598    0.182781    7.126060 v u_list._14813_/X (sky130_fd_sc_hd__o21ba_1)
                                                         u_list._10007_ (net)
                      0.036598    0.000008    7.126069 v u_list._14814_/A2 (sky130_fd_sc_hd__o21ba_1)
     1    0.003046    0.037759    0.160999    7.287067 v u_list._14814_/X (sky130_fd_sc_hd__o21ba_1)
                                                         u_list._10008_ (net)
                      0.037759    0.000010    7.287078 v u_list._14815_/A2 (sky130_fd_sc_hd__o21ba_1)
     1    0.004150    0.041369    0.167565    7.454642 v u_list._14815_/X (sky130_fd_sc_hd__o21ba_1)
                                                         u_list._10009_ (net)
                      0.041369    0.000027    7.454669 v u_list._14816_/A2 (sky130_fd_sc_hd__o21ba_1)
     1    0.002871    0.036870    0.161514    7.616183 v u_list._14816_/X (sky130_fd_sc_hd__o21ba_1)
                                                         u_list._10010_ (net)
                      0.036870    0.000010    7.616193 v u_list._14817_/A2 (sky130_fd_sc_hd__o21ba_1)
     1    0.002966    0.037356    0.160562    7.776755 v u_list._14817_/X (sky130_fd_sc_hd__o21ba_1)
                                                         u_list._10011_ (net)
                      0.037356    0.000009    7.776764 v u_list._14818_/A2 (sky130_fd_sc_hd__o21ba_1)
     1    0.002606    0.035515    0.158307    7.935071 v u_list._14818_/X (sky130_fd_sc_hd__o21ba_1)
                                                         u_list._10012_ (net)
                      0.035515    0.000004    7.935076 v u_list._14819_/A2 (sky130_fd_sc_hd__o21ba_1)
     1    0.002966    0.037354    0.160082    8.095158 v u_list._14819_/X (sky130_fd_sc_hd__o21ba_1)
                                                         u_list._10013_ (net)
                      0.037354    0.000009    8.095166 v u_list._14820_/A2 (sky130_fd_sc_hd__o21ba_1)
     1    0.012954    0.079383    0.207097    8.302264 v u_list._14820_/X (sky130_fd_sc_hd__o21ba_1)
                                                         u_list._10014_ (net)
                      0.079385    0.000545    8.302810 v u_list._14821_/A2 (sky130_fd_sc_hd__o21ba_1)
     1    0.002385    0.034290    0.173013    8.475822 v u_list._14821_/X (sky130_fd_sc_hd__o21ba_1)
                                                         u_list._10015_ (net)
                      0.034290    0.000000    8.475823 v u_list._14822_/A2 (sky130_fd_sc_hd__o21ba_1)
     1    0.002862    0.036822    0.158946    8.634768 v u_list._14822_/X (sky130_fd_sc_hd__o21ba_1)
                                                         u_list._10016_ (net)
                      0.036822    0.000009    8.634778 v u_list._14823_/A2 (sky130_fd_sc_hd__o21ba_1)
     1    0.004942    0.044784    0.171224    8.806002 v u_list._14823_/X (sky130_fd_sc_hd__o21ba_1)
                                                         u_list._10017_ (net)
                      0.044784    0.000042    8.806044 v u_list._14824_/A2 (sky130_fd_sc_hd__o21ba_1)
     1    0.003873    0.040243    0.168657    8.974700 v u_list._14824_/X (sky130_fd_sc_hd__o21ba_1)
                                                         u_list._10018_ (net)
                      0.040243    0.000022    8.974723 v u_list._14825_/A2 (sky130_fd_sc_hd__o21ba_1)
     1    0.002479    0.034863    0.158475    9.133198 v u_list._14825_/X (sky130_fd_sc_hd__o21ba_1)
                                                         u_list._10019_ (net)
                      0.034863    0.000004    9.133201 v u_list._14826_/A2 (sky130_fd_sc_hd__o21ba_1)
     1    0.002723    0.036114    0.158211    9.291412 v u_list._14826_/X (sky130_fd_sc_hd__o21ba_1)
                                                         u_list._10020_ (net)
                      0.036114    0.000006    9.291419 v u_list._14827_/A2 (sky130_fd_sc_hd__o21ba_1)
     1    0.002685    0.035920    0.158400    9.449818 v u_list._14827_/X (sky130_fd_sc_hd__o21ba_1)
                                                         u_list._10021_ (net)
                      0.035920    0.000005    9.449823 v u_list._14828_/A2 (sky130_fd_sc_hd__o21ba_1)
     1    0.007510    0.056892    0.183803    9.633627 v u_list._14828_/X (sky130_fd_sc_hd__o21ba_1)
                                                         u_list._10022_ (net)
                      0.056892    0.000175    9.633801 v u_list._14829_/A2 (sky130_fd_sc_hd__o21ba_1)
     1    0.003001    0.036277    0.168075    9.801877 v u_list._14829_/X (sky130_fd_sc_hd__o21ba_1)
                                                         u_list._10023_ (net)
                      0.036277    0.000011    9.801888 v u_list._14830_/A2 (sky130_fd_sc_hd__o21ba_1)
     1    0.002768    0.036346    0.159019    9.960907 v u_list._14830_/X (sky130_fd_sc_hd__o21ba_1)
                                                         u_list._10024_ (net)
                      0.036346    0.000007    9.960915 v u_list._14831_/A2 (sky130_fd_sc_hd__o21ba_1)
     1    0.004087    0.041105    0.166748   10.127663 v u_list._14831_/X (sky130_fd_sc_hd__o21ba_1)
                                                         u_list._10025_ (net)
                      0.041105    0.000024   10.127687 v u_list._14832_/A2 (sky130_fd_sc_hd__o21ba_1)
     1    0.006763    0.053231    0.181897   10.309584 v u_list._14832_/X (sky130_fd_sc_hd__o21ba_1)
                                                         u_list._10026_ (net)
                      0.053231    0.000089   10.309672 v u_list._14833_/A2 (sky130_fd_sc_hd__o21ba_1)
     1    0.002606    0.035507    0.163944   10.473616 v u_list._14833_/X (sky130_fd_sc_hd__o21ba_1)
                                                         u_list._10027_ (net)
                      0.035507    0.000004   10.473620 v u_list._14834_/A2 (sky130_fd_sc_hd__o21ba_1)
     1    0.002842    0.036718    0.159239   10.632859 v u_list._14834_/X (sky130_fd_sc_hd__o21ba_1)
                                                         u_list._10028_ (net)
                      0.036718    0.000008   10.632867 v u_list._14835_/A2 (sky130_fd_sc_hd__o21ba_1)
     1    0.003064    0.036590    0.161157   10.794024 v u_list._14835_/X (sky130_fd_sc_hd__o21ba_1)
                                                         u_list._10029_ (net)
                      0.036590    0.000013   10.794038 v u_list._14836_/A2 (sky130_fd_sc_hd__o21ba_1)
     1    0.005790    0.048645    0.175397   10.969435 v u_list._14836_/X (sky130_fd_sc_hd__o21ba_1)
                                                         u_list._10030_ (net)
                      0.048645    0.000095   10.969529 v u_list._14837_/A2 (sky130_fd_sc_hd__o21ba_1)
     1    0.003454    0.038592    0.167916   11.137446 v u_list._14837_/X (sky130_fd_sc_hd__o21ba_1)
                                                         u_list._10031_ (net)
                      0.038592    0.000014   11.137460 v u_list._14838_/A2 (sky130_fd_sc_hd__o21ba_1)
     1    0.003028    0.036412    0.161585   11.299045 v u_list._14838_/X (sky130_fd_sc_hd__o21ba_1)
                                                         u_list._10032_ (net)
                      0.036412    0.000013   11.299058 v u_list._14839_/A2 (sky130_fd_sc_hd__o21ba_1)
     1    0.003226    0.037434    0.162143   11.461202 v u_list._14839_/X (sky130_fd_sc_hd__o21ba_1)
                                                         u_list._10033_ (net)
                      0.037434    0.000016   11.461217 v u_list._14840_/A2 (sky130_fd_sc_hd__o21ba_1)
     1    0.009998    0.066446    0.195620   11.656837 v u_list._14840_/X (sky130_fd_sc_hd__o21ba_1)
                                                         u_list._10034_ (net)
                      0.066446    0.000207   11.657044 v u_list._14841_/A2 (sky130_fd_sc_hd__o21ba_1)
     1    0.003065    0.036572    0.172363   11.829407 v u_list._14841_/X (sky130_fd_sc_hd__o21ba_1)
                                                         u_list._10035_ (net)
                      0.036572    0.000013   11.829420 v u_list._14842_/A2 (sky130_fd_sc_hd__o21ba_1)
     1    0.002498    0.034964    0.157300   11.986720 v u_list._14842_/X (sky130_fd_sc_hd__o21ba_1)
                                                         u_list._10036_ (net)
                      0.034964    0.000003   11.986723 v u_list._14843_/A2 (sky130_fd_sc_hd__o21ba_1)
     1    0.002899    0.035748    0.159430   12.146152 v u_list._14843_/X (sky130_fd_sc_hd__o21ba_1)
                                                         u_list._10037_ (net)
                      0.035748    0.000011   12.146164 v u_list._14844_/A2 (sky130_fd_sc_hd__o21ba_1)
     1    0.009659    0.065011    0.193668   12.339831 v u_list._14844_/X (sky130_fd_sc_hd__o21ba_1)
                                                         u_list._10038_ (net)
                      0.065011    0.000290   12.340121 v u_list._14845_/A2 (sky130_fd_sc_hd__o21ba_1)
     1    0.002862    0.036790    0.170423   12.510544 v u_list._14845_/X (sky130_fd_sc_hd__o21ba_1)
                                                         u_list._10039_ (net)
                      0.036790    0.000009   12.510553 v u_list._14846_/A2 (sky130_fd_sc_hd__o21ba_1)
     1    0.003794    0.039901    0.165425   12.675978 v u_list._14846_/X (sky130_fd_sc_hd__o21ba_1)
                                                         u_list._10040_ (net)
                      0.039901    0.000020   12.675999 v u_list._14847_/A2 (sky130_fd_sc_hd__o21ba_1)
     1    0.002781    0.036409    0.160388   12.836387 v u_list._14847_/X (sky130_fd_sc_hd__o21ba_1)
                                                         u_list._10041_ (net)
                      0.036409    0.000005   12.836391 v u_list._14848_/A2 (sky130_fd_sc_hd__o21ba_1)
     1    0.004735    0.043872    0.170036   13.006428 v u_list._14848_/X (sky130_fd_sc_hd__o21ba_1)
                                                         u_list._10042_ (net)
                      0.043872    0.000039   13.006467 v u_list._14849_/A2 (sky130_fd_sc_hd__o21bai_1)
     1    0.003992    0.129708    0.131248   13.137714 ^ u_list._14849_/Y (sky130_fd_sc_hd__o21bai_1)
                                                         u_list._10043_ (net)
                      0.129708    0.000028   13.137743 ^ u_list._14850_/A2 (sky130_fd_sc_hd__a21oi_1)
     1    0.002976    0.049107    0.083579   13.221322 v u_list._14850_/Y (sky130_fd_sc_hd__a21oi_1)
                                                         u_list._10044_ (net)
                      0.049107    0.000009   13.221331 v u_list._14851_/A2 (sky130_fd_sc_hd__o21ba_1)
     1    0.008980    0.062117    0.195697   13.417027 v u_list._14851_/X (sky130_fd_sc_hd__o21ba_1)
                                                         u_list._10045_ (net)
                      0.062117    0.000248   13.417275 v u_list._14852_/A2 (sky130_fd_sc_hd__o21ba_1)
     1    0.002999    0.036242    0.170167   13.587442 v u_list._14852_/X (sky130_fd_sc_hd__o21ba_1)
                                                         u_list._10046_ (net)
                      0.036242    0.000011   13.587453 v u_list._14853_/A2 (sky130_fd_sc_hd__o21ba_1)
     1    0.002531    0.035135    0.157408   13.744862 v u_list._14853_/X (sky130_fd_sc_hd__o21ba_1)
                                                         u_list._10047_ (net)
                      0.035135    0.000004   13.744866 v u_list._14854_/A2 (sky130_fd_sc_hd__o21ba_1)
     1    0.003147    0.037019    0.161157   13.906023 v u_list._14854_/X (sky130_fd_sc_hd__o21ba_1)
                                                         u_list._10048_ (net)
                      0.037019    0.000015   13.906038 v u_list._14855_/A2 (sky130_fd_sc_hd__o21ba_1)
     1    0.005168    0.045791    0.172427   14.078465 v u_list._14855_/X (sky130_fd_sc_hd__o21ba_1)
                                                         u_list._10049_ (net)
                      0.045791    0.000049   14.078515 v u_list._14856_/A2 (sky130_fd_sc_hd__o21ba_1)
     1    0.002881    0.036928    0.163155   14.241670 v u_list._14856_/X (sky130_fd_sc_hd__o21ba_1)
                                                         u_list._10050_ (net)
                      0.036928    0.000008   14.241677 v u_list._14857_/A2 (sky130_fd_sc_hd__o21ba_1)
     1    0.002445    0.034696    0.157073   14.398751 v u_list._14857_/X (sky130_fd_sc_hd__o21ba_1)
                                                         u_list._10051_ (net)
                      0.034696    0.000003   14.398754 v u_list._14858_/A2 (sky130_fd_sc_hd__o21ba_1)
     1    0.002802    0.036517    0.158686   14.557439 v u_list._14858_/X (sky130_fd_sc_hd__o21ba_1)
                                                         u_list._10052_ (net)
                      0.036517    0.000007   14.557446 v u_list._14859_/A2 (sky130_fd_sc_hd__o21ba_1)
     1    0.004058    0.040978    0.166655   14.724101 v u_list._14859_/X (sky130_fd_sc_hd__o21ba_1)
                                                         u_list._10053_ (net)
                      0.040978    0.000038   14.724139 v u_list._14860_/A2 (sky130_fd_sc_hd__o21ba_1)
     1    0.007088    0.054816    0.183461   14.907601 v u_list._14860_/X (sky130_fd_sc_hd__o21ba_1)
                                                         u_list._10054_ (net)
                      0.054816    0.000153   14.907754 v u_list._14861_/A2 (sky130_fd_sc_hd__o21ba_1)
     1    0.002962    0.037345    0.166981   15.074735 v u_list._14861_/X (sky130_fd_sc_hd__o21ba_1)
                                                         u_list._10055_ (net)
                      0.037345    0.000009   15.074743 v u_list._14862_/A2 (sky130_fd_sc_hd__o21ba_1)
     1    0.002395    0.034439    0.156883   15.231627 v u_list._14862_/X (sky130_fd_sc_hd__o21ba_1)
                                                         u_list._10056_ (net)
                      0.034439    0.000004   15.231629 v u_list._14863_/A2 (sky130_fd_sc_hd__o21bai_1)
     1    0.003693    0.124304    0.123821   15.355451 ^ u_list._14863_/Y (sky130_fd_sc_hd__o21bai_1)
                                                         u_list._10057_ (net)
                      0.124304    0.000018   15.355469 ^ u_list._14864_/A2 (sky130_fd_sc_hd__a21oi_1)
     1    0.002981    0.050351    0.082544   15.438012 v u_list._14864_/Y (sky130_fd_sc_hd__a21oi_1)
                                                         u_list._10058_ (net)
                      0.050351    0.000011   15.438023 v u_list._14865_/A2 (sky130_fd_sc_hd__o21ba_1)
     1    0.002960    0.037340    0.165304   15.603327 v u_list._14865_/X (sky130_fd_sc_hd__o21ba_1)
                                                         u_list._10059_ (net)
                      0.037340    0.000009   15.603336 v u_list._14866_/A2 (sky130_fd_sc_hd__o21ba_1)
     1    0.002955    0.036035    0.160650   15.763987 v u_list._14866_/X (sky130_fd_sc_hd__o21ba_1)
                                                         u_list._10060_ (net)
                      0.036035    0.000011   15.763997 v u_list._14867_/A2 (sky130_fd_sc_hd__o21ba_1)
     1    0.003453    0.038545    0.163437   15.927434 v u_list._14867_/X (sky130_fd_sc_hd__o21ba_1)
                                                         u_list._10061_ (net)
                      0.038545    0.000021   15.927455 v u_list._14868_/A2 (sky130_fd_sc_hd__o21ba_1)
     1    0.006740    0.053140    0.180860   16.108315 v u_list._14868_/X (sky130_fd_sc_hd__o21ba_1)
                                                         u_list._10062_ (net)
                      0.053140    0.000137   16.108452 v u_list._14869_/A2 (sky130_fd_sc_hd__o21ba_1)
     1    0.003504    0.038803    0.169763   16.278215 v u_list._14869_/X (sky130_fd_sc_hd__o21ba_1)
                                                         u_list._10063_ (net)
                      0.038803    0.000018   16.278233 v u_list._14870_/A2 (sky130_fd_sc_hd__o21ba_1)
     1    0.002923    0.037134    0.160954   16.439186 v u_list._14870_/X (sky130_fd_sc_hd__o21ba_1)
                                                         u_list._10064_ (net)
                      0.037134    0.000009   16.439196 v u_list._14871_/A2 (sky130_fd_sc_hd__o21ba_1)
     1    0.002922    0.037129    0.160355   16.599550 v u_list._14871_/X (sky130_fd_sc_hd__o21ba_1)
                                                         u_list._10065_ (net)
                      0.037129    0.000011   16.599562 v u_list._14872_/A2 (sky130_fd_sc_hd__o21ba_1)
     1    0.004138    0.041318    0.167280   16.766840 v u_list._14872_/X (sky130_fd_sc_hd__o21ba_1)
                                                         u_list._10066_ (net)
                      0.041318    0.000028   16.766869 v u_list._14873_/A2 (sky130_fd_sc_hd__o21ba_1)
     1    0.004404    0.042449    0.170106   16.936975 v u_list._14873_/X (sky130_fd_sc_hd__o21ba_1)
                                                         u_list._10067_ (net)
                      0.042449    0.000030   16.937006 v u_list._14874_/A2 (sky130_fd_sc_hd__o21ba_1)
     1    0.003028    0.036418    0.162952   17.099958 v u_list._14874_/X (sky130_fd_sc_hd__o21ba_1)
                                                         u_list._10068_ (net)
                      0.036418    0.000012   17.099970 v u_list._14875_/A2 (sky130_fd_sc_hd__o21ba_1)
     1    0.005191    0.045903    0.172324   17.272295 v u_list._14875_/X (sky130_fd_sc_hd__o21ba_1)
                                                         u_list._10069_ (net)
                      0.045903    0.000075   17.272369 v u_list._14876_/A2 (sky130_fd_sc_hd__o21ba_1)
     1    0.002869    0.036866    0.163112   17.435482 v u_list._14876_/X (sky130_fd_sc_hd__o21ba_1)
                                                         u_list._10070_ (net)
                      0.036866    0.000011   17.435492 v u_list._14877_/A2 (sky130_fd_sc_hd__o21bai_1)
     1    0.003834    0.126849    0.126621   17.562113 ^ u_list._14877_/Y (sky130_fd_sc_hd__o21bai_1)
                                                         u_list._10071_ (net)
                      0.126849    0.000023   17.562136 ^ u_list._14878_/A2 (sky130_fd_sc_hd__a21oi_1)
     1    0.005652    0.084876    0.098900   17.661036 v u_list._14878_/Y (sky130_fd_sc_hd__a21oi_1)
                                                         u_list._10072_ (net)
                      0.084876    0.000055   17.661091 v u_list._14879_/A2 (sky130_fd_sc_hd__o21ba_1)
     1    0.003940    0.040376    0.184755   17.845846 v u_list._14879_/X (sky130_fd_sc_hd__o21ba_1)
                                                         u_list._10073_ (net)
                      0.040376    0.000025   17.845871 v u_list._14880_/A2 (sky130_fd_sc_hd__o21ba_1)
     1    0.002479    0.034863    0.158522   18.004393 v u_list._14880_/X (sky130_fd_sc_hd__o21ba_1)
                                                         u_list._10074_ (net)
                      0.034863    0.000004   18.004396 v u_list._14881_/A2 (sky130_fd_sc_hd__o21ba_1)
     1    0.002385    0.034392    0.155934   18.160330 v u_list._14881_/X (sky130_fd_sc_hd__o21ba_1)
                                                         u_list._10075_ (net)
                      0.034392    0.000002   18.160332 v u_list._14882_/A2 (sky130_fd_sc_hd__o21ba_1)
     1    0.002704    0.036017    0.157916   18.318249 v u_list._14882_/X (sky130_fd_sc_hd__o21ba_1)
                                                         u_list._10076_ (net)
                      0.036017    0.000007   18.318256 v u_list._14883_/A2 (sky130_fd_sc_hd__o21ba_1)
     1    0.004804    0.044175    0.170232   18.488487 v u_list._14883_/X (sky130_fd_sc_hd__o21ba_1)
                                                         u_list._10077_ (net)
                      0.044175    0.000060   18.488548 v u_list._14884_/A2 (sky130_fd_sc_hd__o21ba_1)
     1    0.002746    0.036231    0.161670   18.650217 v u_list._14884_/X (sky130_fd_sc_hd__o21ba_1)
                                                         u_list._10078_ (net)
                      0.036231    0.000007   18.650225 v u_list._14885_/A2 (sky130_fd_sc_hd__o21ba_1)
     1    0.003782    0.039851    0.165166   18.815392 v u_list._14885_/X (sky130_fd_sc_hd__o21ba_1)
                                                         u_list._10079_ (net)
                      0.039851    0.000023   18.815414 v u_list._14886_/A2 (sky130_fd_sc_hd__o21ba_1)
     1    0.002527    0.035110    0.158661   18.974075 v u_list._14886_/X (sky130_fd_sc_hd__o21ba_1)
                                                         u_list._10080_ (net)
                      0.035110    0.000004   18.974077 v u_list._14887_/A2 (sky130_fd_sc_hd__o21ba_1)
     1    0.003873    0.040217    0.165230   19.139307 v u_list._14887_/X (sky130_fd_sc_hd__o21ba_1)
                                                         u_list._10081_ (net)
                      0.040217    0.000021   19.139328 v u_list._14888_/A2 (sky130_fd_sc_hd__o21ba_1)
     1    0.002715    0.036075    0.160059   19.299387 v u_list._14888_/X (sky130_fd_sc_hd__o21ba_1)
                                                         u_list._10082_ (net)
                      0.036075    0.000007   19.299395 v u_list._14889_/A2 (sky130_fd_sc_hd__o21ba_1)
     1    0.002927    0.037154    0.160014   19.459410 v u_list._14889_/X (sky130_fd_sc_hd__o21ba_1)
                                                         u_list._10083_ (net)
                      0.037154    0.000009   19.459417 v u_list._14890_/A2 (sky130_fd_sc_hd__o21ba_1)
     1    0.002641    0.035697    0.158474   19.617891 v u_list._14890_/X (sky130_fd_sc_hd__o21ba_1)
                                                         u_list._10084_ (net)
                      0.035697    0.000005   19.617897 v u_list._14891_/A2 (sky130_fd_sc_hd__o21ba_1)
     1    0.003295    0.037788    0.162347   19.780243 v u_list._14891_/X (sky130_fd_sc_hd__o21ba_1)
                                                         u_list._10085_ (net)
                      0.037788    0.000018   19.780262 v u_list._14892_/A2 (sky130_fd_sc_hd__o21ba_1)
     1    0.002606    0.035516    0.158460   19.938721 v u_list._14892_/X (sky130_fd_sc_hd__o21ba_1)
                                                         u_list._10086_ (net)
                      0.035516    0.000005   19.938726 v u_list._14893_/A2 (sky130_fd_sc_hd__o21ba_1)
     1    0.002720    0.036101    0.158426   20.097153 v u_list._14893_/X (sky130_fd_sc_hd__o21ba_1)
                                                         u_list._10087_ (net)
                      0.036101    0.000007   20.097160 v u_list._14894_/A2 (sky130_fd_sc_hd__o21ba_1)
     1    0.003544    0.038900    0.163920   20.261080 v u_list._14894_/X (sky130_fd_sc_hd__o21ba_1)
                                                         u_list._10088_ (net)
                      0.038900    0.000020   20.261101 v u_list._14895_/A2 (sky130_fd_sc_hd__o21ba_1)
     1    0.005949    0.049374    0.177026   20.438126 v u_list._14895_/X (sky130_fd_sc_hd__o21ba_1)
                                                         u_list._10089_ (net)
                      0.049374    0.000062   20.438189 v u_list._14896_/A2 (sky130_fd_sc_hd__o21ba_1)
     1    0.003860    0.040203    0.170216   20.608404 v u_list._14896_/X (sky130_fd_sc_hd__o21ba_1)
                                                         u_list._10090_ (net)
                      0.040203    0.000025   20.608429 v u_list._14897_/A2 (sky130_fd_sc_hd__o21ba_1)
     1    0.002543    0.035193    0.158895   20.767324 v u_list._14897_/X (sky130_fd_sc_hd__o21ba_1)
                                                         u_list._10091_ (net)
                      0.035193    0.000004   20.767328 v u_list._14898_/A2 (sky130_fd_sc_hd__o21ba_1)
     1    0.002755    0.036277    0.158543   20.925871 v u_list._14898_/X (sky130_fd_sc_hd__o21ba_1)
                                                         u_list._10092_ (net)
                      0.036277    0.000009   20.925880 v u_list._14899_/A2 (sky130_fd_sc_hd__o21ba_1)
     1    0.003182    0.037204    0.161799   21.087679 v u_list._14899_/X (sky130_fd_sc_hd__o21ba_1)
                                                         u_list._10093_ (net)
                      0.037204    0.000014   21.087694 v u_list._14900_/A2 (sky130_fd_sc_hd__o21ba_1)
     1    0.002897    0.037003    0.160215   21.247910 v u_list._14900_/X (sky130_fd_sc_hd__o21ba_1)
                                                         u_list._10094_ (net)
                      0.037003    0.000007   21.247915 v u_list._14901_/A2 (sky130_fd_sc_hd__o21ba_1)
     1    0.003821    0.040012    0.165638   21.413555 v u_list._14901_/X (sky130_fd_sc_hd__o21ba_1)
                                                         u_list._10095_ (net)
                      0.040012    0.000023   21.413578 v u_list._14902_/A2 (sky130_fd_sc_hd__o21ba_1)
     1    0.002646    0.035717    0.159517   21.573093 v u_list._14902_/X (sky130_fd_sc_hd__o21ba_1)
                                                         u_list._10096_ (net)
                      0.035717    0.000005   21.573099 v u_list._14903_/A2 (sky130_fd_sc_hd__o21ba_1)
     1    0.007516    0.056899    0.183791   21.756889 v u_list._14903_/X (sky130_fd_sc_hd__o21ba_1)
                                                         u_list._10097_ (net)
                      0.056899    0.000108   21.756998 v u_list._14904_/A2 (sky130_fd_sc_hd__o21ba_1)
     1    0.004704    0.043744    0.177311   21.934309 v u_list._14904_/X (sky130_fd_sc_hd__o21ba_1)
                                                         u_list._10098_ (net)
                      0.043744    0.000039   21.934349 v u_list._14905_/A2 (sky130_fd_sc_hd__o21ba_1)
     1    0.003002    0.037545    0.163240   22.097588 v u_list._14905_/X (sky130_fd_sc_hd__o21ba_1)
                                                         u_list._10099_ (net)
                      0.037545    0.000009   22.097597 v u_list._14906_/A2 (sky130_fd_sc_hd__o21ba_1)
     1    0.003106    0.036810    0.161736   22.259333 v u_list._14906_/X (sky130_fd_sc_hd__o21ba_1)
                                                         u_list._10100_ (net)
                      0.036810    0.000012   22.259346 v u_list._14907_/A2 (sky130_fd_sc_hd__o21ba_1)
     1    0.004173    0.041463    0.167336   22.426682 v u_list._14907_/X (sky130_fd_sc_hd__o21ba_1)
                                                         u_list._10101_ (net)
                      0.041463    0.000039   22.426722 v u_list._14908_/A2 (sky130_fd_sc_hd__o21a_1)
     1    0.003609    0.038910    0.165846   22.592567 v u_list._14908_/X (sky130_fd_sc_hd__o21a_1)
                                                         u_list._10102_ (net)
                      0.038910    0.000025   22.592592 v u_list._14909_/A2 (sky130_fd_sc_hd__o21ba_1)
     1    0.002843    0.036725    0.160453   22.753044 v u_list._14909_/X (sky130_fd_sc_hd__o21ba_1)
                                                         u_list._10103_ (net)
                      0.036725    0.000009   22.753054 v u_list._14910_/A2 (sky130_fd_sc_hd__o21ba_1)
     1    0.003861    0.040171    0.165739   22.918793 v u_list._14910_/X (sky130_fd_sc_hd__o21ba_1)
                                                         u_list._10104_ (net)
                      0.040171    0.000023   22.918816 v u_list._14911_/A2 (sky130_fd_sc_hd__o21ba_1)
     1    0.007160    0.055149    0.183565   23.102381 v u_list._14911_/X (sky130_fd_sc_hd__o21ba_1)
                                                         u_list._10105_ (net)
                      0.055149    0.000098   23.102478 v u_list._14912_/A2 (sky130_fd_sc_hd__o21ba_1)
     1    0.002632    0.035634    0.164890   23.267368 v u_list._14912_/X (sky130_fd_sc_hd__o21ba_1)
                                                         u_list._10106_ (net)
                      0.035634    0.000007   23.267376 v u_list._14913_/A2 (sky130_fd_sc_hd__o21bai_1)
     2    0.005593    0.158796    0.150557   23.417933 ^ u_list._14913_/Y (sky130_fd_sc_hd__o21bai_1)
                                                         u_list._10107_ (net)
                      0.158796    0.000011   23.417944 ^ u_list._14915_/A2 (sky130_fd_sc_hd__a21o_1)
     2    0.008198    0.083078    0.167711   23.585655 ^ u_list._14915_/X (sky130_fd_sc_hd__a21o_1)
                                                         u_list._10109_ (net)
                      0.083078    0.000020   23.585674 ^ u_list._14916_/A2 (sky130_fd_sc_hd__a21oi_2)
     7    0.018105    0.076641    0.097893   23.683567 v u_list._14916_/Y (sky130_fd_sc_hd__a21oi_2)
                                                         u_list._10110_ (net)
                      0.076641    0.000080   23.683647 v u_list._14983_/C (sky130_fd_sc_hd__or4_2)
     5    0.016386    0.148532    0.692880   24.376528 v u_list._14983_/X (sky130_fd_sc_hd__or4_2)
                                                         u_list._10177_ (net)
                      0.148532    0.000188   24.376717 v u_list._15070_/C (sky130_fd_sc_hd__or3_4)
     8    0.036110    0.111735    0.430850   24.807566 v u_list._15070_/X (sky130_fd_sc_hd__or3_4)
                                                         u_list._10248_ (net)
                      0.111735    0.000488   24.808056 v u_list._15402_/A4 (sky130_fd_sc_hd__o41a_1)
     2    0.006308    0.078061    0.349544   25.157598 v u_list._15402_/X (sky130_fd_sc_hd__o41a_1)
                                                         u_list._10484_ (net)
                      0.078061    0.000055   25.157654 v u_list._15979_/A (sky130_fd_sc_hd__or4_2)
     1    0.013191    0.141057    0.732381   25.890036 v u_list._15979_/X (sky130_fd_sc_hd__or4_2)
                                                         u_list._10909_ (net)
                      0.141057    0.000520   25.890556 v u_list._15980_/A (sky130_fd_sc_hd__or4bb_1)
     1    0.003184    0.082677    0.524109   26.414665 v u_list._15980_/X (sky130_fd_sc_hd__or4bb_1)
                                                         u_list._10910_ (net)
                      0.082677    0.000016   26.414680 v u_list._15986_/C (sky130_fd_sc_hd__or4_1)
     1    0.004786    0.095510    0.491930   26.906610 v u_list._15986_/X (sky130_fd_sc_hd__or4_1)
                                                         u_list._10916_ (net)
                      0.095510    0.000064   26.906675 v u_list._15987_/D (sky130_fd_sc_hd__or4_1)
     1    0.002618    0.082579    0.403812   27.310488 v u_list._15987_/X (sky130_fd_sc_hd__or4_1)
                                                         u_list._10917_ (net)
                      0.082579    0.000005   27.310492 v u_list._15988_/A3 (sky130_fd_sc_hd__o31a_1)
     1    0.007127    0.067041    0.270493   27.580986 v u_list._15988_/X (sky130_fd_sc_hd__o31a_1)
                                                         u_list._00265_ (net)
                      0.067041    0.000101   27.581087 v u_list._22678_/D (sky130_fd_sc_hd__dfxtp_1)
                                             27.581087   data arrival time

                                 27.000000   27.000000   clock clk (rise edge)
                                  0.000000   27.000000   clock source latency
     1    0.073805    0.333956    0.240128   27.240128 ^ clk (in)
                                                         clk (net)
                      0.334888    0.000000   27.240128 ^ clkbuf_0_clk/A (sky130_fd_sc_hd__clkbuf_16)
     4    0.087181    0.106253    0.263144   27.503271 ^ clkbuf_0_clk/X (sky130_fd_sc_hd__clkbuf_16)
                                                         clknet_0_clk (net)
                      0.106353    0.003004   27.506275 ^ clkbuf_2_2_0_clk/A (sky130_fd_sc_hd__clkbuf_8)
    16    0.156410    0.270011    0.313657   27.819933 ^ clkbuf_2_2_0_clk/X (sky130_fd_sc_hd__clkbuf_8)
                                                         clknet_2_2_0_clk (net)
                      0.270026    0.001688   27.821619 ^ clkbuf_6_44_0_clk/A (sky130_fd_sc_hd__clkbuf_8)
     9    0.065416    0.123364    0.263201   28.084820 ^ clkbuf_6_44_0_clk/X (sky130_fd_sc_hd__clkbuf_8)
                                                         clknet_6_44_0_clk (net)
                      0.123364    0.000476   28.085297 ^ clkbuf_leaf_339_clk/A (sky130_fd_sc_hd__clkbuf_8)
     7    0.026153    0.060515    0.168932   28.254229 ^ clkbuf_leaf_339_clk/X (sky130_fd_sc_hd__clkbuf_8)
                                                         clknet_leaf_339_clk (net)
                      0.060515    0.000036   28.254263 ^ u_list._22678_/CLK (sky130_fd_sc_hd__dfxtp_1)
                                 -0.250000   28.004265   clock uncertainty
                                  0.000000   28.004265   clock reconvergence pessimism
                                 -0.116574   27.887690   library setup time
                                             27.887690   data required time
---------------------------------------------------------------------------------------------
                                             27.887690   data required time
                                            -27.581087   data arrival time
---------------------------------------------------------------------------------------------
                                              0.306603   slack (MET)
