Startpoint: u_ctrl._238_ (rising edge-triggered flip-flop clocked by clk)
Endpoint: u_list._22678_ (rising edge-triggered flip-flop clocked by clk)
Path Group: clk
Path Type: max

Fanout         Cap        Slew       Delay        Time   Description
---------------------------------------------------------------------------------------------
                                  0.000000    0.000000   clock clk (rise edge)
                                  0.000000    0.000000   clock source latency
     1    0.074480    0.336952    0.242350    0.242350 ^ clk (in)
                                                         clk (net)
                      0.337908    0.000000    0.242350 ^ clkbuf_0_clk/A (sky130_fd_sc_hd__clkbuf_16)
     4    0.086105    0.105315    0.262920    0.505270 ^ clkbuf_0_clk/X (sky130_fd_sc_hd__clkbuf_16)
                                                         clknet_0_clk (net)
                      0.105393    0.002682    0.507952 ^ clkbuf_2_3_0_clk/A (sky130_fd_sc_hd__clkbuf_8)
    16    0.157057    0.271188    0.313379    0.821331 ^ clkbuf_2_3_0_clk/X (sky130_fd_sc_hd__clkbuf_8)
                                                         clknet_2_3_0_clk (net)
                      0.271228    0.002768    0.824099 ^ clkbuf_6_56_0_clk/A (sky130_fd_sc_hd__clkbuf_8)
     9    0.060246    0.115316    0.257223    1.081322 ^ clkbuf_6_56_0_clk/X (sky130_fd_sc_hd__clkbuf_8)
                                                         clknet_6_56_0_clk (net)
                      0.115316    0.000141    1.081463 ^ clkbuf_leaf_257_clk/A (sky130_fd_sc_hd__clkbuf_8)
    17    0.041161    0.083774    0.184303    1.265766 ^ clkbuf_leaf_257_clk/X (sky130_fd_sc_hd__clkbuf_8)
                                                         clknet_leaf_257_clk (net)
                      0.083774    0.000123    1.265888 ^ u_ctrl._238_/CLK (sky130_fd_sc_hd__dfxtp_1)
     7    0.015589    0.079853    0.354078    1.619967 v u_ctrl._238_/Q (sky130_fd_sc_hd__dfxtp_1)
                                                         u_ctrl.state_q[0] (net)
                      0.079853    0.000027    1.619993 v u_ctrl._172_/B (sky130_fd_sc_hd__nor2_1)
     3    0.006795    0.145308    0.143851    1.763844 ^ u_ctrl._172_/Y (sky130_fd_sc_hd__nor2_1)
                                                         u_ctrl._045_ (net)
                      0.145308    0.000018    1.763862 ^ u_ctrl._176_/B (sky130_fd_sc_hd__and2_1)
     1    0.003241    0.051463    0.144937    1.908800 ^ u_ctrl._176_/X (sky130_fd_sc_hd__and2_1)
                                                         init_start (net)
                      0.051463    0.000016    1.908816 ^ fanout2499/A (sky130_fd_sc_hd__clkbuf_4)
     6    0.045935    0.144802    0.210091    2.118907 ^ fanout2499/X (sky130_fd_sc_hd__clkbuf_4)
                                                         net2499 (net)
                      0.144947    0.003756    2.122662 ^ fanout2475/A (sky130_fd_sc_hd__clkbuf_2)
     5    0.022685    0.128930    0.199126    2.321789 ^ fanout2475/X (sky130_fd_sc_hd__clkbuf_2)
                                                         net2475 (net)
                      0.128930    0.000469    2.322258 ^ fanout2467/A (sky130_fd_sc_hd__clkbuf_4)
    10    0.047554    0.149609    0.243672    2.565930 ^ fanout2467/X (sky130_fd_sc_hd__clkbuf_4)
                                                         net2467 (net)
                      0.149609    0.000304    2.566234 ^ u_list._14239_/S (sky130_fd_sc_hd__mux2_1)
     4    0.011923    0.100144    0.391281    2.957514 v u_list._14239_/X (sky130_fd_sc_hd__mux2_1)
                                                         u_list._09433_ (net)
                      0.100144    0.000014    2.957528 v u_list._14240_/A (sky130_fd_sc_hd__inv_2)
     1    0.002912    0.034903    0.059187    3.016715 ^ u_list._14240_/Y (sky130_fd_sc_hd__inv_2)
                                                         u_list._09434_ (net)
                      0.034903    0.000007    3.016722 ^ u_list._14790_/A1 (sky130_fd_sc_hd__a21oi_1)
     1    0.003176    0.041738    0.052568    3.069290 v u_list._14790_/Y (sky130_fd_sc_hd__a21oi_1)
                                                         u_list._09984_ (net)
                      0.041738    0.000013    3.069303 v u_list._14791_/A2 (sky130_fd_sc_hd__o21ba_1)
     1    0.004189    0.041541    0.169168    3.238472 v u_list._14791_/X (sky130_fd_sc_hd__o21ba_1)
                                                         u_list._09985_ (net)
                      0.041541    0.000030    3.238501 v u_list._14792_/A2 (sky130_fd_sc_hd__o21ba_1)
     1    0.003402    0.038366    0.165135    3.403637 v u_list._14792_/X (sky130_fd_sc_hd__o21ba_1)
                                                         u_list._09986_ (net)
                      0.038366    0.000015    3.403652 v u_list._14793_/A2 (sky130_fd_sc_hd__o21ba_1)
     1    0.002706    0.036029    0.159343    3.562995 v u_list._14793_/X (sky130_fd_sc_hd__o21ba_1)
                                                         u_list._09987_ (net)
                      0.036029    0.000007    3.563002 v u_list._14794_/A2 (sky130_fd_sc_hd__o21ba_1)
     1    0.002750    0.036249    0.158804    3.721807 v u_list._14794_/X (sky130_fd_sc_hd__o21ba_1)
                                                         u_list._09988_ (net)
                      0.036249    0.000008    3.721815 v u_list._14795_/A2 (sky130_fd_sc_hd__o21ba_1)
     1    0.002984    0.036178    0.160453    3.882268 v u_list._14795_/X (sky130_fd_sc_hd__o21ba_1)
                                                         u_list._09989_ (net)
                      0.036178    0.000011    3.882279 v u_list._14796_/A2 (sky130_fd_sc_hd__o21ba_1)
     1    0.018362    0.103718    0.227709    4.109988 v u_list._14796_/X (sky130_fd_sc_hd__o21ba_1)
                                                         u_list._09990_ (net)
                      0.103728    0.001121    4.111109 v u_list._14797_/A2 (sky130_fd_sc_hd__o21ba_1)
     1    0.002803    0.036371    0.185645    4.296754 v u_list._14797_/X (sky130_fd_sc_hd__o21ba_1)
                                                         u_list._09991_ (net)
                      0.036371    0.000008    4.296762 v u_list._14798_/A2 (sky130_fd_sc_hd__o21ba_1)
     1    0.002781    0.036408    0.159135    4.455897 v u_list._14798_/X (sky130_fd_sc_hd__o21ba_1)
                                                         u_list._09992_ (net)
                      0.036408    0.000005    4.455903 v u_list._14799_/A2 (sky130_fd_sc_hd__o21ba_1)
     1    0.003318    0.037913    0.162757    4.618660 v u_list._14799_/X (sky130_fd_sc_hd__o21ba_1)
                                                         u_list._09993_ (net)
                      0.037913    0.000016    4.618676 v u_list._14800_/A2 (sky130_fd_sc_hd__o21ba_1)
     1    0.004573    0.043166    0.169746    4.788422 v u_list._14800_/X (sky130_fd_sc_hd__o21ba_1)
                                                         u_list._09994_ (net)
                      0.043166    0.000039    4.788460 v u_list._14801_/A2 (sky130_fd_sc_hd__o21ba_1)
     1    0.002608    0.035522    0.160381    4.948842 v u_list._14801_/X (sky130_fd_sc_hd__o21ba_1)
                                                         u_list._09995_ (net)
                      0.035522    0.000005    4.948847 v u_list._14802_/A2 (sky130_fd_sc_hd__o21ba_1)
     1    0.003620    0.039195    0.164098    5.112945 v u_list._14802_/X (sky130_fd_sc_hd__o21ba_1)
                                                         u_list._09996_ (net)
                      0.039195    0.000022    5.112966 v u_list._14803_/A2 (sky130_fd_sc_hd__o21ba_1)
     1    0.003451    0.038549    0.164550    5.277516 v u_list._14803_/X (sky130_fd_sc_hd__o21ba_1)
                                                         u_list._09997_ (net)
                      0.038549    0.000019    5.277534 v u_list._14804_/A2 (sky130_fd_sc_hd__o21ba_1)
     1    0.016146    0.093672    0.219939    5.497474 v u_list._14804_/X (sky130_fd_sc_hd__o21ba_1)
                                                         u_list._09998_ (net)
                      0.093677    0.000865    5.498338 v u_list._14805_/A2 (sky130_fd_sc_hd__o21ba_1)
     1    0.002385    0.034263    0.178780    5.677118 v u_list._14805_/X (sky130_fd_sc_hd__o21ba_1)
                                                         u_list._09999_ (net)
                      0.034263    0.000001    5.677120 v u_list._14806_/A2 (sky130_fd_sc_hd__o21ba_1)
     1    0.002763    0.036320    0.158271    5.835391 v u_list._14806_/X (sky130_fd_sc_hd__o21ba_1)
                                                         u_list._10000_ (net)
                      0.036320    0.000008    5.835399 v u_list._14807_/A2 (sky130_fd_sc_hd__o21ba_1)
     1    0.002602    0.035495    0.157911    5.993310 v u_list._14807_/X (sky130_fd_sc_hd__o21ba_1)
                                                         u_list._10001_ (net)
                      0.035495    0.000005    5.993315 v u_list._14808_/A2 (sky130_fd_sc_hd__o21ba_1)
     1    0.007041    0.054582    0.181323    6.174638 v u_list._14808_/X (sky130_fd_sc_hd__o21ba_1)
                                                         u_list._10002_ (net)
                      0.054582    0.000094    6.174732 v u_list._14809_/A2 (sky130_fd_sc_hd__o21ba_1)
     1    0.002854    0.036786    0.166159    6.340891 v u_list._14809_/X (sky130_fd_sc_hd__o21ba_1)
                                                         u_list._10003_ (net)
                      0.036786    0.000006    6.340897 v u_list._14810_/A2 (sky130_fd_sc_hd__o21ba_1)
     1    0.002525    0.035103    0.157561    6.498458 v u_list._14810_/X (sky130_fd_sc_hd__o21ba_1)
                                                         u_list._10004_ (net)
                      0.035103    0.000004    6.498462 v u_list._14811_/A2 (sky130_fd_sc_hd__o21ba_1)
     1    0.003074    0.036642    0.160657    6.659119 v u_list._14811_/X (sky130_fd_sc_hd__o21ba_1)
                                                         u_list._10005_ (net)
                      0.036642    0.000012    6.659131 v u_list._14812_/A2 (sky130_fd_sc_hd__o21ba_1)
     1    0.015091    0.088922    0.215170    6.874300 v u_list._14812_/X (sky130_fd_sc_hd__o21ba_1)
                                                         u_list._10006_ (net)
                      0.088926    0.000747    6.875047 v u_list._14813_/A2 (sky130_fd_sc_hd__o21ba_1)
     1    0.002673    0.035732    0.178797    7.053845 v u_list._14813_/X (sky130_fd_sc_hd__o21ba_1)
                                                         u_list._10007_ (net)
                      0.035732    0.000007    7.053852 v u_list._14814_/A2 (sky130_fd_sc_hd__o21ba_1)
     1    0.003001    0.036266    0.160386    7.214238 v u_list._14814_/X (sky130_fd_sc_hd__o21ba_1)
                                                         u_list._10008_ (net)
                      0.036266    0.000011    7.214250 v u_list._14815_/A2 (sky130_fd_sc_hd__o21ba_1)
     1    0.003108    0.036820    0.161299    7.375548 v u_list._14815_/X (sky130_fd_sc_hd__o21ba_1)
                                                         u_list._10009_ (net)
                      0.036820    0.000012    7.375560 v u_list._14816_/A2 (sky130_fd_sc_hd__o21ba_1)
     1    0.005931    0.049295    0.176203    7.551763 v u_list._14816_/X (sky130_fd_sc_hd__o21ba_1)
                                                         u_list._10010_ (net)
                      0.049295    0.000067    7.551830 v u_list._14817_/A2 (sky130_fd_sc_hd__o21ba_1)
     1    0.002608    0.035519    0.162556    7.714386 v u_list._14817_/X (sky130_fd_sc_hd__o21ba_1)
                                                         u_list._10011_ (net)
                      0.035519    0.000005    7.714391 v u_list._14818_/A2 (sky130_fd_sc_hd__o21ba_1)
     1    0.003304    0.037836    0.162347    7.876739 v u_list._14818_/X (sky130_fd_sc_hd__o21ba_1)
                                                         u_list._10012_ (net)
                      0.037836    0.000015    7.876754 v u_list._14819_/A2 (sky130_fd_sc_hd__o21ba_1)
     1    0.002743    0.036218    0.159404    8.036158 v u_list._14819_/X (sky130_fd_sc_hd__o21ba_1)
                                                         u_list._10013_ (net)
                      0.036218    0.000008    8.036166 v u_list._14820_/A2 (sky130_fd_sc_hd__o21ba_1)
     1    0.012643    0.078007    0.205483    8.241649 v u_list._14820_/X (sky130_fd_sc_hd__o21ba_1)
                                                         u_list._10014_ (net)
                      0.078009    0.000520    8.242169 v u_list._14821_/A2 (sky130_fd_sc_hd__o21ba_1)
     1    0.003029    0.036334    0.176784    8.418953 v u_list._14821_/X (sky130_fd_sc_hd__o21ba_1)
                                                         u_list._10015_ (net)
                      0.036334    0.000012    8.418964 v u_list._14822_/A2 (sky130_fd_sc_hd__o21ba_1)
     1    0.002756    0.036281    0.158954    8.577918 v u_list._14822_/X (sky130_fd_sc_hd__o21ba_1)
                                                         u_list._10016_ (net)
                      0.036281    0.000006    8.577925 v u_list._14823_/A2 (sky130_fd_sc_hd__o21ba_1)
     1    0.005852    0.048926    0.175614    8.753538 v u_list._14823_/X (sky130_fd_sc_hd__o21ba_1)
                                                         u_list._10017_ (net)
                      0.048926    0.000065    8.753603 v u_list._14824_/A2 (sky130_fd_sc_hd__o21ba_1)
     1    0.003221    0.037439    0.166548    8.920151 v u_list._14824_/X (sky130_fd_sc_hd__o21ba_1)
                                                         u_list._10018_ (net)
                      0.037439    0.000014    8.920165 v u_list._14825_/A2 (sky130_fd_sc_hd__o21ba_1)
     1    0.002604    0.035507    0.158325    9.078490 v u_list._14825_/X (sky130_fd_sc_hd__o21ba_1)
                                                         u_list._10019_ (net)
                      0.035507    0.000005    9.078496 v u_list._14826_/A2 (sky130_fd_sc_hd__o21ba_1)
     1    0.002719    0.036092    0.158411    9.236907 v u_list._14826_/X (sky130_fd_sc_hd__o21ba_1)
                                                         u_list._10020_ (net)
                      0.036092    0.000006    9.236913 v u_list._14827_/A2 (sky130_fd_sc_hd__o21ba_1)
     1    0.003069    0.036615    0.160970    9.397882 v u_list._14827_/X (sky130_fd_sc_hd__o21ba_1)
                                                         u_list._10021_ (net)
                      0.036615    0.000012    9.397894 v u_list._14828_/A2 (sky130_fd_sc_hd__o21ba_1)
     1    0.010099    0.066896    0.195688    9.593582 v u_list._14828_/X (sky130_fd_sc_hd__o21ba_1)
                                                         u_list._10022_ (net)
                      0.066896    0.000330    9.593912 v u_list._14829_/A2 (sky130_fd_sc_hd__o21ba_1)
     1    0.002764    0.036278    0.170524    9.764436 v u_list._14829_/X (sky130_fd_sc_hd__o21ba_1)
                                                         u_list._10023_ (net)
                      0.036278    0.000006    9.764442 v u_list._14830_/A2 (sky130_fd_sc_hd__o21ba_1)
     1    0.003200    0.037294    0.161918    9.926359 v u_list._14830_/X (sky130_fd_sc_hd__o21ba_1)
                                                         u_list._10024_ (net)
                      0.037294    0.000012    9.926372 v u_list._14831_/A2 (sky130_fd_sc_hd__o21ba_1)
     1    0.002843    0.036724    0.159879   10.086251 v u_list._14831_/X (sky130_fd_sc_hd__o21ba_1)
                                                         u_list._10025_ (net)
                      0.036724    0.000009   10.086260 v u_list._14832_/A2 (sky130_fd_sc_hd__o21ba_1)
     1    0.006514    0.052045    0.179101   10.265361 v u_list._14832_/X (sky130_fd_sc_hd__o21ba_1)
                                                         u_list._10026_ (net)
                      0.052045    0.000082   10.265443 v u_list._14833_/A2 (sky130_fd_sc_hd__o21ba_1)
     1    0.002917    0.037115    0.165610   10.431053 v u_list._14833_/X (sky130_fd_sc_hd__o21ba_1)
                                                         u_list._10027_ (net)
                      0.037115    0.000008   10.431061 v u_list._14834_/A2 (sky130_fd_sc_hd__o21ba_1)
     1    0.002682    0.035903    0.158733   10.589793 v u_list._14834_/X (sky130_fd_sc_hd__o21ba_1)
                                                         u_list._10028_ (net)
                      0.035903    0.000007   10.589801 v u_list._14835_/A2 (sky130_fd_sc_hd__o21ba_1)
     1    0.002995    0.036236    0.160407   10.750207 v u_list._14835_/X (sky130_fd_sc_hd__o21ba_1)
                                                         u_list._10029_ (net)
                      0.036236    0.000011   10.750217 v u_list._14836_/A2 (sky130_fd_sc_hd__o21ba_1)
     1    0.008382    0.060024    0.188295   10.938513 v u_list._14836_/X (sky130_fd_sc_hd__o21ba_1)
                                                         u_list._10030_ (net)
                      0.060024    0.000221   10.938734 v u_list._14837_/A2 (sky130_fd_sc_hd__o21ba_1)
     1    0.002808    0.036529    0.168046   11.106780 v u_list._14837_/X (sky130_fd_sc_hd__o21ba_1)
                                                         u_list._10031_ (net)
                      0.036529    0.000007   11.106787 v u_list._14838_/A2 (sky130_fd_sc_hd__o21ba_1)
     1    0.002543    0.035197    0.157592   11.264380 v u_list._14838_/X (sky130_fd_sc_hd__o21ba_1)
                                                         u_list._10032_ (net)
                      0.035197    0.000003   11.264381 v u_list._14839_/A2 (sky130_fd_sc_hd__o21ba_1)
     1    0.003397    0.038325    0.162859   11.427240 v u_list._14839_/X (sky130_fd_sc_hd__o21ba_1)
                                                         u_list._10033_ (net)
                      0.038325    0.000017   11.427258 v u_list._14840_/A2 (sky130_fd_sc_hd__o21ba_1)
     1    0.009088    0.062555    0.192366   11.619624 v u_list._14840_/X (sky130_fd_sc_hd__o21ba_1)
                                                         u_list._10034_ (net)
                      0.062555    0.000166   11.619790 v u_list._14841_/A2 (sky130_fd_sc_hd__o21ba_1)
     1    0.002645    0.035681    0.167973   11.787763 v u_list._14841_/X (sky130_fd_sc_hd__o21ba_1)
                                                         u_list._10035_ (net)
                      0.035681    0.000005   11.787768 v u_list._14842_/A2 (sky130_fd_sc_hd__o21ba_1)
     1    0.002955    0.036034    0.160062   11.947830 v u_list._14842_/X (sky130_fd_sc_hd__o21ba_1)
                                                         u_list._10036_ (net)
                      0.036034    0.000011   11.947842 v u_list._14843_/A2 (sky130_fd_sc_hd__o21ba_1)
     1    0.002385    0.034390    0.156350   12.104192 v u_list._14843_/X (sky130_fd_sc_hd__o21ba_1)
                                                         u_list._10037_ (net)
                      0.034390    0.000000   12.104193 v u_list._14844_/A2 (sky130_fd_sc_hd__o21ba_1)
     1    0.008572    0.060611    0.188601   12.292794 v u_list._14844_/X (sky130_fd_sc_hd__o21ba_1)
                                                         u_list._10038_ (net)
                      0.060611    0.000229   12.293023 v u_list._14845_/A2 (sky130_fd_sc_hd__o21ba_1)
     1    0.003108    0.036821    0.170298   12.463321 v u_list._14845_/X (sky130_fd_sc_hd__o21ba_1)
                                                         u_list._10039_ (net)
                      0.036821    0.000012   12.463333 v u_list._14846_/A2 (sky130_fd_sc_hd__o21ba_1)
     1    0.002804    0.036526    0.159450   12.622783 v u_list._14846_/X (sky130_fd_sc_hd__o21ba_1)
                                                         u_list._10040_ (net)
                      0.036526    0.000007   12.622790 v u_list._14847_/A2 (sky130_fd_sc_hd__o21ba_1)
     1    0.002622    0.035601    0.158124   12.780914 v u_list._14847_/X (sky130_fd_sc_hd__o21ba_1)
                                                         u_list._10041_ (net)
                      0.035601    0.000004   12.780918 v u_list._14848_/A2 (sky130_fd_sc_hd__o21ba_1)
     1    0.006342    0.051231    0.177843   12.958760 v u_list._14848_/X (sky130_fd_sc_hd__o21ba_1)
                                                         u_list._10042_ (net)
                      0.051231    0.000078   12.958838 v u_list._14849_/A2 (sky130_fd_sc_hd__o21bai_1)
     1    0.003140    0.114254    0.121979   13.080817 ^ u_list._14849_/Y (sky130_fd_sc_hd__o21bai_1)
                                                         u_list._10043_ (net)
                      0.114254    0.000013   13.080831 ^ u_list._14850_/A2 (sky130_fd_sc_hd__a21oi_1)
     1    0.002546    0.044803    0.077151   13.157982 v u_list._14850_/Y (sky130_fd_sc_hd__a21oi_1)
                                                         u_list._10044_ (net)
                      0.044803    0.000004   13.157987 v u_list._14851_/A2 (sky130_fd_sc_hd__o21ba_1)
     1    0.007259    0.055646    0.185672   13.343658 v u_list._14851_/X (sky130_fd_sc_hd__o21ba_1)
                                                         u_list._10045_ (net)
                      0.055646    0.000155   13.343813 v u_list._14852_/A2 (sky130_fd_sc_hd__o21ba_1)
     1    0.002521    0.035058    0.164345   13.508158 v u_list._14852_/X (sky130_fd_sc_hd__o21ba_1)
                                                         u_list._10046_ (net)
                      0.035058    0.000004   13.508162 v u_list._14853_/A2 (sky130_fd_sc_hd__o21ba_1)
     1    0.003165    0.037108    0.161248   13.669409 v u_list._14853_/X (sky130_fd_sc_hd__o21ba_1)
                                                         u_list._10047_ (net)
                      0.037108    0.000012   13.669420 v u_list._14854_/A2 (sky130_fd_sc_hd__o21ba_1)
     1    0.002923    0.037133    0.160352   13.829772 v u_list._14854_/X (sky130_fd_sc_hd__o21ba_1)
                                                         u_list._10048_ (net)
                      0.037133    0.000009   13.829782 v u_list._14855_/A2 (sky130_fd_sc_hd__o21ba_1)
     1    0.002385    0.034388    0.156740   13.986522 v u_list._14855_/X (sky130_fd_sc_hd__o21ba_1)
                                                         u_list._10049_ (net)
                      0.034388    0.000000   13.986523 v u_list._14856_/A2 (sky130_fd_sc_hd__o21ba_1)
     1    0.003318    0.037907    0.162042   14.148564 v u_list._14856_/X (sky130_fd_sc_hd__o21ba_1)
                                                         u_list._10050_ (net)
                      0.037907    0.000015   14.148580 v u_list._14857_/A2 (sky130_fd_sc_hd__o21ba_1)
     1    0.002760    0.036302    0.159540   14.308120 v u_list._14857_/X (sky130_fd_sc_hd__o21ba_1)
                                                         u_list._10051_ (net)
                      0.036302    0.000007   14.308126 v u_list._14858_/A2 (sky130_fd_sc_hd__o21ba_1)
     1    0.002944    0.037241    0.160211   14.468337 v u_list._14858_/X (sky130_fd_sc_hd__o21ba_1)
                                                         u_list._10052_ (net)
                      0.037241    0.000011   14.468348 v u_list._14859_/A2 (sky130_fd_sc_hd__o21ba_1)
     1    0.004238    0.041740    0.167820   14.636168 v u_list._14859_/X (sky130_fd_sc_hd__o21ba_1)
                                                         u_list._10053_ (net)
                      0.041740    0.000041   14.636209 v u_list._14860_/A2 (sky130_fd_sc_hd__o21ba_1)
     1    0.008344    0.059923    0.190036   14.826245 v u_list._14860_/X (sky130_fd_sc_hd__o21ba_1)
                                                         u_list._10054_ (net)
                      0.059923    0.000220   14.826466 v u_list._14861_/A2 (sky130_fd_sc_hd__o21ba_1)
     1    0.002622    0.035571    0.166755   14.993221 v u_list._14861_/X (sky130_fd_sc_hd__o21ba_1)
                                                         u_list._10055_ (net)
                      0.035571    0.000004   14.993225 v u_list._14862_/A2 (sky130_fd_sc_hd__o21ba_1)
     1    0.002711    0.036052    0.158380   15.151605 v u_list._14862_/X (sky130_fd_sc_hd__o21ba_1)
                                                         u_list._10056_ (net)
                      0.036052    0.000009   15.151614 v u_list._14863_/A2 (sky130_fd_sc_hd__o21bai_1)
     1    0.003040    0.112444    0.115325   15.266938 ^ u_list._14863_/Y (sky130_fd_sc_hd__o21bai_1)
                                                         u_list._10057_ (net)
                      0.112444    0.000007   15.266946 ^ u_list._14864_/A2 (sky130_fd_sc_hd__a21oi_1)
     1    0.002405    0.048297    0.075680   15.342626 v u_list._14864_/Y (sky130_fd_sc_hd__a21oi_1)
                                                         u_list._10058_ (net)
                      0.048297    0.000002   15.342628 v u_list._14865_/A2 (sky130_fd_sc_hd__o21ba_1)
     1    0.003063    0.036606    0.165258   15.507885 v u_list._14865_/X (sky130_fd_sc_hd__o21ba_1)
                                                         u_list._10059_ (net)
                      0.036606    0.000012   15.507897 v u_list._14866_/A2 (sky130_fd_sc_hd__o21ba_1)
     1    0.002498    0.034964    0.157312   15.665210 v u_list._14866_/X (sky130_fd_sc_hd__o21ba_1)
                                                         u_list._10060_ (net)
                      0.034964    0.000002   15.665212 v u_list._14867_/A2 (sky130_fd_sc_hd__o21ba_1)
     1    0.005052    0.045277    0.171115   15.836327 v u_list._14867_/X (sky130_fd_sc_hd__o21ba_1)
                                                         u_list._10061_ (net)
                      0.045277    0.000062   15.836389 v u_list._14868_/A2 (sky130_fd_sc_hd__o21ba_1)
     1    0.007132    0.055027    0.185201   16.021589 v u_list._14868_/X (sky130_fd_sc_hd__o21ba_1)
                                                         u_list._10062_ (net)
                      0.055027    0.000153   16.021742 v u_list._14869_/A2 (sky130_fd_sc_hd__o21ba_1)
     1    0.003029    0.036431    0.167512   16.189255 v u_list._14869_/X (sky130_fd_sc_hd__o21ba_1)
                                                         u_list._10063_ (net)
                      0.036431    0.000011   16.189266 v u_list._14870_/A2 (sky130_fd_sc_hd__o21ba_1)
     1    0.002464    0.034793    0.157025   16.346291 v u_list._14870_/X (sky130_fd_sc_hd__o21ba_1)
                                                         u_list._10064_ (net)
                      0.034793    0.000002   16.346292 v u_list._14871_/A2 (sky130_fd_sc_hd__o21ba_1)
     1    0.002522    0.035092    0.156836   16.503128 v u_list._14871_/X (sky130_fd_sc_hd__o21ba_1)
                                                         u_list._10065_ (net)
                      0.035092    0.000004   16.503132 v u_list._14872_/A2 (sky130_fd_sc_hd__o21ba_1)
     1    0.004019    0.040815    0.165960   16.669092 v u_list._14872_/X (sky130_fd_sc_hd__o21ba_1)
                                                         u_list._10066_ (net)
                      0.040815    0.000027   16.669119 v u_list._14873_/A2 (sky130_fd_sc_hd__o21ba_1)
     1    0.004444    0.042617    0.170127   16.839245 v u_list._14873_/X (sky130_fd_sc_hd__o21ba_1)
                                                         u_list._10067_ (net)
                      0.042617    0.000030   16.839275 v u_list._14874_/A2 (sky130_fd_sc_hd__o21ba_1)
     1    0.003521    0.038832    0.166112   17.005388 v u_list._14874_/X (sky130_fd_sc_hd__o21ba_1)
                                                         u_list._10068_ (net)
                      0.038832    0.000021   17.005409 v u_list._14875_/A2 (sky130_fd_sc_hd__o21ba_1)
     1    0.004639    0.043460    0.170404   17.175814 v u_list._14875_/X (sky130_fd_sc_hd__o21ba_1)
                                                         u_list._10069_ (net)
                      0.043460    0.000052   17.175865 v u_list._14876_/A2 (sky130_fd_sc_hd__o21ba_1)
     1    0.002776    0.036388    0.161622   17.337486 v u_list._14876_/X (sky130_fd_sc_hd__o21ba_1)
                                                         u_list._10070_ (net)
                      0.036388    0.000009   17.337496 v u_list._14877_/A2 (sky130_fd_sc_hd__o21bai_1)
     1    0.003735    0.125052    0.125080   17.462576 ^ u_list._14877_/Y (sky130_fd_sc_hd__o21bai_1)
                                                         u_list._10071_ (net)
                      0.125052    0.000020   17.462595 ^ u_list._14878_/A2 (sky130_fd_sc_hd__a21oi_1)
     1    0.004248    0.075432    0.090184   17.552780 v u_list._14878_/Y (sky130_fd_sc_hd__a21oi_1)
                                                         u_list._10072_ (net)
                      0.075432    0.000030   17.552809 v u_list._14879_/A2 (sky130_fd_sc_hd__o21ba_1)
     1    0.005659    0.047977    0.189592   17.742401 v u_list._14879_/X (sky130_fd_sc_hd__o21ba_1)
                                                         u_list._10073_ (net)
                      0.047977    0.000059   17.742460 v u_list._14880_/A2 (sky130_fd_sc_hd__o21ba_1)
     1    0.003029    0.036431    0.164919   17.907379 v u_list._14880_/X (sky130_fd_sc_hd__o21ba_1)
                                                         u_list._10074_ (net)
                      0.036431    0.000011   17.907391 v u_list._14881_/A2 (sky130_fd_sc_hd__o21ba_1)
     1    0.002445    0.034696    0.156897   18.064287 v u_list._14881_/X (sky130_fd_sc_hd__o21ba_1)
                                                         u_list._10075_ (net)
                      0.034696    0.000004   18.064291 v u_list._14882_/A2 (sky130_fd_sc_hd__o21ba_1)
     1    0.003225    0.037420    0.161522   18.225813 v u_list._14882_/X (sky130_fd_sc_hd__o21ba_1)
                                                         u_list._10076_ (net)
                      0.037420    0.000014   18.225826 v u_list._14883_/A2 (sky130_fd_sc_hd__o21ba_1)
     1    0.004243    0.041762    0.167908   18.393736 v u_list._14883_/X (sky130_fd_sc_hd__o21ba_1)
                                                         u_list._10077_ (net)
                      0.041762    0.000043   18.393778 v u_list._14884_/A2 (sky130_fd_sc_hd__o21ba_1)
     1    0.002876    0.036898    0.161689   18.555468 v u_list._14884_/X (sky130_fd_sc_hd__o21ba_1)
                                                         u_list._10078_ (net)
                      0.036898    0.000009   18.555475 v u_list._14885_/A2 (sky130_fd_sc_hd__o21ba_1)
     1    0.005382    0.046762    0.173467   18.728943 v u_list._14885_/X (sky130_fd_sc_hd__o21ba_1)
                                                         u_list._10079_ (net)
                      0.046762    0.000052   18.728994 v u_list._14886_/A2 (sky130_fd_sc_hd__o21ba_1)
     1    0.003068    0.036631    0.164748   18.893742 v u_list._14886_/X (sky130_fd_sc_hd__o21ba_1)
                                                         u_list._10080_ (net)
                      0.036631    0.000014   18.893757 v u_list._14887_/A2 (sky130_fd_sc_hd__o21ba_1)
     1    0.003821    0.040012    0.165507   19.059263 v u_list._14887_/X (sky130_fd_sc_hd__o21ba_1)
                                                         u_list._10081_ (net)
                      0.040012    0.000023   19.059286 v u_list._14888_/A2 (sky130_fd_sc_hd__o21ba_1)
     1    0.002498    0.034961    0.158520   19.217806 v u_list._14888_/X (sky130_fd_sc_hd__o21ba_1)
                                                         u_list._10082_ (net)
                      0.034961    0.000002   19.217808 v u_list._14889_/A2 (sky130_fd_sc_hd__o21ba_1)
     1    0.002529    0.035123    0.156938   19.374746 v u_list._14889_/X (sky130_fd_sc_hd__o21ba_1)
                                                         u_list._10083_ (net)
                      0.035123    0.000004   19.374750 v u_list._14890_/A2 (sky130_fd_sc_hd__o21ba_1)
     1    0.002877    0.036899    0.159341   19.534090 v u_list._14890_/X (sky130_fd_sc_hd__o21ba_1)
                                                         u_list._10084_ (net)
                      0.036899    0.000007   19.534098 v u_list._14891_/A2 (sky130_fd_sc_hd__o21ba_1)
     1    0.003339    0.038026    0.163075   19.697172 v u_list._14891_/X (sky130_fd_sc_hd__o21ba_1)
                                                         u_list._10085_ (net)
                      0.038026    0.000018   19.697189 v u_list._14892_/A2 (sky130_fd_sc_hd__o21ba_1)
     1    0.002524    0.035098    0.157995   19.855185 v u_list._14892_/X (sky130_fd_sc_hd__o21ba_1)
                                                         u_list._10086_ (net)
                      0.035098    0.000004   19.855188 v u_list._14893_/A2 (sky130_fd_sc_hd__o21ba_1)
     1    0.003108    0.036818    0.160885   20.016073 v u_list._14893_/X (sky130_fd_sc_hd__o21ba_1)
                                                         u_list._10087_ (net)
                      0.036818    0.000012   20.016085 v u_list._14894_/A2 (sky130_fd_sc_hd__o21ba_1)
     1    0.002558    0.035271    0.157792   20.173878 v u_list._14894_/X (sky130_fd_sc_hd__o21ba_1)
                                                         u_list._10088_ (net)
                      0.035271    0.000004   20.173882 v u_list._14895_/A2 (sky130_fd_sc_hd__o21ba_1)
     1    0.006582    0.052373    0.178936   20.352818 v u_list._14895_/X (sky130_fd_sc_hd__o21ba_1)
                                                         u_list._10089_ (net)
                      0.052373    0.000080   20.352898 v u_list._14896_/A2 (sky130_fd_sc_hd__o21ba_1)
     1    0.003662    0.039412    0.170282   20.523178 v u_list._14896_/X (sky130_fd_sc_hd__o21ba_1)
                                                         u_list._10090_ (net)
                      0.039412    0.000023   20.523201 v u_list._14897_/A2 (sky130_fd_sc_hd__o21ba_1)
     1    0.002445    0.034692    0.157954   20.681154 v u_list._14897_/X (sky130_fd_sc_hd__o21ba_1)
                                                         u_list._10091_ (net)
                      0.034692    0.000004   20.681158 v u_list._14898_/A2 (sky130_fd_sc_hd__o21ba_1)
     1    0.003281    0.037713    0.161901   20.843060 v u_list._14898_/X (sky130_fd_sc_hd__o21ba_1)
                                                         u_list._10092_ (net)
                      0.037713    0.000014   20.843073 v u_list._14899_/A2 (sky130_fd_sc_hd__o21ba_1)
     1    0.003293    0.037785    0.163052   21.006124 v u_list._14899_/X (sky130_fd_sc_hd__o21ba_1)
                                                         u_list._10093_ (net)
                      0.037785    0.000016   21.006142 v u_list._14900_/A2 (sky130_fd_sc_hd__o21ba_1)
     1    0.003028    0.036410    0.161299   21.167440 v u_list._14900_/X (sky130_fd_sc_hd__o21ba_1)
                                                         u_list._10094_ (net)
                      0.036410    0.000012   21.167452 v u_list._14901_/A2 (sky130_fd_sc_hd__o21ba_1)
     1    0.003768    0.039798    0.165162   21.332615 v u_list._14901_/X (sky130_fd_sc_hd__o21ba_1)
                                                         u_list._10095_ (net)
                      0.039798    0.000020   21.332634 v u_list._14902_/A2 (sky130_fd_sc_hd__o21ba_1)
     1    0.002518    0.035065    0.158582   21.491217 v u_list._14902_/X (sky130_fd_sc_hd__o21ba_1)
                                                         u_list._10096_ (net)
                      0.035065    0.000004   21.491220 v u_list._14903_/A2 (sky130_fd_sc_hd__o21ba_1)
     1    0.008348    0.059911    0.187748   21.678968 v u_list._14903_/X (sky130_fd_sc_hd__o21ba_1)
                                                         u_list._10097_ (net)
                      0.059911    0.000137   21.679106 v u_list._14904_/A2 (sky130_fd_sc_hd__o21ba_1)
     1    0.003794    0.039899    0.173950   21.853056 v u_list._14904_/X (sky130_fd_sc_hd__o21ba_1)
                                                         u_list._10098_ (net)
                      0.039899    0.000021   21.853077 v u_list._14905_/A2 (sky130_fd_sc_hd__o21ba_1)
     1    0.002834    0.036682    0.160746   22.013823 v u_list._14905_/X (sky130_fd_sc_hd__o21ba_1)
                                                         u_list._10099_ (net)
                      0.036682    0.000009   22.013832 v u_list._14906_/A2 (sky130_fd_sc_hd__o21ba_1)
     1    0.002498    0.034964    0.157341   22.171173 v u_list._14906_/X (sky130_fd_sc_hd__o21ba_1)
                                                         u_list._10100_ (net)
                      0.034964    0.000002   22.171173 v u_list._14907_/A2 (sky130_fd_sc_hd__o21ba_1)
     1    0.004139    0.041318    0.166514   22.337688 v u_list._14907_/X (sky130_fd_sc_hd__o21ba_1)
                                                         u_list._10101_ (net)
                      0.041318    0.000039   22.337727 v u_list._14908_/A2 (sky130_fd_sc_hd__o21a_1)
     1    0.004092    0.040919    0.168214   22.505941 v u_list._14908_/X (sky130_fd_sc_hd__o21a_1)
                                                         u_list._10102_ (net)
                      0.040919    0.000039   22.505980 v u_list._14909_/A2 (sky130_fd_sc_hd__o21ba_1)
     1    0.002562    0.035290    0.159277   22.665257 v u_list._14909_/X (sky130_fd_sc_hd__o21ba_1)
                                                         u_list._10103_ (net)
                      0.035290    0.000005   22.665262 v u_list._14910_/A2 (sky130_fd_sc_hd__o21ba_1)
     1    0.004477    0.042750    0.168335   22.833597 v u_list._14910_/X (sky130_fd_sc_hd__o21ba_1)
                                                         u_list._10104_ (net)
                      0.042750    0.000039   22.833635 v u_list._14911_/A2 (sky130_fd_sc_hd__o21ba_1)
     1    0.006469    0.051825    0.180998   23.014635 v u_list._14911_/X (sky130_fd_sc_hd__o21ba_1)
                                                         u_list._10105_ (net)
                      0.051825    0.000083   23.014717 v u_list._14912_/A2 (sky130_fd_sc_hd__o21ba_1)
     1    0.002597    0.035463    0.163382   23.178101 v u_list._14912_/X (sky130_fd_sc_hd__o21ba_1)
                                                         u_list._10106_ (net)
                      0.035463    0.000005   23.178106 v u_list._14913_/A2 (sky130_fd_sc_hd__o21bai_1)
     2    0.005632    0.159510    0.151040   23.329145 ^ u_list._14913_/Y (sky130_fd_sc_hd__o21bai_1)
                                                         u_list._10107_ (net)
                      0.159510    0.000020   23.329165 ^ u_list._14915_/A2 (sky130_fd_sc_hd__a21o_1)
     2    0.008134    0.082512    0.167475   23.496639 ^ u_list._14915_/X (sky130_fd_sc_hd__a21o_1)
                                                         u_list._10109_ (net)
                      0.082512    0.000016   23.496656 ^ u_list._14916_/A2 (sky130_fd_sc_hd__a21oi_2)
     7    0.016707    0.072311    0.094131   23.590786 v u_list._14916_/Y (sky130_fd_sc_hd__a21oi_2)
                                                         u_list._10110_ (net)
                      0.072311    0.000044   23.590832 v u_list._14983_/C (sky130_fd_sc_hd__or4_2)
     5    0.016007    0.147638    0.690051   24.280882 v u_list._14983_/X (sky130_fd_sc_hd__or4_2)
                                                         u_list._10177_ (net)
                      0.147638    0.000123   24.281004 v u_list._15070_/C (sky130_fd_sc_hd__or3_4)
     8    0.034086    0.108924    0.426581   24.707586 v u_list._15070_/X (sky130_fd_sc_hd__or3_4)
                                                         u_list._10248_ (net)
                      0.108926    0.000743   24.708328 v u_list._15402_/A4 (sky130_fd_sc_hd__o41a_1)
     2    0.005231    0.074874    0.341061   25.049389 v u_list._15402_/X (sky130_fd_sc_hd__o41a_1)
                                                         u_list._10484_ (net)
                      0.074874    0.000020   25.049408 v u_list._15979_/A (sky130_fd_sc_hd__or4_2)
     1    0.012957    0.140501    0.730431   25.779839 v u_list._15979_/X (sky130_fd_sc_hd__or4_2)
                                                         u_list._10909_ (net)
                      0.140501    0.000441   25.780279 v u_list._15980_/A (sky130_fd_sc_hd__or4bb_1)
     1    0.006788    0.105487    0.557325   26.337605 v u_list._15980_/X (sky130_fd_sc_hd__or4bb_1)
                                                         u_list._10910_ (net)
                      0.105487    0.000091   26.337696 v u_list._15986_/C (sky130_fd_sc_hd__or4_1)
     1    0.002596    0.082472    0.475467   26.813162 v u_list._15986_/X (sky130_fd_sc_hd__or4_1)
                                                         u_list._10916_ (net)
                      0.082472    0.000016   26.813179 v u_list._15987_/D (sky130_fd_sc_hd__or4_1)
     1    0.002451    0.081164    0.397726   27.210905 v u_list._15987_/X (sky130_fd_sc_hd__or4_1)
                                                         u_list._10917_ (net)
                      0.081164    0.000004   27.210909 v u_list._15988_/A3 (sky130_fd_sc_hd__o31a_1)
     1    0.009203    0.075222    0.281315   27.492222 v u_list._15988_/X (sky130_fd_sc_hd__o31a_1)
                                                         u_list._00265_ (net)
                      0.075222    0.000169   27.492392 v u_list._22678_/D (sky130_fd_sc_hd__dfxtp_1)
                                             27.492392   data arrival time

                                 20.000000   20.000000   clock clk (rise edge)
                                  0.000000   20.000000   clock source latency
     1    0.074480    0.336952    0.242350   20.242352 ^ clk (in)
                                                         clk (net)
                      0.337908    0.000000   20.242352 ^ clkbuf_0_clk/A (sky130_fd_sc_hd__clkbuf_16)
     4    0.086105    0.105315    0.262920   20.505270 ^ clkbuf_0_clk/X (sky130_fd_sc_hd__clkbuf_16)
                                                         clknet_0_clk (net)
                      0.105410    0.002908   20.508179 ^ clkbuf_2_2_0_clk/A (sky130_fd_sc_hd__clkbuf_8)
    16    0.154276    0.266701    0.309763   20.817942 ^ clkbuf_2_2_0_clk/X (sky130_fd_sc_hd__clkbuf_8)
                                                         clknet_2_2_0_clk (net)
                      0.266705    0.000858   20.818800 ^ clkbuf_6_44_0_clk/A (sky130_fd_sc_hd__clkbuf_8)
     8    0.066150    0.124497    0.263011   21.081810 ^ clkbuf_6_44_0_clk/X (sky130_fd_sc_hd__clkbuf_8)
                                                         clknet_6_44_0_clk (net)
                      0.124498    0.000684   21.082495 ^ clkbuf_leaf_337_clk/A (sky130_fd_sc_hd__clkbuf_8)
    14    0.035196    0.074478    0.180330   21.262825 ^ clkbuf_leaf_337_clk/X (sky130_fd_sc_hd__clkbuf_8)
                                                         clknet_leaf_337_clk (net)
                      0.074478    0.000043   21.262867 ^ u_list._22678_/CLK (sky130_fd_sc_hd__dfxtp_1)
                                 -0.250000   21.012869   clock uncertainty
                                  0.000000   21.012869   clock reconvergence pessimism
                                 -0.116892   20.895977   library setup time
                                             20.895977   data required time
---------------------------------------------------------------------------------------------
                                             20.895977   data required time
                                            -27.492392   data arrival time
---------------------------------------------------------------------------------------------
                                             -6.596414   slack (VIOLATED)
