
===========================================================================
 report_power
============================================================================
======================= nom_tt_025C_1v80 Corner ===================================

Group                    Internal    Switching      Leakage        Total
                            Power        Power        Power        Power (Watts)
------------------------------------------------------------------------
Sequential           3.500884e-02 5.813571e-05 2.841259e-07 3.506726e-02  12.4%
Combinational        8.787689e-02 1.241152e-01 9.013081e-07 2.119930e-01  74.9%
Clock                2.183018e-02 1.420525e-02 7.706726e-08 3.603550e-02  12.7%
Macro                0.000000e+00 0.000000e+00 0.000000e+00 0.000000e+00   0.0%
Pad                  0.000000e+00 0.000000e+00 0.000000e+00 0.000000e+00   0.0%
------------------------------------------------------------------------
Total                1.447714e-01 1.383788e-01 1.262417e-06 2.831514e-01 100.0%
                            51.1%        48.9%         0.0%
Writing metric power__internal__total: 0.14477141201496124
Writing metric power__switching__total: 0.13837875425815582
Writing metric power__leakage__total: 1.2624165037777857e-6
Writing metric power__total: 0.28315141797065735

