
===========================================================================
report_checks -path_delay max (Setup)
============================================================================
======================= nom_tt_025C_1v80 Corner ===================================

Startpoint: u_regs._86212_ (rising edge-triggered flip-flop clocked by clk)
Endpoint: u_align._3147_ (rising edge-triggered flip-flop clocked by clk)
Path Group: clk
Path Type: max

Fanout         Cap        Slew       Delay        Time   Description
---------------------------------------------------------------------------------------------
                                  0.000000    0.000000   clock clk (rise edge)
                                  0.000000    0.000000   clock source latency
     1    0.202932    0.903253    0.692893    0.692893 ^ clk (in)
                                                         clk (net)
                      0.924361    0.000000    0.692893 ^ clkbuf_0_clk/A (sky130_fd_sc_hd__clkbuf_16)
     2    0.061682    0.095352    0.326220    1.019113 ^ clkbuf_0_clk/X (sky130_fd_sc_hd__clkbuf_16)
                                                         clknet_0_clk (net)
                      0.095434    0.002717    1.021830 ^ clkbuf_1_1_0_clk/A (sky130_fd_sc_hd__clkbuf_8)
     2    0.052175    0.101664    0.187304    1.209134 ^ clkbuf_1_1_0_clk/X (sky130_fd_sc_hd__clkbuf_8)
                                                         clknet_1_1_0_clk (net)
                      0.102283    0.006345    1.215479 ^ clkbuf_2_3_0_clk/A (sky130_fd_sc_hd__clkbuf_8)
     1    0.043719    0.087698    0.181350    1.396830 ^ clkbuf_2_3_0_clk/X (sky130_fd_sc_hd__clkbuf_8)
                                                         clknet_2_3_0_clk (net)
                      0.087976    0.003912    1.400742 ^ clkbuf_2_3_1_clk/A (sky130_fd_sc_hd__clkbuf_8)
     4    0.069092    0.128058    0.206797    1.607539 ^ clkbuf_2_3_1_clk/X (sky130_fd_sc_hd__clkbuf_8)
                                                         clknet_2_3_1_clk (net)
                      0.128220    0.003732    1.611271 ^ clkbuf_4_14_0_clk/A (sky130_fd_sc_hd__clkbuf_8)
     2    0.048964    0.096547    0.196585    1.807856 ^ clkbuf_4_14_0_clk/X (sky130_fd_sc_hd__clkbuf_8)
                                                         clknet_4_14_0_clk (net)
                      0.096820    0.004108    1.811964 ^ clkbuf_5_29_0_clk/A (sky130_fd_sc_hd__clkbuf_8)
     8    0.088889    0.159293    0.233746    2.045710 ^ clkbuf_5_29_0_clk/X (sky130_fd_sc_hd__clkbuf_8)
                                                         clknet_5_29_0_clk (net)
                      0.159383    0.001849    2.047559 ^ clkbuf_8_232_0_clk/A (sky130_fd_sc_hd__clkbuf_8)
     2    0.022657    0.055899    0.175860    2.223419 ^ clkbuf_8_232_0_clk/X (sky130_fd_sc_hd__clkbuf_8)
                                                         clknet_8_232_0_clk (net)
                      0.055902    0.000430    2.223849 ^ clkbuf_9_464__f_clk/A (sky130_fd_sc_hd__clkbuf_16)
    12    0.078435    0.095321    0.174543    2.398393 ^ clkbuf_9_464__f_clk/X (sky130_fd_sc_hd__clkbuf_16)
                                                         clknet_9_464__leaf_clk (net)
                      0.095321    0.000391    2.398784 ^ clkbuf_leaf_1999_clk/A (sky130_fd_sc_hd__clkbuf_8)
     8    0.035772    0.075295    0.170333    2.569117 ^ clkbuf_leaf_1999_clk/X (sky130_fd_sc_hd__clkbuf_8)
                                                         clknet_leaf_1999_clk (net)
                      0.075295    0.000062    2.569179 ^ u_regs._86212_/CLK (sky130_fd_sc_hd__dfxtp_1)
     1    0.007991    0.087575    0.345400    2.914579 ^ u_regs._86212_/Q (sky130_fd_sc_hd__dfxtp_1)
                                                         cfg_mode (net)
                      0.087575    0.000029    2.914608 ^ fanout22415/A (sky130_fd_sc_hd__buf_8)
     5    0.101197    0.165965    0.201686    3.116295 ^ fanout22415/X (sky130_fd_sc_hd__buf_8)
                                                         net22415 (net)
                      0.165965    0.000129    3.116424 ^ fanout22409/A (sky130_fd_sc_hd__clkbuf_4)
     5    0.039952    0.128687    0.240189    3.356612 ^ fanout22409/X (sky130_fd_sc_hd__clkbuf_4)
                                                         net22409 (net)
                      0.128692    0.000950    3.357562 ^ _1347_/S (sky130_fd_sc_hd__mux2_2)
     1    0.025921    0.104909    0.421392    3.778954 v _1347_/X (sky130_fd_sc_hd__mux2_2)
                                                         cur_set[0] (net)
                      0.104934    0.001660    3.780615 v fanout20359/A (sky130_fd_sc_hd__buf_8)
     3    0.069177    0.059840    0.179659    3.960274 v fanout20359/X (sky130_fd_sc_hd__buf_8)
                                                         net20359 (net)
                      0.062608    0.010038    3.970312 v fanout20178/A (sky130_fd_sc_hd__clkbuf_8)
     5    0.074749    0.088705    0.196862    4.167173 v fanout20178/X (sky130_fd_sc_hd__clkbuf_8)
                                                         net20178 (net)
                      0.090395    0.009570    4.176744 v fanout20118/A (sky130_fd_sc_hd__buf_2)
     5    0.027675    0.075183    0.188632    4.365376 v fanout20118/X (sky130_fd_sc_hd__buf_2)
                                                         net20118 (net)
                      0.075183    0.000249    4.365625 v fanout20116/A (sky130_fd_sc_hd__clkbuf_4)
     7    0.040136    0.090171    0.204758    4.570383 v fanout20116/X (sky130_fd_sc_hd__clkbuf_4)
                                                         net20116 (net)
                      0.090171    0.000109    4.570492 v fanout20114/A (sky130_fd_sc_hd__clkbuf_4)
    10    0.046835    0.101946    0.222268    4.792759 v fanout20114/X (sky130_fd_sc_hd__clkbuf_4)
                                                         net20114 (net)
                      0.101948    0.000603    4.793362 v u_tab._071039_/A (sky130_fd_sc_hd__inv_2)
     1    0.011991    0.065883    0.094903    4.888266 ^ u_tab._071039_/Y (sky130_fd_sc_hd__inv_2)
                                                         u_tab._025543_ (net)
                      0.065883    0.000218    4.888484 ^ fanout16592/A (sky130_fd_sc_hd__buf_8)
     5    0.113584    0.185798    0.196418    5.084901 ^ fanout16592/X (sky130_fd_sc_hd__buf_8)
                                                         net16592 (net)
                      0.185798    0.000041    5.084943 ^ fanout16582/A (sky130_fd_sc_hd__buf_8)
     3    0.079742    0.134349    0.201354    5.286296 ^ fanout16582/X (sky130_fd_sc_hd__buf_8)
                                                         net16582 (net)
                      0.134349    0.000281    5.286577 ^ max_cap16583/A (sky130_fd_sc_hd__buf_12)
     6    0.105253    0.128855    0.183415    5.469992 ^ max_cap16583/X (sky130_fd_sc_hd__buf_12)
                                                         net16583 (net)
                      0.130739    0.012398    5.482389 ^ fanout16576/A (sky130_fd_sc_hd__clkbuf_8)
    10    0.077213    0.140439    0.230661    5.713050 ^ fanout16576/X (sky130_fd_sc_hd__clkbuf_8)
                                                         net16576 (net)
                      0.140897    0.006458    5.719508 ^ u_tab._071172_/A (sky130_fd_sc_hd__nor2_8)
     4    0.087693    0.091181    0.107129    5.826637 v u_tab._071172_/Y (sky130_fd_sc_hd__nor2_8)
                                                         u_tab._025676_ (net)
                      0.092729    0.009299    5.835936 v fanout13155/A (sky130_fd_sc_hd__clkbuf_4)
     6    0.033644    0.078305    0.203265    6.039200 v fanout13155/X (sky130_fd_sc_hd__clkbuf_4)
                                                         net13155 (net)
                      0.078305    0.000147    6.039348 v fanout13154/A (sky130_fd_sc_hd__buf_6)
    10    0.085922    0.081382    0.186568    6.225915 v fanout13154/X (sky130_fd_sc_hd__buf_6)
                                                         net13154 (net)
                      0.081731    0.004265    6.230181 v u_tab._071175_/A (sky130_fd_sc_hd__nor2_8)
     3    0.086421    0.324577    0.307216    6.537396 ^ u_tab._071175_/Y (sky130_fd_sc_hd__nor2_8)
                                                         u_tab._025679_ (net)
                      0.324652    0.004055    6.541452 ^ fanout10782/A (sky130_fd_sc_hd__buf_6)
     5    0.082253    0.167128    0.249228    6.790680 ^ fanout10782/X (sky130_fd_sc_hd__buf_6)
                                                         net10782 (net)
                      0.167128    0.000134    6.790813 ^ fanout10771/A (sky130_fd_sc_hd__clkbuf_8)
     7    0.069447    0.128977    0.233786    7.024600 ^ fanout10771/X (sky130_fd_sc_hd__clkbuf_8)
                                                         net10771 (net)
                      0.128979    0.000479    7.025078 ^ fanout10770/A (sky130_fd_sc_hd__clkbuf_4)
     6    0.037206    0.120838    0.221842    7.246920 ^ fanout10770/X (sky130_fd_sc_hd__clkbuf_4)
                                                         net10770 (net)
                      0.120838    0.000062    7.246982 ^ fanout10769/A (sky130_fd_sc_hd__buf_4)
    10    0.051346    0.147059    0.215767    7.462750 ^ fanout10769/X (sky130_fd_sc_hd__buf_4)
                                                         net10769 (net)
                      0.147077    0.001664    7.464413 ^ u_tab._071314_/B (sky130_fd_sc_hd__nor2_1)
     1    0.006529    0.054206    0.078376    7.542790 v u_tab._071314_/Y (sky130_fd_sc_hd__nor2_1)
                                                         u_tab._025807_ (net)
                      0.054206    0.000073    7.542862 v fanout9918/A (sky130_fd_sc_hd__buf_6)
     5    0.079708    0.077512    0.167748    7.710610 v fanout9918/X (sky130_fd_sc_hd__buf_6)
                                                         net9918 (net)
                      0.078037    0.005120    7.715731 v fanout9905/A (sky130_fd_sc_hd__clkbuf_8)
     6    0.081459    0.093927    0.212925    7.928655 v fanout9905/X (sky130_fd_sc_hd__clkbuf_8)
                                                         net9905 (net)
                      0.094132    0.002903    7.931559 v fanout9900/A (sky130_fd_sc_hd__clkbuf_8)
    10    0.070506    0.087966    0.210459    8.142018 v fanout9900/X (sky130_fd_sc_hd__clkbuf_8)
                                                         net9900 (net)
                      0.088431    0.005000    8.147018 v u_tab._072045_/B (sky130_fd_sc_hd__nor2_8)
     4    0.106918    0.394896    0.327240    8.474258 ^ u_tab._072045_/Y (sky130_fd_sc_hd__nor2_8)
                                                         u_tab._026483_ (net)
                      0.394902    0.001229    8.475487 ^ fanout9312/A (sky130_fd_sc_hd__clkbuf_8)
     6    0.065189    0.125085    0.287695    8.763183 ^ fanout9312/X (sky130_fd_sc_hd__clkbuf_8)
                                                         net9312 (net)
                      0.125174    0.003146    8.766329 ^ fanout9300/A (sky130_fd_sc_hd__clkbuf_4)
     5    0.040424    0.129743    0.227394    8.993723 ^ fanout9300/X (sky130_fd_sc_hd__clkbuf_4)
                                                         net9300 (net)
                      0.129747    0.000884    8.994606 ^ fanout9296/A (sky130_fd_sc_hd__buf_4)
    10    0.050569    0.145156    0.216535    9.211142 ^ fanout9296/X (sky130_fd_sc_hd__buf_4)
                                                         net9296 (net)
                      0.145188    0.002099    9.213241 ^ u_tab._101324_/S (sky130_fd_sc_hd__mux2_1)
     1    0.002042    0.052393    0.325899    9.539140 v u_tab._101324_/X (sky130_fd_sc_hd__mux2_1)
                                                         u_tab._054915_ (net)
                      0.052393    0.000002    9.539142 v u_tab._101325_/A1 (sky130_fd_sc_hd__mux2_1)
     1    0.005652    0.069037    0.310409    9.849550 v u_tab._101325_/X (sky130_fd_sc_hd__mux2_1)
                                                         u_tab._054916_ (net)
                      0.069037    0.000091    9.849642 v u_tab._101328_/A2 (sky130_fd_sc_hd__o21a_1)
     2    0.004756    0.043832    0.182268   10.031910 v u_tab._101328_/X (sky130_fd_sc_hd__o21a_1)
                                                         limit_la_flat[316] (net)
                      0.043832    0.000037   10.031947 v u_dec._3627_/A_N (sky130_fd_sc_hd__nand2b_1)
     1    0.002733    0.047074    0.134333   10.166280 v u_dec._3627_/Y (sky130_fd_sc_hd__nand2b_1)
                                                         u_dec._0465_ (net)
                      0.047074    0.000006   10.166286 v u_dec._3630_/A3 (sky130_fd_sc_hd__a311o_1)
     1    0.004308    0.060443    0.352389   10.518675 v u_dec._3630_/X (sky130_fd_sc_hd__a311o_1)
                                                         u_dec._0468_ (net)
                      0.060443    0.000034   10.518709 v u_dec._3632_/A2 (sky130_fd_sc_hd__a21o_2)
     1    0.025034    0.084580    0.270606   10.789314 v u_dec._3632_/X (sky130_fd_sc_hd__a21o_2)
                                                         u_dec._0470_ (net)
                      0.084598    0.001298   10.790612 v u_dec._3637_/A1 (sky130_fd_sc_hd__a21o_2)
     1    0.034686    0.107966    0.276793   11.067405 v u_dec._3637_/X (sky130_fd_sc_hd__a21o_2)
                                                         u_dec._0475_ (net)
                      0.108281    0.004050   11.071455 v u_dec._3640_/A1 (sky130_fd_sc_hd__a32o_1)
     1    0.006689    0.058457    0.259973   11.331429 v u_dec._3640_/X (sky130_fd_sc_hd__a32o_1)
                                                         u_dec._0478_ (net)
                      0.058457    0.000132   11.331561 v u_dec._3641_/B2 (sky130_fd_sc_hd__a221o_1)
     1    0.002581    0.052064    0.314352   11.645913 v u_dec._3641_/X (sky130_fd_sc_hd__a221o_1)
                                                         u_dec._0479_ (net)
                      0.052064    0.000007   11.645920 v u_dec._3642_/B2 (sky130_fd_sc_hd__a22o_1)
     1    0.008528    0.065926    0.226164   11.872084 v u_dec._3642_/X (sky130_fd_sc_hd__a22o_1)
                                                         u_dec._0480_ (net)
                      0.065926    0.000147   11.872231 v u_dec._3643_/B2 (sky130_fd_sc_hd__a221o_1)
     1    0.011309    0.092682    0.372426   12.244657 v u_dec._3643_/X (sky130_fd_sc_hd__a221o_1)
                                                         u_dec._0481_ (net)
                      0.092682    0.000266   12.244922 v u_dec._3648_/A2 (sky130_fd_sc_hd__a211o_1)
     1    0.002877    0.049116    0.301525   12.546447 v u_dec._3648_/X (sky130_fd_sc_hd__a211o_1)
                                                         u_dec._0486_ (net)
                      0.049116    0.000009   12.546455 v u_dec._3652_/A1 (sky130_fd_sc_hd__a21o_1)
     2    0.013490    0.076506    0.196869   12.743325 v u_dec._3652_/X (sky130_fd_sc_hd__a21o_1)
                                                         u_dec._0490_ (net)
                      0.076508    0.000558   12.743883 v u_dec._3995_/B1_N (sky130_fd_sc_hd__o21bai_1)
     1    0.002770    0.049750    0.160746   12.904629 v u_dec._3995_/Y (sky130_fd_sc_hd__o21bai_1)
                                                         u_dec._0832_ (net)
                      0.049750    0.000006   12.904635 v u_dec._3996_/A2 (sky130_fd_sc_hd__a21bo_1)
     1    0.003211    0.036175    0.187987   13.092623 v u_dec._3996_/X (sky130_fd_sc_hd__a21bo_1)
                                                         u_dec._0833_ (net)
                      0.036175    0.000013   13.092636 v u_dec._3997_/A2 (sky130_fd_sc_hd__a21bo_1)
     1    0.003112    0.035661    0.181848   13.274484 v u_dec._3997_/X (sky130_fd_sc_hd__a21bo_1)
                                                         u_dec._0834_ (net)
                      0.035661    0.000011   13.274495 v u_dec._3998_/A2 (sky130_fd_sc_hd__a211o_1)
     1    0.002853    0.048927    0.280211   13.554707 v u_dec._3998_/X (sky130_fd_sc_hd__a211o_1)
                                                         u_dec._0835_ (net)
                      0.048927    0.000006   13.554712 v u_dec._3999_/A2 (sky130_fd_sc_hd__a21bo_1)
     1    0.002840    0.035680    0.185252   13.739964 v u_dec._3999_/X (sky130_fd_sc_hd__a21bo_1)
                                                         u_dec._0836_ (net)
                      0.035680    0.000008   13.739972 v u_dec._4000_/A2 (sky130_fd_sc_hd__a21oi_1)
     1    0.010168    0.241420    0.235700   13.975673 ^ u_dec._4000_/Y (sky130_fd_sc_hd__a21oi_1)
                                                         u_dec._0837_ (net)
                      0.241421    0.000318   13.975990 ^ u_dec._4001_/A3 (sky130_fd_sc_hd__o31a_2)
     2    0.021598    0.127755    0.233885   14.209875 ^ u_dec._4001_/X (sky130_fd_sc_hd__o31a_2)
                                                         u_dec._0838_ (net)
                      0.127761    0.001073   14.210948 ^ u_dec._4003_/A2 (sky130_fd_sc_hd__o21ai_4)
     4    0.035816    0.106766    0.114461   14.325410 v u_dec._4003_/Y (sky130_fd_sc_hd__o21ai_4)
                                                         u_dec._0840_ (net)
                      0.106898    0.002886   14.328296 v u_dec._4004_/B (sky130_fd_sc_hd__nand2_2)
     2    0.015944    0.098654    0.131029   14.459324 ^ u_dec._4004_/Y (sky130_fd_sc_hd__nand2_2)
                                                         len_c0[0] (net)
                      0.098654    0.000142   14.459466 ^ fanout5876/A (sky130_fd_sc_hd__buf_6)
     8    0.084024    0.170427    0.204043   14.663509 ^ fanout5876/X (sky130_fd_sc_hd__buf_6)
                                                         net5876 (net)
                      0.170439    0.001248   14.664757 ^ fanout5846/A (sky130_fd_sc_hd__clkbuf_4)
    10    0.045359    0.143715    0.252989   14.917746 ^ fanout5846/X (sky130_fd_sc_hd__clkbuf_4)
                                                         net5846 (net)
                      0.143723    0.001210   14.918956 ^ fanout5845/A (sky130_fd_sc_hd__buf_4)
     9    0.048917    0.140923    0.217263   15.136218 ^ fanout5845/X (sky130_fd_sc_hd__buf_4)
                                                         net5845 (net)
                      0.140923    0.000004   15.136222 ^ fanout5844/A (sky130_fd_sc_hd__clkbuf_4)
    10    0.046683    0.147381    0.245429   15.381650 ^ fanout5844/X (sky130_fd_sc_hd__clkbuf_4)
                                                         net5844 (net)
                      0.147394    0.001483   15.383134 ^ u_dec._4043_/S (sky130_fd_sc_hd__mux2_1)
     2    0.006462    0.073079    0.359732   15.742866 v u_dec._4043_/X (sky130_fd_sc_hd__mux2_1)
                                                         u_dec._0874_ (net)
                      0.073079    0.000094   15.742959 v u_dec._4044_/A1 (sky130_fd_sc_hd__mux2_1)
     2    0.004577    0.064015    0.310587   16.053547 v u_dec._4044_/X (sky130_fd_sc_hd__mux2_1)
                                                         u_dec._0875_ (net)
                      0.064015    0.000020   16.053566 v u_dec._4103_/A1 (sky130_fd_sc_hd__mux2_1)
     2    0.006233    0.071906    0.318416   16.371981 v u_dec._4103_/X (sky130_fd_sc_hd__mux2_1)
                                                         u_dec._0930_ (net)
                      0.071906    0.000036   16.372017 v u_dec._4122_/B (sky130_fd_sc_hd__nand2_1)
     2    0.008038    0.087758    0.105798   16.477816 ^ u_dec._4122_/Y (sky130_fd_sc_hd__nand2_1)
                                                         u_dec._0941_ (net)
                      0.087758    0.000163   16.477978 ^ u_dec._4144_/A2_N (sky130_fd_sc_hd__a2bb2o_1)
     1    0.002823    0.052148    0.280604   16.758583 v u_dec._4144_/X (sky130_fd_sc_hd__a2bb2o_1)
                                                         u_dec._0955_ (net)
                      0.052148    0.000011   16.758593 v u_dec._4147_/C1 (sky130_fd_sc_hd__a221o_1)
     1    0.001800    0.047517    0.247324   17.005917 v u_dec._4147_/X (sky130_fd_sc_hd__a221o_1)
                                                         u_dec._0958_ (net)
                      0.047517    0.000004   17.005920 v u_dec._4157_/A (sky130_fd_sc_hd__or4_1)
     1    0.002326    0.080117    0.505409   17.511330 v u_dec._4157_/X (sky130_fd_sc_hd__or4_1)
                                                         u_dec._0968_ (net)
                      0.080117    0.000009   17.511339 v u_dec._4165_/A (sky130_fd_sc_hd__or4b_1)
     1    0.002363    0.080805    0.514961   18.026299 v u_dec._4165_/X (sky130_fd_sc_hd__or4b_1)
                                                         u_dec._0976_ (net)
                      0.080805    0.000012   18.026312 v u_dec._4166_/C (sky130_fd_sc_hd__or4b_1)
     1    0.004646    0.094499    0.488363   18.514675 v u_dec._4166_/X (sky130_fd_sc_hd__or4b_1)
                                                         u_dec._0977_ (net)
                      0.094499    0.000052   18.514727 v u_dec._4167_/C1 (sky130_fd_sc_hd__a2111oi_1)
     1    0.003252    0.332010    0.340949   18.855675 ^ u_dec._4167_/Y (sky130_fd_sc_hd__a2111oi_1)
                                                         eob_c0 (net)
                      0.332010    0.000025   18.855700 ^ wire4299/A (sky130_fd_sc_hd__dlymetal6s2s_1)
     1    0.013993    0.160224    0.234037   19.089737 ^ wire4299/X (sky130_fd_sc_hd__dlymetal6s2s_1)
                                                         net4299 (net)
                      0.160224    0.000638   19.090374 ^ wire4298/A (sky130_fd_sc_hd__clkbuf_2)
     1    0.014392    0.086129    0.172991   19.263365 ^ wire4298/X (sky130_fd_sc_hd__clkbuf_2)
                                                         net4298 (net)
                      0.086132    0.000670   19.264034 ^ wire4297/A (sky130_fd_sc_hd__clkbuf_4)
     1    0.014295    0.058301    0.157813   19.421848 ^ wire4297/X (sky130_fd_sc_hd__clkbuf_4)
                                                         net4297 (net)
                      0.058306    0.000659   19.422506 ^ wire4296/A (sky130_fd_sc_hd__buf_4)
     2    0.014091    0.051081    0.121704   19.544210 ^ wire4296/X (sky130_fd_sc_hd__buf_4)
                                                         net4296 (net)
                      0.051087    0.000625   19.544836 ^ _1315_/A (sky130_fd_sc_hd__and4_1)
     5    0.011163    0.130399    0.224528   19.769363 ^ _1315_/X (sky130_fd_sc_hd__and4_1)
                                                         _0003_ (net)
                      0.130399    0.000018   19.769381 ^ _1331_/A (sky130_fd_sc_hd__and2_1)
     1    0.005535    0.069832    0.157367   19.926748 ^ _1331_/X (sky130_fd_sc_hd__and2_1)
                                                         _1146_ (net)
                      0.069832    0.000028   19.926777 ^ _1332_/A (sky130_fd_sc_hd__inv_2)
     2    0.006903    0.026233    0.040687   19.967464 v _1332_/Y (sky130_fd_sc_hd__inv_2)
                                                         _1147_ (net)
                      0.026233    0.000027   19.967491 v _1333_/B (sky130_fd_sc_hd__nand2_2)
     7    0.022635    0.129106    0.117561   20.085052 ^ _1333_/Y (sky130_fd_sc_hd__nand2_2)
                                                         _1148_ (net)
                      0.129106    0.000030   20.085083 ^ _1482_/A (sky130_fd_sc_hd__or2_1)
     2    0.012245    0.122585    0.178458   20.263540 ^ _1482_/X (sky130_fd_sc_hd__or2_1)
                                                         consume_en (net)
                      0.122585    0.000099   20.263639 ^ u_align._1557_/B (sky130_fd_sc_hd__nand2_4)
     9    0.030209    0.084567    0.100469   20.364109 v u_align._1557_/Y (sky130_fd_sc_hd__nand2_4)
                                                         u_align._1169_ (net)
                      0.084567    0.000137   20.364246 v u_align._1558_/B (sky130_fd_sc_hd__nor2_2)
     5    0.023058    0.263292    0.236808   20.601053 ^ u_align._1558_/Y (sky130_fd_sc_hd__nor2_2)
                                                         u_align._1170_ (net)
                      0.263292    0.000135   20.601189 ^ u_align._1574_/A2_N (sky130_fd_sc_hd__o2bb2a_4)
     9    0.037612    0.076134    0.234458   20.835648 v u_align._1574_/X (sky130_fd_sc_hd__o2bb2a_4)
                                                         u_align._1186_ (net)
                      0.076135    0.000313   20.835958 v u_align._1582_/A2 (sky130_fd_sc_hd__a211o_1)
     3    0.007505    0.071733    0.324734   21.160694 v u_align._1582_/X (sky130_fd_sc_hd__a211o_1)
                                                         u_align._1194_ (net)
                      0.071733    0.000014   21.160707 v u_align._1585_/A3 (sky130_fd_sc_hd__a311o_1)
     2    0.004854    0.063388    0.365727   21.526434 v u_align._1585_/X (sky130_fd_sc_hd__a311o_1)
                                                         u_align._1197_ (net)
                      0.063388    0.000027   21.526461 v u_align._1587_/A2 (sky130_fd_sc_hd__a21o_2)
     5    0.019973    0.072852    0.260654   21.787115 v u_align._1587_/X (sky130_fd_sc_hd__a21o_2)
                                                         u_align._1199_ (net)
                      0.072852    0.000204   21.787319 v u_align._1594_/A1 (sky130_fd_sc_hd__a21o_1)
     2    0.007763    0.054505    0.184670   21.971989 v u_align._1594_/X (sky130_fd_sc_hd__a21o_1)
                                                         u_align._1206_ (net)
                      0.054505    0.000076   21.972065 v fanout305/A (sky130_fd_sc_hd__clkbuf_4)
    10    0.036870    0.084057    0.191049   22.163115 v fanout305/X (sky130_fd_sc_hd__clkbuf_4)
                                                         net305 (net)
                      0.084057    0.000203   22.163317 v u_align._1934_/S (sky130_fd_sc_hd__mux2_1)
     1    0.004834    0.065125    0.333097   22.496414 v u_align._1934_/X (sky130_fd_sc_hd__mux2_1)
                                                         u_align._1465_ (net)
                      0.065125    0.000069   22.496483 v fanout261/A (sky130_fd_sc_hd__buf_2)
     6    0.028307    0.076735    0.177925   22.674408 v fanout261/X (sky130_fd_sc_hd__buf_2)
                                                         net261 (net)
                      0.076735    0.000009   22.674417 v fanout254/A (sky130_fd_sc_hd__clkbuf_4)
    10    0.036666    0.083809    0.200476   22.874893 v fanout254/X (sky130_fd_sc_hd__clkbuf_4)
                                                         net254 (net)
                      0.083809    0.000140   22.875034 v u_align._2722_/B (sky130_fd_sc_hd__nor2_1)
     3    0.008894    0.180298    0.171173   23.046207 ^ u_align._2722_/Y (sky130_fd_sc_hd__nor2_1)
                                                         u_align._0927_ (net)
                      0.180298    0.000014   23.046221 ^ u_align._2725_/A2 (sky130_fd_sc_hd__o211a_1)
     3    0.009576    0.096108    0.199419   23.245640 ^ u_align._2725_/X (sky130_fd_sc_hd__o211a_1)
                                                         u_align._0930_ (net)
                      0.096108    0.000027   23.245667 ^ u_align._2727_/A3 (sky130_fd_sc_hd__o31ai_2)
     4    0.010850    0.074972    0.087349   23.333015 v u_align._2727_/Y (sky130_fd_sc_hd__o31ai_2)
                                                         u_align._0932_ (net)
                      0.074973    0.000110   23.333126 v u_align._2732_/A2 (sky130_fd_sc_hd__a2111o_1)
     5    0.013578    0.110431    0.477970   23.811096 v u_align._2732_/X (sky130_fd_sc_hd__a2111o_1)
                                                         u_align._0937_ (net)
                      0.110431    0.000037   23.811132 v u_align._2734_/D (sky130_fd_sc_hd__or4_2)
     5    0.013789    0.146283    0.622521   24.433655 v u_align._2734_/X (sky130_fd_sc_hd__or4_2)
                                                         u_align._0939_ (net)
                      0.146283    0.000041   24.433695 v u_align._2736_/B (sky130_fd_sc_hd__or4b_2)
     6    0.014352    0.143796    0.732630   25.166325 v u_align._2736_/X (sky130_fd_sc_hd__or4b_2)
                                                         u_align._0941_ (net)
                      0.143796    0.000083   25.166409 v u_align._2742_/B (sky130_fd_sc_hd__or2_1)
     4    0.009131    0.076222    0.278112   25.444521 v u_align._2742_/X (sky130_fd_sc_hd__or2_1)
                                                         u_align._0947_ (net)
                      0.076222    0.000048   25.444569 v u_align._2743_/B (sky130_fd_sc_hd__or2_1)
     5    0.012907    0.092253    0.267564   25.712132 v u_align._2743_/X (sky130_fd_sc_hd__or2_1)
                                                         u_align._0948_ (net)
                      0.092253    0.000046   25.712177 v u_align._2745_/D (sky130_fd_sc_hd__or4_1)
     3    0.008143    0.118671    0.456787   26.168964 v u_align._2745_/X (sky130_fd_sc_hd__or4_1)
                                                         u_align._0950_ (net)
                      0.118671    0.000069   26.169033 v u_align._2779_/D (sky130_fd_sc_hd__or4_1)
     3    0.007667    0.118409    0.460373   26.629408 v u_align._2779_/X (sky130_fd_sc_hd__or4_1)
                                                         u_align._0984_ (net)
                      0.118409    0.000020   26.629427 v u_align._2843_/B (sky130_fd_sc_hd__or2_1)
     4    0.011898    0.087850    0.279563   26.908989 v u_align._2843_/X (sky130_fd_sc_hd__or2_1)
                                                         u_align._1019_ (net)
                      0.087850    0.000041   26.909031 v u_align._2849_/C (sky130_fd_sc_hd__or3_1)
     2    0.005467    0.082467    0.336739   27.245770 v u_align._2849_/X (sky130_fd_sc_hd__or3_1)
                                                         u_align._1023_ (net)
                      0.082467    0.000016   27.245785 v u_align._2852_/A3 (sky130_fd_sc_hd__a32o_1)
     1    0.002038    0.038544    0.260091   27.505877 v u_align._2852_/X (sky130_fd_sc_hd__a32o_1)
                                                         u_align._0181_ (net)
                      0.038544    0.000004   27.505878 v u_align._3147_/D (sky130_fd_sc_hd__dfxtp_1)
                                             27.505878   data arrival time

                                 27.000000   27.000000   clock clk (rise edge)
                                  0.000000   27.000000   clock source latency
     1    0.202932    0.903253    0.692893   27.692892 ^ clk (in)
                                                         clk (net)
                      0.924361    0.000000   27.692892 ^ clkbuf_0_clk/A (sky130_fd_sc_hd__clkbuf_16)
     2    0.061682    0.095352    0.326219   28.019112 ^ clkbuf_0_clk/X (sky130_fd_sc_hd__clkbuf_16)
                                                         clknet_0_clk (net)
                      0.095434    0.002718   28.021830 ^ clkbuf_1_1_0_clk/A (sky130_fd_sc_hd__clkbuf_8)
     2    0.052175    0.101664    0.187304   28.209133 ^ clkbuf_1_1_0_clk/X (sky130_fd_sc_hd__clkbuf_8)
                                                         clknet_1_1_0_clk (net)
                      0.102283    0.006345   28.215479 ^ clkbuf_2_3_0_clk/A (sky130_fd_sc_hd__clkbuf_8)
     1    0.043719    0.087698    0.181350   28.396830 ^ clkbuf_2_3_0_clk/X (sky130_fd_sc_hd__clkbuf_8)
                                                         clknet_2_3_0_clk (net)
                      0.087976    0.003912   28.400740 ^ clkbuf_2_3_1_clk/A (sky130_fd_sc_hd__clkbuf_8)
     4    0.069092    0.128058    0.206798   28.607538 ^ clkbuf_2_3_1_clk/X (sky130_fd_sc_hd__clkbuf_8)
                                                         clknet_2_3_1_clk (net)
                      0.128220    0.003732   28.611271 ^ clkbuf_4_14_0_clk/A (sky130_fd_sc_hd__clkbuf_8)
     2    0.048964    0.096547    0.196584   28.807856 ^ clkbuf_4_14_0_clk/X (sky130_fd_sc_hd__clkbuf_8)
                                                         clknet_4_14_0_clk (net)
                      0.096820    0.004109   28.811964 ^ clkbuf_5_29_0_clk/A (sky130_fd_sc_hd__clkbuf_8)
     8    0.088889    0.159293    0.233745   29.045710 ^ clkbuf_5_29_0_clk/X (sky130_fd_sc_hd__clkbuf_8)
                                                         clknet_5_29_0_clk (net)
                      0.159380    0.001739   29.047447 ^ clkbuf_8_233_0_clk/A (sky130_fd_sc_hd__clkbuf_8)
     2    0.022477    0.055623    0.175609   29.223057 ^ clkbuf_8_233_0_clk/X (sky130_fd_sc_hd__clkbuf_8)
                                                         clknet_8_233_0_clk (net)
                      0.055628    0.000513   29.223570 ^ clkbuf_9_466__f_clk/A (sky130_fd_sc_hd__clkbuf_16)
    10    0.068745    0.086209    0.167272   29.390842 ^ clkbuf_9_466__f_clk/X (sky130_fd_sc_hd__clkbuf_16)
                                                         clknet_9_466__leaf_clk (net)
                      0.086209    0.000064   29.390907 ^ clkbuf_leaf_2108_clk/A (sky130_fd_sc_hd__clkbuf_8)
     7    0.025106    0.058822    0.153923   29.544830 ^ clkbuf_leaf_2108_clk/X (sky130_fd_sc_hd__clkbuf_8)
                                                         clknet_leaf_2108_clk (net)
                      0.058822    0.000044   29.544874 ^ u_align._3147_/CLK (sky130_fd_sc_hd__dfxtp_1)
                                 -0.250000   29.294874   clock uncertainty
                                  0.000000   29.294874   clock reconvergence pessimism
                                 -0.104469   29.190405   library setup time
                                             29.190405   data required time
---------------------------------------------------------------------------------------------
                                             29.190405   data required time
                                            -27.505878   data arrival time
---------------------------------------------------------------------------------------------
                                              1.684526   slack (MET)


