Startpoint: u_regs._86212_ (rising edge-triggered flip-flop clocked by clk)
Endpoint: u_align._3147_ (rising edge-triggered flip-flop clocked by clk)
Path Group: clk
Path Type: max

Fanout         Cap        Slew       Delay        Time   Description
---------------------------------------------------------------------------------------------
                                  0.000000    0.000000   clock clk (rise edge)
                                  0.000000    0.000000   clock source latency
     1    0.202494    0.901362    0.691281    0.691281 ^ clk (in)
                                                         clk (net)
                      0.922334    0.000000    0.691281 ^ clkbuf_0_clk/A (sky130_fd_sc_hd__clkbuf_16)
     2    0.062524    0.095989    0.326685    1.017966 ^ clkbuf_0_clk/X (sky130_fd_sc_hd__clkbuf_16)
                                                         clknet_0_clk (net)
                      0.096309    0.003016    1.020983 ^ clkbuf_1_1_0_clk/A (sky130_fd_sc_hd__clkbuf_8)
     2    0.050320    0.098691    0.185682    1.206665 ^ clkbuf_1_1_0_clk/X (sky130_fd_sc_hd__clkbuf_8)
                                                         clknet_1_1_0_clk (net)
                      0.099209    0.005725    1.212390 ^ clkbuf_2_3_0_clk/A (sky130_fd_sc_hd__clkbuf_8)
     1    0.043852    0.087903    0.180367    1.392757 ^ clkbuf_2_3_0_clk/X (sky130_fd_sc_hd__clkbuf_8)
                                                         clknet_2_3_0_clk (net)
                      0.088183    0.003932    1.396689 ^ clkbuf_2_3_1_clk/A (sky130_fd_sc_hd__clkbuf_8)
     4    0.067808    0.126006    0.205348    1.602037 ^ clkbuf_2_3_1_clk/X (sky130_fd_sc_hd__clkbuf_8)
                                                         clknet_2_3_1_clk (net)
                      0.126161    0.003622    1.605658 ^ clkbuf_4_14_0_clk/A (sky130_fd_sc_hd__clkbuf_8)
     2    0.049027    0.096622    0.196033    1.801691 ^ clkbuf_4_14_0_clk/X (sky130_fd_sc_hd__clkbuf_8)
                                                         clknet_4_14_0_clk (net)
                      0.096832    0.003620    1.805311 ^ clkbuf_5_28_0_clk/A (sky130_fd_sc_hd__clkbuf_8)
     8    0.089321    0.159994    0.234284    2.039596 ^ clkbuf_5_28_0_clk/X (sky130_fd_sc_hd__clkbuf_8)
                                                         clknet_5_28_0_clk (net)
                      0.160078    0.001667    2.041262 ^ clkbuf_8_227_0_clk/A (sky130_fd_sc_hd__clkbuf_8)
     2    0.022460    0.055620    0.175841    2.217103 ^ clkbuf_8_227_0_clk/X (sky130_fd_sc_hd__clkbuf_8)
                                                         clknet_8_227_0_clk (net)
                      0.055622    0.000368    2.217472 ^ clkbuf_9_455__f_clk/A (sky130_fd_sc_hd__clkbuf_16)
    10    0.062470    0.080373    0.162522    2.379994 ^ clkbuf_9_455__f_clk/X (sky130_fd_sc_hd__clkbuf_16)
                                                         clknet_9_455__leaf_clk (net)
                      0.080376    0.000619    2.380613 ^ clkbuf_leaf_1925_clk/A (sky130_fd_sc_hd__clkbuf_8)
     9    0.029548    0.065609    0.157188    2.537801 ^ clkbuf_leaf_1925_clk/X (sky130_fd_sc_hd__clkbuf_8)
                                                         clknet_leaf_1925_clk (net)
                      0.065609    0.000071    2.537872 ^ u_regs._86212_/CLK (sky130_fd_sc_hd__dfxtp_1)
     1    0.004800    0.059488    0.320729    2.858601 ^ u_regs._86212_/Q (sky130_fd_sc_hd__dfxtp_1)
                                                         cfg_mode (net)
                      0.059488    0.000017    2.858617 ^ fanout22424/A (sky130_fd_sc_hd__clkbuf_8)
     5    0.076583    0.138751    0.205705    3.064323 ^ fanout22424/X (sky130_fd_sc_hd__clkbuf_8)
                                                         net22424 (net)
                      0.138751    0.000170    3.064493 ^ fanout22423/A (sky130_fd_sc_hd__clkbuf_8)
     7    0.076719    0.139685    0.232335    3.296828 ^ fanout22423/X (sky130_fd_sc_hd__clkbuf_8)
                                                         net22423 (net)
                      0.139685    0.000013    3.296841 ^ fanout22415/A (sky130_fd_sc_hd__clkbuf_4)
    10    0.039650    0.127449    0.229942    3.526783 ^ fanout22415/X (sky130_fd_sc_hd__clkbuf_4)
                                                         net22415 (net)
                      0.127503    0.002497    3.529280 ^ _1347_/S (sky130_fd_sc_hd__mux2_2)
     1    0.025900    0.104958    0.421043    3.950323 v _1347_/X (sky130_fd_sc_hd__mux2_2)
                                                         cur_set[0] (net)
                      0.104987    0.001732    3.952056 v fanout20356/A (sky130_fd_sc_hd__buf_12)
     6    0.144949    0.083074    0.196711    4.148767 v fanout20356/X (sky130_fd_sc_hd__buf_12)
                                                         net20356 (net)
                      0.091904    0.020419    4.169186 v fanout20152/A (sky130_fd_sc_hd__clkbuf_4)
     6    0.044252    0.097428    0.217789    4.386974 v fanout20152/X (sky130_fd_sc_hd__clkbuf_4)
                                                         net20152 (net)
                      0.097428    0.000126    4.387101 v fanout20150/A (sky130_fd_sc_hd__buf_4)
    10    0.054344    0.078559    0.213207    4.600308 v fanout20150/X (sky130_fd_sc_hd__buf_4)
                                                         net20150 (net)
                      0.078559    0.000302    4.600609 v fanout20149/A (sky130_fd_sc_hd__buf_4)
     6    0.048677    0.075445    0.198828    4.799438 v fanout20149/X (sky130_fd_sc_hd__buf_4)
                                                         net20149 (net)
                      0.075464    0.001181    4.800618 v u_tab._071039_/A (sky130_fd_sc_hd__inv_2)
     2    0.039862    0.183732    0.169150    4.969769 ^ u_tab._071039_/Y (sky130_fd_sc_hd__inv_2)
                                                         u_tab._025543_ (net)
                      0.183732    0.000060    4.969828 ^ fanout16600/A (sky130_fd_sc_hd__clkbuf_8)
     5    0.080871    0.146035    0.252665    5.222492 ^ fanout16600/X (sky130_fd_sc_hd__clkbuf_8)
                                                         net16600 (net)
                      0.146035    0.000079    5.222572 ^ fanout16594/A (sky130_fd_sc_hd__buf_4)
    10    0.061841    0.174160    0.242243    5.464815 ^ fanout16594/X (sky130_fd_sc_hd__buf_4)
                                                         net16594 (net)
                      0.174244    0.001732    5.466546 ^ u_tab._071172_/A (sky130_fd_sc_hd__nor2_1)
     1    0.011632    0.078469    0.112038    5.578584 v u_tab._071172_/Y (sky130_fd_sc_hd__nor2_1)
                                                         u_tab._025676_ (net)
                      0.078469    0.000223    5.578808 v fanout13205/A (sky130_fd_sc_hd__clkbuf_16)
     6    0.125826    0.093002    0.216227    5.795034 v fanout13205/X (sky130_fd_sc_hd__clkbuf_16)
                                                         net13205 (net)
                      0.095220    0.011074    5.806108 v fanout13190/A (sky130_fd_sc_hd__clkbuf_8)
     5    0.067518    0.084297    0.209967    6.016075 v fanout13190/X (sky130_fd_sc_hd__clkbuf_8)
                                                         net13190 (net)
                      0.084375    0.002398    6.018473 v fanout13187/A (sky130_fd_sc_hd__buf_8)
    10    0.091080    0.074696    0.177556    6.196029 v fanout13187/X (sky130_fd_sc_hd__buf_8)
                                                         net13187 (net)
                      0.078255    0.012660    6.208689 v u_tab._071175_/A (sky130_fd_sc_hd__nor2_1)
     1    0.013374    0.250967    0.238915    6.447604 ^ u_tab._071175_/Y (sky130_fd_sc_hd__nor2_1)
                                                         u_tab._025679_ (net)
                      0.250967    0.000346    6.447949 ^ fanout10866/A (sky130_fd_sc_hd__buf_8)
     4    0.053104    0.094225    0.187847    6.635797 ^ fanout10866/X (sky130_fd_sc_hd__buf_8)
                                                         net10866 (net)
                      0.094396    0.003191    6.638988 ^ fanout10808/A (sky130_fd_sc_hd__buf_8)
     6    0.095534    0.158231    0.195257    6.834244 ^ fanout10808/X (sky130_fd_sc_hd__buf_8)
                                                         net10808 (net)
                      0.158813    0.007762    6.842007 ^ fanout10805/A (sky130_fd_sc_hd__clkbuf_8)
     8    0.075500    0.137219    0.239178    7.081185 ^ fanout10805/X (sky130_fd_sc_hd__clkbuf_8)
                                                         net10805 (net)
                      0.137261    0.002333    7.083518 ^ u_tab._071314_/B (sky130_fd_sc_hd__nor2_8)
     4    0.080274    0.092215    0.089448    7.172966 v u_tab._071314_/Y (sky130_fd_sc_hd__nor2_8)
                                                         u_tab._025807_ (net)
                      0.094508    0.011026    7.183992 v fanout9953/A (sky130_fd_sc_hd__clkbuf_16)
     6    0.133027    0.096551    0.226740    7.410732 v fanout9953/X (sky130_fd_sc_hd__clkbuf_16)
                                                         net9953 (net)
                      0.097297    0.006504    7.417235 v fanout9948/A (sky130_fd_sc_hd__buf_8)
    10    0.090491    0.073428    0.186344    7.603580 v fanout9948/X (sky130_fd_sc_hd__buf_8)
                                                         net9948 (net)
                      0.073428    0.000127    7.603706 v fanout9947/A (sky130_fd_sc_hd__clkbuf_8)
    10    0.064414    0.081590    0.196521    7.800227 v fanout9947/X (sky130_fd_sc_hd__clkbuf_8)
                                                         net9947 (net)
                      0.081655    0.002141    7.802368 v u_tab._072045_/B (sky130_fd_sc_hd__nor2_1)
     1    0.007671    0.155387    0.155279    7.957647 ^ u_tab._072045_/Y (sky130_fd_sc_hd__nor2_1)
                                                         u_tab._026483_ (net)
                      0.155387    0.000073    7.957720 ^ fanout9372/A (sky130_fd_sc_hd__buf_6)
     5    0.081207    0.165021    0.218033    8.175753 ^ fanout9372/X (sky130_fd_sc_hd__buf_6)
                                                         net9372 (net)
                      0.165818    0.009273    8.185025 ^ fanout9340/A (sky130_fd_sc_hd__clkbuf_4)
     5    0.044748    0.142108    0.249748    8.434773 ^ fanout9340/X (sky130_fd_sc_hd__clkbuf_4)
                                                         net9340 (net)
                      0.142108    0.000085    8.434858 ^ fanout9339/A (sky130_fd_sc_hd__buf_4)
    10    0.055271    0.156711    0.229155    8.664014 ^ fanout9339/X (sky130_fd_sc_hd__buf_4)
                                                         net9339 (net)
                      0.156721    0.001381    8.665395 ^ fanout9338/A (sky130_fd_sc_hd__buf_4)
    10    0.056155    0.159177    0.234341    8.899735 ^ fanout9338/X (sky130_fd_sc_hd__buf_4)
                                                         net9338 (net)
                      0.159181    0.001124    8.900859 ^ u_tab._101324_/S (sky130_fd_sc_hd__mux2_1)
     1    0.002332    0.054059    0.330650    9.231509 v u_tab._101324_/X (sky130_fd_sc_hd__mux2_1)
                                                         u_tab._054915_ (net)
                      0.054059    0.000007    9.231516 v u_tab._101325_/A1 (sky130_fd_sc_hd__mux2_1)
     1    0.005349    0.067575    0.308912    9.540428 v u_tab._101325_/X (sky130_fd_sc_hd__mux2_1)
                                                         u_tab._054916_ (net)
                      0.067575    0.000078    9.540506 v u_tab._101328_/A2 (sky130_fd_sc_hd__o21a_1)
     2    0.005598    0.047684    0.185870    9.726377 v u_tab._101328_/X (sky130_fd_sc_hd__o21a_1)
                                                         limit_la_flat[316] (net)
                      0.047684    0.000073    9.726449 v u_dec._3627_/A_N (sky130_fd_sc_hd__nand2b_1)
     1    0.002761    0.050264    0.136174    9.862623 v u_dec._3627_/Y (sky130_fd_sc_hd__nand2b_1)
                                                         u_dec._0465_ (net)
                      0.050264    0.000007    9.862630 v u_dec._3630_/A3 (sky130_fd_sc_hd__a311o_1)
     1    0.002425    0.052023    0.338865   10.201495 v u_dec._3630_/X (sky130_fd_sc_hd__a311o_1)
                                                         u_dec._0468_ (net)
                      0.052023    0.000004   10.201499 v u_dec._3632_/A2 (sky130_fd_sc_hd__a21o_2)
     1    0.030298    0.097114    0.278884   10.480382 v u_dec._3632_/X (sky130_fd_sc_hd__a21o_2)
                                                         u_dec._0470_ (net)
                      0.097157    0.002028   10.482409 v u_dec._3637_/A1 (sky130_fd_sc_hd__a21o_2)
     1    0.026311    0.087729    0.264187   10.746596 v u_dec._3637_/X (sky130_fd_sc_hd__a21o_2)
                                                         u_dec._0475_ (net)
                      0.087791    0.002299   10.748896 v u_dec._3640_/A1 (sky130_fd_sc_hd__a32o_1)
     1    0.014164    0.088834    0.283703   11.032598 v u_dec._3640_/X (sky130_fd_sc_hd__a32o_1)
                                                         u_dec._0478_ (net)
                      0.088836    0.000658   11.033257 v u_dec._3641_/B2 (sky130_fd_sc_hd__a221o_1)
     1    0.002980    0.054317    0.329505   11.362761 v u_dec._3641_/X (sky130_fd_sc_hd__a221o_1)
                                                         u_dec._0479_ (net)
                      0.054317    0.000012   11.362773 v u_dec._3642_/B2 (sky130_fd_sc_hd__a22o_1)
     1    0.008172    0.064906    0.225044   11.587817 v u_dec._3642_/X (sky130_fd_sc_hd__a22o_1)
                                                         u_dec._0480_ (net)
                      0.064906    0.000134   11.587952 v u_dec._3643_/B2 (sky130_fd_sc_hd__a221o_1)
     1    0.010039    0.087171    0.366030   11.953981 v u_dec._3643_/X (sky130_fd_sc_hd__a221o_1)
                                                         u_dec._0481_ (net)
                      0.087171    0.000204   11.954185 v u_dec._3648_/A2 (sky130_fd_sc_hd__a211o_1)
     1    0.003638    0.052058    0.305561   12.259747 v u_dec._3648_/X (sky130_fd_sc_hd__a211o_1)
                                                         u_dec._0486_ (net)
                      0.052058    0.000021   12.259768 v u_dec._3652_/A1 (sky130_fd_sc_hd__a21o_1)
     2    0.016603    0.089346    0.209101   12.468869 v u_dec._3652_/X (sky130_fd_sc_hd__a21o_1)
                                                         u_dec._0490_ (net)
                      0.089352    0.000808   12.469677 v u_dec._3995_/B1_N (sky130_fd_sc_hd__o21bai_1)
     1    0.002843    0.053559    0.167129   12.636806 v u_dec._3995_/Y (sky130_fd_sc_hd__o21bai_1)
                                                         u_dec._0832_ (net)
                      0.053559    0.000007   12.636813 v u_dec._3996_/A2 (sky130_fd_sc_hd__a21bo_1)
     1    0.002773    0.035373    0.186685   12.823498 v u_dec._3996_/X (sky130_fd_sc_hd__a21bo_1)
                                                         u_dec._0833_ (net)
                      0.035373    0.000008   12.823506 v u_dec._3997_/A2 (sky130_fd_sc_hd__a21bo_1)
     1    0.002806    0.035477    0.179547   13.003054 v u_dec._3997_/X (sky130_fd_sc_hd__a21bo_1)
                                                         u_dec._0834_ (net)
                      0.035477    0.000008   13.003061 v u_dec._3998_/A2 (sky130_fd_sc_hd__a211o_1)
     1    0.003317    0.050221    0.284005   13.287066 v u_dec._3998_/X (sky130_fd_sc_hd__a211o_1)
                                                         u_dec._0835_ (net)
                      0.050221    0.000015   13.287081 v u_dec._3999_/A2 (sky130_fd_sc_hd__a21bo_1)
     1    0.003360    0.036912    0.189151   13.476233 v u_dec._3999_/X (sky130_fd_sc_hd__a21bo_1)
                                                         u_dec._0836_ (net)
                      0.036912    0.000014   13.476246 v u_dec._4000_/A2 (sky130_fd_sc_hd__a21oi_1)
     1    0.004042    0.130715    0.149444   13.625690 ^ u_dec._4000_/Y (sky130_fd_sc_hd__a21oi_1)
                                                         u_dec._0837_ (net)
                      0.130715    0.000027   13.625717 ^ u_dec._4001_/A3 (sky130_fd_sc_hd__o31a_1)
     2    0.015541    0.169329    0.221157   13.846874 ^ u_dec._4001_/X (sky130_fd_sc_hd__o31a_1)
                                                         u_dec._0838_ (net)
                      0.169329    0.000345   13.847219 ^ u_dec._4003_/A2 (sky130_fd_sc_hd__o21ai_4)
     4    0.032205    0.094673    0.117082   13.964301 v u_dec._4003_/Y (sky130_fd_sc_hd__o21ai_4)
                                                         u_dec._0840_ (net)
                      0.094741    0.001946   13.966248 v u_dec._4031_/A (sky130_fd_sc_hd__or2_4)
     2    0.051362    0.103024    0.342451   14.308699 v u_dec._4031_/X (sky130_fd_sc_hd__or2_4)
                                                         u_dec._0862_ (net)
                      0.103039    0.000888   14.309587 v fanout5827/A (sky130_fd_sc_hd__buf_6)
     9    0.077052    0.074797    0.191530   14.501117 v fanout5827/X (sky130_fd_sc_hd__buf_6)
                                                         net5827 (net)
                      0.075545    0.005929   14.507047 v u_dec._4033_/B (sky130_fd_sc_hd__nand2_8)
     3    0.056873    0.113466    0.129263   14.636310 ^ u_dec._4033_/Y (sky130_fd_sc_hd__nand2_8)
                                                         u_dec._0864_ (net)
                      0.113466    0.000047   14.636356 ^ fanout5693/A (sky130_fd_sc_hd__buf_6)
     5    0.093616    0.187950    0.227485   14.863841 ^ fanout5693/X (sky130_fd_sc_hd__buf_6)
                                                         net5693 (net)
                      0.187952    0.000465   14.864306 ^ fanout5686/A (sky130_fd_sc_hd__dlymetal6s2s_1)
     5    0.017760    0.194345    0.234130   15.098436 ^ fanout5686/X (sky130_fd_sc_hd__dlymetal6s2s_1)
                                                         net5686 (net)
                      0.194345    0.000050   15.098487 ^ fanout5685/A (sky130_fd_sc_hd__buf_2)
    10    0.036774    0.181900    0.254733   15.353220 ^ fanout5685/X (sky130_fd_sc_hd__buf_2)
                                                         net5685 (net)
                      0.181900    0.000176   15.353395 ^ u_dec._4044_/S (sky130_fd_sc_hd__mux2_1)
     2    0.004446    0.065654    0.351278   15.704674 v u_dec._4044_/X (sky130_fd_sc_hd__mux2_1)
                                                         u_dec._0875_ (net)
                      0.065654    0.000016   15.704690 v u_dec._4103_/A1 (sky130_fd_sc_hd__mux2_1)
     2    0.006161    0.071533    0.318522   16.023212 v u_dec._4103_/X (sky130_fd_sc_hd__mux2_1)
                                                         u_dec._0930_ (net)
                      0.071533    0.000030   16.023241 v u_dec._4122_/B (sky130_fd_sc_hd__nand2_1)
     2    0.013364    0.132916    0.138161   16.161404 ^ u_dec._4122_/Y (sky130_fd_sc_hd__nand2_1)
                                                         u_dec._0941_ (net)
                      0.132918    0.000364   16.161768 ^ u_dec._4144_/A2_N (sky130_fd_sc_hd__a2bb2o_1)
     1    0.003061    0.052045    0.291852   16.453619 v u_dec._4144_/X (sky130_fd_sc_hd__a2bb2o_1)
                                                         u_dec._0955_ (net)
                      0.052045    0.000012   16.453632 v u_dec._4147_/C1 (sky130_fd_sc_hd__a221o_1)
     1    0.003176    0.054465    0.259892   16.713524 v u_dec._4147_/X (sky130_fd_sc_hd__a221o_1)
                                                         u_dec._0958_ (net)
                      0.054465    0.000023   16.713547 v u_dec._4157_/A (sky130_fd_sc_hd__or4_1)
     1    0.002698    0.083375    0.512008   17.225555 v u_dec._4157_/X (sky130_fd_sc_hd__or4_1)
                                                         u_dec._0968_ (net)
                      0.083375    0.000011   17.225565 v u_dec._4165_/A (sky130_fd_sc_hd__or4b_1)
     1    0.003005    0.084265    0.524423   17.749989 v u_dec._4165_/X (sky130_fd_sc_hd__or4b_1)
                                                         u_dec._0976_ (net)
                      0.084265    0.000018   17.750006 v u_dec._4166_/C (sky130_fd_sc_hd__or4b_1)
     1    0.008469    0.122380    0.524597   18.274603 v u_dec._4166_/X (sky130_fd_sc_hd__or4b_1)
                                                         u_dec._0977_ (net)
                      0.122380    0.000034   18.274637 v u_dec._4167_/C1 (sky130_fd_sc_hd__a2111oi_4)
     1    0.015492    0.372858    0.395598   18.670237 ^ u_dec._4167_/Y (sky130_fd_sc_hd__a2111oi_4)
                                                         eob_c0 (net)
                      0.372858    0.000766   18.671001 ^ wire4325/A (sky130_fd_sc_hd__clkbuf_2)
     1    0.013996    0.087018    0.217261   18.888262 ^ wire4325/X (sky130_fd_sc_hd__clkbuf_2)
                                                         net4325 (net)
                      0.087020    0.000641   18.888903 ^ wire4324/A (sky130_fd_sc_hd__clkbuf_4)
     1    0.013993    0.057471    0.157408   19.046312 ^ wire4324/X (sky130_fd_sc_hd__clkbuf_4)
                                                         net4324 (net)
                      0.057476    0.000632   19.046944 ^ wire4323/A (sky130_fd_sc_hd__buf_4)
     2    0.014297    0.051601    0.121840   19.168785 ^ wire4323/X (sky130_fd_sc_hd__buf_4)
                                                         net4323 (net)
                      0.051607    0.000636   19.169420 ^ _1315_/A (sky130_fd_sc_hd__and4_1)
     5    0.010746    0.122203    0.221824   19.391245 ^ _1315_/X (sky130_fd_sc_hd__and4_1)
                                                         _0003_ (net)
                      0.122203    0.000030   19.391275 ^ _1331_/A (sky130_fd_sc_hd__and2_1)
     1    0.005222    0.069449    0.153296   19.544571 ^ _1331_/X (sky130_fd_sc_hd__and2_1)
                                                         _1146_ (net)
                      0.069449    0.000018   19.544588 ^ _1332_/A (sky130_fd_sc_hd__inv_2)
     2    0.007103    0.026515    0.041037   19.585627 v _1332_/Y (sky130_fd_sc_hd__inv_2)
                                                         _1147_ (net)
                      0.026515    0.000032   19.585659 v _1333_/B (sky130_fd_sc_hd__nand2_2)
     7    0.023872    0.135080    0.121940   19.707598 ^ _1333_/Y (sky130_fd_sc_hd__nand2_2)
                                                         _1148_ (net)
                      0.135080    0.000030   19.707628 ^ _1482_/A (sky130_fd_sc_hd__or2_1)
     2    0.011805    0.118592    0.176955   19.884583 ^ _1482_/X (sky130_fd_sc_hd__or2_1)
                                                         consume_en (net)
                      0.118592    0.000055   19.884638 ^ u_align._1557_/B (sky130_fd_sc_hd__nand2_4)
     9    0.030828    0.088434    0.100460   19.985098 v u_align._1557_/Y (sky130_fd_sc_hd__nand2_4)
                                                         u_align._1169_ (net)
                      0.088434    0.000155   19.985252 v u_align._1558_/B (sky130_fd_sc_hd__nor2_2)
     5    0.019772    0.230629    0.213744   20.198997 ^ u_align._1558_/Y (sky130_fd_sc_hd__nor2_2)
                                                         u_align._1170_ (net)
                      0.230629    0.000068   20.199064 ^ u_align._1574_/A2_N (sky130_fd_sc_hd__o2bb2a_2)
     9    0.032244    0.112593    0.324693   20.523758 v u_align._1574_/X (sky130_fd_sc_hd__o2bb2a_2)
                                                         u_align._1186_ (net)
                      0.112593    0.000252   20.524010 v u_align._1582_/A2 (sky130_fd_sc_hd__a211o_1)
     3    0.007870    0.073122    0.340554   20.864565 v u_align._1582_/X (sky130_fd_sc_hd__a211o_1)
                                                         u_align._1194_ (net)
                      0.073122    0.000014   20.864578 v u_align._1585_/A3 (sky130_fd_sc_hd__a311o_1)
     2    0.004788    0.065402    0.365853   21.230431 v u_align._1585_/X (sky130_fd_sc_hd__a311o_1)
                                                         u_align._1197_ (net)
                      0.065402    0.000021   21.230453 v u_align._1587_/A2 (sky130_fd_sc_hd__a21o_2)
     5    0.021647    0.076596    0.265249   21.495703 v u_align._1587_/X (sky130_fd_sc_hd__a21o_2)
                                                         u_align._1199_ (net)
                      0.076596    0.000101   21.495804 v u_align._1594_/A1 (sky130_fd_sc_hd__a21o_1)
     2    0.004769    0.042812    0.172616   21.668419 v u_align._1594_/X (sky130_fd_sc_hd__a21o_1)
                                                         u_align._1206_ (net)
                      0.042812    0.000002   21.668421 v fanout305/A (sky130_fd_sc_hd__clkbuf_4)
    10    0.038365    0.086789    0.188169   21.856590 v fanout305/X (sky130_fd_sc_hd__clkbuf_4)
                                                         net305 (net)
                      0.086789    0.000199   21.856789 v u_align._1934_/S (sky130_fd_sc_hd__mux2_1)
     2    0.012960    0.101396    0.380544   22.237333 v u_align._1934_/X (sky130_fd_sc_hd__mux2_1)
                                                         u_align._1465_ (net)
                      0.101396    0.000101   22.237434 v fanout256/A (sky130_fd_sc_hd__clkbuf_4)
     9    0.037104    0.084396    0.212580   22.450014 v fanout256/X (sky130_fd_sc_hd__clkbuf_4)
                                                         net256 (net)
                      0.084396    0.000142   22.450155 v fanout255/A (sky130_fd_sc_hd__clkbuf_2)
     5    0.020232    0.082657    0.167489   22.617645 v fanout255/X (sky130_fd_sc_hd__clkbuf_2)
                                                         net255 (net)
                      0.082657    0.000043   22.617687 v u_align._2722_/B (sky130_fd_sc_hd__nor2_1)
     3    0.008551    0.174582    0.166519   22.784206 ^ u_align._2722_/Y (sky130_fd_sc_hd__nor2_1)
                                                         u_align._0927_ (net)
                      0.174582    0.000020   22.784227 ^ u_align._2725_/A2 (sky130_fd_sc_hd__o211a_1)
     3    0.009735    0.096504    0.199250   22.983477 ^ u_align._2725_/X (sky130_fd_sc_hd__o211a_1)
                                                         u_align._0930_ (net)
                      0.096504    0.000009   22.983486 ^ u_align._2727_/A3 (sky130_fd_sc_hd__o31ai_2)
     4    0.011926    0.079047    0.090623   23.074108 v u_align._2727_/Y (sky130_fd_sc_hd__o31ai_2)
                                                         u_align._0932_ (net)
                      0.079047    0.000147   23.074257 v u_align._2732_/A2 (sky130_fd_sc_hd__a2111o_1)
     5    0.012819    0.107002    0.475731   23.549988 v u_align._2732_/X (sky130_fd_sc_hd__a2111o_1)
                                                         u_align._0937_ (net)
                      0.107002    0.000108   23.550097 v u_align._2734_/D (sky130_fd_sc_hd__or4_2)
     5    0.012097    0.136583    0.613504   24.163599 v u_align._2734_/X (sky130_fd_sc_hd__or4_2)
                                                         u_align._0939_ (net)
                      0.136583    0.000053   24.163652 v u_align._2736_/B (sky130_fd_sc_hd__or4b_2)
     6    0.014317    0.143787    0.729226   24.892879 v u_align._2736_/X (sky130_fd_sc_hd__or4b_2)
                                                         u_align._0941_ (net)
                      0.143787    0.000091   24.892971 v u_align._2742_/B (sky130_fd_sc_hd__or2_1)
     4    0.009476    0.077529    0.279599   25.172569 v u_align._2742_/X (sky130_fd_sc_hd__or2_1)
                                                         u_align._0947_ (net)
                      0.077529    0.000034   25.172602 v u_align._2743_/B (sky130_fd_sc_hd__or2_1)
     5    0.013515    0.094899    0.270688   25.443291 v u_align._2743_/X (sky130_fd_sc_hd__or2_1)
                                                         u_align._0948_ (net)
                      0.094899    0.000057   25.443348 v u_align._2745_/D (sky130_fd_sc_hd__or4_1)
     3    0.008396    0.119580    0.459890   25.903238 v u_align._2745_/X (sky130_fd_sc_hd__or4_1)
                                                         u_align._0950_ (net)
                      0.119580    0.000083   25.903320 v u_align._2779_/D (sky130_fd_sc_hd__or4_1)
     3    0.007301    0.115919    0.457295   26.360617 v u_align._2779_/X (sky130_fd_sc_hd__or4_1)
                                                         u_align._0984_ (net)
                      0.115919    0.000036   26.360651 v u_align._2843_/B (sky130_fd_sc_hd__or2_1)
     4    0.012950    0.092174    0.283119   26.643770 v u_align._2843_/X (sky130_fd_sc_hd__or2_1)
                                                         u_align._1019_ (net)
                      0.092174    0.000016   26.643787 v u_align._2849_/C (sky130_fd_sc_hd__or3_1)
     2    0.005315    0.081603    0.337044   26.980831 v u_align._2849_/X (sky130_fd_sc_hd__or3_1)
                                                         u_align._1023_ (net)
                      0.081603    0.000012   26.980843 v u_align._2852_/A3 (sky130_fd_sc_hd__a32o_1)
     1    0.002079    0.038753    0.260007   27.240850 v u_align._2852_/X (sky130_fd_sc_hd__a32o_1)
                                                         u_align._0181_ (net)
                      0.038753    0.000004   27.240854 v u_align._3147_/D (sky130_fd_sc_hd__dfxtp_1)
                                             27.240854   data arrival time

                                 40.000000   40.000000   clock clk (rise edge)
                                  0.000000   40.000000   clock source latency
     1    0.202494    0.901362    0.691280   40.691280 ^ clk (in)
                                                         clk (net)
                      0.922334    0.000000   40.691280 ^ clkbuf_0_clk/A (sky130_fd_sc_hd__clkbuf_16)
     2    0.062524    0.095989    0.326686   41.017967 ^ clkbuf_0_clk/X (sky130_fd_sc_hd__clkbuf_16)
                                                         clknet_0_clk (net)
                      0.096309    0.003016   41.020985 ^ clkbuf_1_1_0_clk/A (sky130_fd_sc_hd__clkbuf_8)
     2    0.050320    0.098691    0.185683   41.206665 ^ clkbuf_1_1_0_clk/X (sky130_fd_sc_hd__clkbuf_8)
                                                         clknet_1_1_0_clk (net)
                      0.099209    0.005723   41.212391 ^ clkbuf_2_3_0_clk/A (sky130_fd_sc_hd__clkbuf_8)
     1    0.043852    0.087903    0.180368   41.392757 ^ clkbuf_2_3_0_clk/X (sky130_fd_sc_hd__clkbuf_8)
                                                         clknet_2_3_0_clk (net)
                      0.088183    0.003933   41.396690 ^ clkbuf_2_3_1_clk/A (sky130_fd_sc_hd__clkbuf_8)
     4    0.067808    0.126006    0.205347   41.602036 ^ clkbuf_2_3_1_clk/X (sky130_fd_sc_hd__clkbuf_8)
                                                         clknet_2_3_1_clk (net)
                      0.126161    0.003624   41.605659 ^ clkbuf_4_14_0_clk/A (sky130_fd_sc_hd__clkbuf_8)
     2    0.049027    0.096622    0.196032   41.801693 ^ clkbuf_4_14_0_clk/X (sky130_fd_sc_hd__clkbuf_8)
                                                         clknet_4_14_0_clk (net)
                      0.096832    0.003620   41.805313 ^ clkbuf_5_28_0_clk/A (sky130_fd_sc_hd__clkbuf_8)
     8    0.089321    0.159994    0.234284   42.039597 ^ clkbuf_5_28_0_clk/X (sky130_fd_sc_hd__clkbuf_8)
                                                         clknet_5_28_0_clk (net)
                      0.160078    0.001666   42.041264 ^ clkbuf_8_227_0_clk/A (sky130_fd_sc_hd__clkbuf_8)
     2    0.022460    0.055620    0.175842   42.217102 ^ clkbuf_8_227_0_clk/X (sky130_fd_sc_hd__clkbuf_8)
                                                         clknet_8_227_0_clk (net)
                      0.055622    0.000369   42.217472 ^ clkbuf_9_455__f_clk/A (sky130_fd_sc_hd__clkbuf_16)
    10    0.062470    0.080373    0.162522   42.379997 ^ clkbuf_9_455__f_clk/X (sky130_fd_sc_hd__clkbuf_16)
                                                         clknet_9_455__leaf_clk (net)
                      0.080374    0.000433   42.380428 ^ clkbuf_leaf_1924_clk/A (sky130_fd_sc_hd__clkbuf_8)
     6    0.027882    0.063049    0.155136   42.535564 ^ clkbuf_leaf_1924_clk/X (sky130_fd_sc_hd__clkbuf_8)
                                                         clknet_leaf_1924_clk (net)
                      0.063049    0.000043   42.535606 ^ u_align._3147_/CLK (sky130_fd_sc_hd__dfxtp_1)
                                 -0.250000   42.285606   clock uncertainty
                                  0.000000   42.285606   clock reconvergence pessimism
                                 -0.103574   42.182034   library setup time
                                             42.182034   data required time
---------------------------------------------------------------------------------------------
                                             42.182034   data required time
                                            -27.240854   data arrival time
---------------------------------------------------------------------------------------------
                                             14.941181   slack (MET)
