80ba1dd
Python 3.10.12
nbody_rs /usr/local/lib/python3.10/dist-packages/nbody_rs/__init__.py
=== LADDER
note: numpy unavailable, skipping the anti-result
hygiene: affinity={0}, posix tuning partial: PermissionError(1, 'Operation not permitted')
python 3.10.12  |  steps=4000  rounds=21  |  estimator = min over rounds
tier                       best ms    med ms   speedup   energy
T0  stock (reference)       45.410    45.644    1.000x   -0.169012106642556
T1  micro-opt AoS           40.978    41.290    1.108x   -0.169012106642557
T2  SoA flat lists          49.513    49.713    0.917x   -0.169012106642557
T3e unrolled bit-exact      28.513    28.667    1.593x   -0.169012106642556
T3  unrolled sqrt           28.136    28.231    1.614x   -0.169012106642557
T3f unrolled sqrt+fold      28.456    28.519    1.596x   -0.169012106642556
=== T1_VARIANTS
hygiene: affinity={0}, posix tuning partial: PermissionError(1, 'Operation not permitted')
variant                best ms    med ms   speedup
stock                   227.96    228.94    1.000x
A pow->sqrt             229.86    230.43    0.992x
B flat+subscript        246.81    247.41    0.924x
C flat+unpack           230.43    230.80    0.989x
D vel-locals            204.38    205.04    1.115x
E for_ only (control)    241.11    242.04    0.945x
F vel-locals, pow       205.16    205.91    1.111x
G vel-locals, flat      206.43    207.29    1.104x
=== SWEEP_N
hygiene: affinity={0}, posix tuning partial: PermissionError(1, 'Operation not permitted')
python 3.10.12 | rounds=7 | rust=yes | estimator = min over rounds

--- code generation (import-time, outside the timed region) ---
   N   pairs  src lines   src MB  co_code B ops/pair nlocals  EXT_ARG   gen ms compile ms  total ms
   5      10        162    0.005       2240    112.0      49     0.1%      0.1        1.2       1.3
  10      45        622    0.019       8062     89.6      89     0.0%      0.3        4.7       5.0
  20     190       2442    0.074      30502     80.3     169     0.0%      1.1       17.3      18.4
  30     435       5462    0.165      67342     77.4     249     0.0%      2.4       36.8      39.2
  32     496       6211    0.188      77092     77.7     265     0.8%      2.7       37.2      40.0
  50    1225      15103    0.458     202338     82.6     409     8.9%      6.6      109.5     116.1
 100    4950      60203    1.826     856238     86.5     809    14.9%     26.5      643.3     669.9
 200   19900     240403    7.415    3514038     88.3    1609    17.6%    118.6     2946.4    3065.1
 400   79800     960803   29.872   14709022     92.2    3209    21.5%    469.6     8080.5    8550.1

--- steady-state advance(), min of 7 interleaved rounds ---
   N   pairs    steps    stock ms      opt ms     rust ms      opt x opt x(med)    rust x   exact
   5      10    40000     458.907     284.096      18.944     1.615x     1.615x    24.2x     yes
  10      45     8889     418.263     413.926      18.159     1.010x     1.011x    23.0x     yes
  20     190     2105     401.431     400.467      18.071     1.002x     1.001x    22.2x     yes
  30     435      920     398.940     398.232      18.125     1.002x     1.007x    22.0x     yes
  32     496      806     398.995     397.402      18.079     1.004x     1.006x    22.1x     yes
  50    1225      327     399.608     393.512      18.125     1.015x     1.023x    22.0x     yes
 100    4950       81     396.374     392.483      18.133     1.010x     1.019x    21.9x     yes
 200   19900       20     395.218     393.313      18.092     1.005x     1.013x    21.8x     yes
 400   79800        5     400.495     395.609      18.161     1.012x     1.020x    22.1x     yes

'opt x' is min(stock)/min(opt) over rounds, the same estimator bench.py uses;
'opt x(med)' is the median of the *paired* within-round ratios, which is
immune to drift.  They should agree; if they do not, the run was noisy.
=== BUILD_ONLY
python 3.10.12 | rounds=7 | rust=yes | estimator = min over rounds

--- code generation (import-time, outside the timed region) ---
   N   pairs  src lines   src MB  co_code B ops/pair nlocals  EXT_ARG   gen ms compile ms  total ms
   5      10        162    0.005       2240    112.0      49     0.1%      0.1        1.2       1.3
  10      45        622    0.019       8062     89.6      89     0.0%      0.3        4.7       5.0
  20     190       2442    0.074      30502     80.3     169     0.0%      1.1       17.1      18.2
  30     435       5462    0.165      67342     77.4     249     0.0%      2.4       36.1      38.6
  50    1225      15103    0.458     202338     82.6     409     8.9%      6.6      109.5     116.1
 100    4950      60203    1.826     856238     86.5     809    14.9%     26.5      455.4     482.0
 200   19900     240403    7.415    3514038     88.3    1609    17.6%    118.3     1840.9    1959.2
 400   79800     960803   29.872   14709022     92.2    3209    21.5%    475.0     7232.6    7707.6
=== EMITTER_AB
hygiene: affinity={0}, posix tuning partial: PermissionError(1, 'Operation not permitted')
python 3.10.12 | rounds=9 | rust=yes | estimator = min over rounds

--- code generation (import-time, outside the timed region) ---
   N   pairs  src lines   src MB  co_code B ops/pair nlocals  EXT_ARG   gen ms compile ms  total ms
  20     190       2442    0.074      30502     80.3     169     0.0%      1.1       18.0      19.1
  32     496       6211    0.188      77092     77.7     265     0.8%      2.8       42.5      45.2
  50    1225      15103    0.458     202338     82.6     409     8.9%      6.6      110.3     116.9
 100    4950      60203    1.826     856238     86.5     809    14.9%     27.4      459.4     486.8

--- emitter A/B: per-pair temporaries hoisted to low slots ---
   N    steps    plain ms    hoist ms      gain  EXT plain  EXT hoist
  20     2105     267.490     267.791    0.999x       0.0%       0.0%
  32      806     284.322     266.697    1.066x      25.4%       0.8%
  50      327     296.872     274.513    1.081x      30.6%       8.9%
 100       81     295.965     280.787    1.054x      34.5%      14.9%
ALL_DONE

