=== SWEEP_N_PYTHON_BACKEND
hygiene: affinity={0}, posix tuning partial: PermissionError(1, 'Operation not permitted')
python 3.10.12 | rounds=7 | rust=yes | estimator = min over rounds

--- code generation (import-time, outside the timed region) ---
   N   pairs  src lines   src MB  co_code B ops/pair nlocals  EXT_ARG   gen ms compile ms  total ms
   5      10        162    0.005       2240    112.0      49     0.1%      0.1        1.2       1.3
  10      45        622    0.019       8062     89.6      89     0.0%      0.3        4.7       5.0
  20     190       2442    0.074      30502     80.3     169     0.0%      1.1       17.1      18.2
  30     435       5462    0.165      67342     77.4     249     0.0%      2.4       35.7      38.1
  32     496       6211    0.188      77092     77.7     265     0.8%      2.7       36.5      39.2
  50    1225      15103    0.458     202338     82.6     409     8.9%      6.7      110.0     116.7
 100    4950      60203    1.826     856238     86.5     809    14.9%     27.2      456.1     483.3
 200   19900     240403    7.415    3514038     88.3    1609    17.6%    113.7     1830.6    1944.3
 400   79800     960803   29.872   14709022     92.2    3209    21.5%    468.2     7195.5    7663.7

--- steady-state advance(), min of 7 interleaved rounds ---
   N   pairs    steps    stock ms      opt ms     rust ms      opt x opt x(med)    rust x   exact
   5      10    40000     456.154     284.743      19.562     1.602x     1.603x    23.3x     yes
  10      45     8889     415.930     272.029      18.167     1.529x     1.526x    22.9x     yes
  20     190     2105     398.751     267.674      18.143     1.490x     1.493x    22.0x     yes
  30     435      920     395.251     268.605      18.085     1.471x     1.478x    21.9x     yes
  32     496      806     394.744     266.484      18.098     1.481x     1.484x    21.8x     yes
  50    1225      327     397.270     274.039      18.293     1.450x     1.451x    21.7x     yes
 100    4950       81     394.048     280.748      18.173     1.404x     1.407x    21.7x     yes
 200   19900       20     392.188     282.567      18.117     1.388x     1.399x    21.6x     yes
 400   79800        5     396.437     396.366      18.169     1.000x     1.013x    21.8x     yes

'opt x' is min(stock)/min(opt) over rounds, the same estimator bench.py uses;
'opt x(med)' is the median of the *paired* within-round ratios, which is
immune to drift.  They should agree; if they do not, the run was noisy.
ALL_DONE

