[13:45:25] revision 3697a63c4fa56a61ca5b1b5b22a0ed86b1a80891 on ubuntu-server, Python 3.10.12
[13:45:25] backed up installed extensions to /home/ubuntu/wheel_backup_20260910_134525
[13:45:25] START verify_nbody: python3 dev/nbody/verify.py --steps 20000
[13:45:27] END   verify_nbody rc=0 (2s)
[13:45:27] START verify_nbody_bodies: python3 dev/nbody/verify.py --steps 2000 --bodies 5,10,20
[13:45:28] END   verify_nbody_bodies rc=1 (1s)
[13:45:28] START ablation_pyflate: taskset -c 0 python3 dev/pyflate/ablate.py -r 7
[13:45:44] END   ablation_pyflate rc=0 (16s)
[13:45:44] START suite: env HWSW_RESULTS=/home/ubuntu/hwsw-rerun-3697a63/results/runs/vm_rerun_20260910_134525/suite ./tools/vm_run_all.sh nbody pyflate
[14:52:13] END   suite rc=0 (3989s)
[14:52:13] START rs_check_nbody: python3 dev/nbody/rs_check.py
[14:52:15] END   rs_check_nbody rc=0 (2s)
[14:52:15] START rs_check_pyflate: python3 dev/pyflate/rs_check.py
[14:52:33] END   rs_check_pyflate rc=0 (18s)
[14:52:33] START distributions: python3 report/summarize_distribution.py --json /home/ubuntu/hwsw-rerun-3697a63/results/runs/vm_rerun_20260910_134525/timing_distributions.json /home/ubuntu/hwsw-rerun-3697a63/results/runs/vm_rerun_20260910_134525/suite/baseline_nbody.json /home/ubuntu/hwsw-rerun-3697a63/results/runs/vm_rerun_20260910_134525/suite/optimized_nbody.json /home/ubuntu/hwsw-rerun-3697a63/results/runs/vm_rerun_20260910_134525/suite/fallback_nbody.json /home/ubuntu/hwsw-rerun-3697a63/results/runs/vm_rerun_20260910_134525/suite/native_nbody.json /home/ubuntu/hwsw-rerun-3697a63/results/runs/vm_rerun_20260910_134525/suite/baseline_pyflate.json /home/ubuntu/hwsw-rerun-3697a63/results/runs/vm_rerun_20260910_134525/suite/optimized_pyflate.json /home/ubuntu/hwsw-rerun-3697a63/results/runs/vm_rerun_20260910_134525/suite/fallback_pyflate.json /home/ubuntu/hwsw-rerun-3697a63/results/runs/vm_rerun_20260910_134525/suite/native_pyflate.json
[14:52:33] END   distributions rc=0 (0s)
[14:52:33] === steps ===
verify_nbody         0  2s
verify_nbody_bodies  1  1s
ablation_pyflate     0  16s
suite                0  3989s
rs_check_nbody       0  2s
rs_check_pyflate     0  18s
distributions        0  0s
[14:52:33] === driver complete: /home/ubuntu/hwsw-rerun-3697a63/results/runs/vm_rerun_20260910_134525 ===
[14:53:24] START verify_nbody_79a0d12 (in hwsw-rerun-79a0d12): python3 dev/nbody/verify.py --steps 20000
[14:53:26] END   verify_nbody_79a0d12 rc=0 (2s)
[14:53:26] START verify_nbody_bodies_79a0d12 (in hwsw-rerun-79a0d12): python3 dev/nbody/verify.py --steps 2000 --bodies 5,10,20
[14:53:27] END   verify_nbody_bodies_79a0d12 rc=0 (1s)
[14:53:27] START ablation_pyflate_trial2 (in hwsw-rerun-3697a63): taskset -c 0 python3 dev/pyflate/ablate.py -r 7
[14:53:43] END   ablation_pyflate_trial2 rc=0 (16s)
[14:53:43] === post-suite complete ===
