[13:45:44] === run starting on ubuntu-server, Python 3.10.12 (main, Aug 31 2026, 10:18:17) [GCC 11.4.0] ===
[13:45:44] benchmarks: nbody pyflate
[13:45:44] results:    /home/ubuntu/hwsw-rerun-3697a63/results/runs/vm_rerun_20260910_134525/suite
[13:45:44] START setup
kernel.perf_event_paranoid = -1
kernel.kptr_restrict = 0
Tune the system configuration to run benchmarks

Actions
=======

Perf event: Max sample rate set to 1 per second

System state
============

CPU: use 8 logical CPUs: 0-7
Perf event: Maximum sample rate: 1 per second
ASLR: Full randomization
Linux scheduler: No CPU is isolated
IRQ affinity: irqbalance service: inactive
IRQ affinity: Default IRQ affinity: CPU 0-7
IRQ affinity: IRQ affinity: IRQ 0-15=CPU 0-7

Advices
=======

Linux scheduler: Use isolcpus=<cpu list> kernel parameter to isolate CPUs
Linux scheduler: Use rcu_nocbs=<cpu list> kernel parameter (with isolcpus) to not schedule RCU on isolated CPUs

Errors
======

Turbo Boost (MSR): Failed to read MSR 0x1a0 from /dev/cpu/0/msr: [Errno 2] No such file or directory: '/dev/cpu/0/msr'
Turbo Boost (MSR): Try to load the msr kernel module: sudo modprobe msr
[13:45:45] OK    setup
[13:45:45] START nbody/baseline
== nbody / baseline
   results -> /home/ubuntu/hwsw-rerun-3697a63/results/runs/vm_rerun_20260910_134525/suite
   stock   -> /usr/local/lib/python3.10/dist-packages/pyperformance/data-files/benchmarks/bm_nbody
Python benchmark suite 1.14.0

Creating the virtual environment /home/ubuntu/hwsw-rerun-3697a63/venv/cpython3.10-0a2f95361109-compat-31b33d68c68a
# /usr/bin/python3 -m venv --without-pip /home/ubuntu/hwsw-rerun-3697a63/venv/cpython3.10-0a2f95361109-compat-31b33d68c68a
# /home/ubuntu/hwsw-rerun-3697a63/venv/cpython3.10-0a2f95361109-compat-31b33d68c68a/bin/python -m ensurepip -v -U
Using pip 22.0.2 from /tmp/tmp3gzi9glv/pip-22.0.2-py3-none-any.whl/pip (python 3.10)
Looking in links: /tmp/tmp3gzi9glv
Processing /tmp/tmp3gzi9glv/setuptools-59.6.0-py3-none-any.whl
Processing /tmp/tmp3gzi9glv/pip-22.0.2-py3-none-any.whl
Installing collected packages: setuptools, pip
  changing mode of /home/ubuntu/hwsw-rerun-3697a63/venv/cpython3.10-0a2f95361109-compat-31b33d68c68a/bin/pip3 to 775
  changing mode of /home/ubuntu/hwsw-rerun-3697a63/venv/cpython3.10-0a2f95361109-compat-31b33d68c68a/bin/pip3.10 to 775
  changing mode of /home/ubuntu/hwsw-rerun-3697a63/venv/cpython3.10-0a2f95361109-compat-31b33d68c68a/bin/pip3.10 to 775
Successfully installed pip-22.0.2 setuptools-59.6.0
# /home/ubuntu/hwsw-rerun-3697a63/venv/cpython3.10-0a2f95361109-compat-31b33d68c68a/bin/python -m pip install -U 'setuptools>=18.5' wheel
Requirement already satisfied: setuptools>=18.5 in ./venv/cpython3.10-0a2f95361109-compat-31b33d68c68a/lib/python3.10/site-packages (59.6.0)
Collecting setuptools>=18.5
  Using cached setuptools-84.0.0-py3-none-any.whl (818 kB)
Collecting wheel
  Using cached wheel-0.48.0-py3-none-any.whl (33 kB)
Collecting packaging>=24.0
  Using cached packaging-26.3-py3-none-any.whl (129 kB)
Installing collected packages: setuptools, packaging, wheel
  Attempting uninstall: setuptools
    Found existing installation: setuptools 59.6.0
    Uninstalling setuptools-59.6.0:
      Successfully uninstalled setuptools-59.6.0
Successfully installed packaging-26.3 setuptools-84.0.0 wheel-0.48.0
# /home/ubuntu/hwsw-rerun-3697a63/venv/cpython3.10-0a2f95361109-compat-31b33d68c68a/bin/python -m pip --version
pip 22.0.2 from /home/ubuntu/hwsw-rerun-3697a63/venv/cpython3.10-0a2f95361109-compat-31b33d68c68a/lib/python3.10/site-packages/pip (python 3.10)

==================================================
( 1/1) creating venv for benchmark (nbody)

(trying common venv first)
Installing requirements into the virtual environment /home/ubuntu/hwsw-rerun-3697a63/venv/cpython3.10-0a2f95361109-compat-31b33d68c68a
# /home/ubuntu/hwsw-rerun-3697a63/venv/cpython3.10-0a2f95361109-compat-31b33d68c68a/bin/python -m pip install pyperf==2.10.0
Collecting pyperf==2.10.0
  Using cached pyperf-2.10.0-py3-none-any.whl (144 kB)
Collecting psutil>=5.9.0
  Using cached psutil-7.2.2-cp36-abi3-manylinux2010_x86_64.manylinux_2_12_x86_64.manylinux_2_28_x86_64.whl (155 kB)
Installing collected packages: psutil, pyperf
Successfully installed psutil-7.2.2 pyperf-2.10.0
Installing requirements into the virtual environment /home/ubuntu/hwsw-rerun-3697a63/venv/cpython3.10-0a2f95361109-compat-31b33d68c68a
# /home/ubuntu/hwsw-rerun-3697a63/venv/cpython3.10-0a2f95361109-compat-31b33d68c68a/bin/python -m pip install psutil
Requirement already satisfied: psutil in ./venv/cpython3.10-0a2f95361109-compat-31b33d68c68a/lib/python3.10/site-packages (7.2.2)
# /home/ubuntu/hwsw-rerun-3697a63/venv/cpython3.10-0a2f95361109-compat-31b33d68c68a/bin/python -m pip freeze
packaging==26.3
psutil==7.2.2
pyperf==2.10.0
# /home/ubuntu/hwsw-rerun-3697a63/venv/cpython3.10-0a2f95361109-compat-31b33d68c68a/bin/python -m pip freeze
packaging==26.3
psutil==7.2.2
pyperf==2.10.0

[1/1] nbody...
# /home/ubuntu/hwsw-rerun-3697a63/venv/cpython3.10-0a2f95361109-compat-31b33d68c68a/bin/python -u /usr/local/lib/python3.10/dist-packages/pyperformance/data-files/benchmarks/bm_nbody/run_benchmark.py --rigorous --output /tmp/tmp4oslvkvu --inherit-environ PYPERFORMANCE_RUNID
.........................................
WARNING: the benchmark result may be unstable
* Not enough samples to get a stable result (95% certainly of less than 1% variation)

Try to rerun the benchmark with more runs, values and/or loops.
Run 'python -m pyperf system tune' command to reduce the system jitter.
Use pyperf stats, pyperf dump and pyperf hist to analyze results.
Use --quiet option to hide these warnings.

nbody: Mean +- std dev: 230 ms +- 4 ms

Performance version: 1.14.0
Python version: 3.10.12 (64-bit)
Report on Linux-5.15.0-1106-kvm-x86_64-with-glibc2.35
Number of logical CPUs: 8
Start date: 2026-09-10 13:46:01.283030
End date: 2026-09-10 13:46:43.882116

### nbody ###
Mean +- std dev: 230 ms +- 4 ms

Total duration: 38.1 sec
Start date: 2026-09-10 13:46:01
End date: 2026-09-10 13:46:43
Raw value minimum: 226 ms
Raw value maximum: 252 ms

Number of calibration run: 1
Number of run with values: 40
Total number of run: 41

Number of warmup per run: 1
Number of value per run: 3
Loop iterations per value: 1
Total number of values: 120

Minimum:         226 ms
Median +- MAD:   229 ms +- 2 ms
Mean +- std dev: 230 ms +- 4 ms
Maximum:         252 ms

  0th percentile: 226 ms (-2% of the mean) -- minimum
  5th percentile: 226 ms (-2% of the mean)
 25th percentile: 227 ms (-1% of the mean) -- Q1
 50th percentile: 229 ms (-0% of the mean) -- median
 75th percentile: 232 ms (+1% of the mean) -- Q3
 95th percentile: 236 ms (+3% of the mean)
100th percentile: 252 ms (+10% of the mean) -- maximum

Number of outlier (out of 221 ms..238 ms): 6

WARNING: the benchmark result may be unstable
* Not enough samples to get a stable result (95% certainly of less than 1% variation)

Try to rerun the benchmark with more runs, values and/or loops.
Run 'python3 -m pyperf system tune' command to reduce the system jitter.
Use pyperf stats, pyperf dump and pyperf hist to analyze results.
Use --quiet option to hide these warnings.
[13:46:43] OK    nbody/baseline (58s)
[13:46:43] START nbody/profile
== nbody / profile
   results -> /home/ubuntu/hwsw-rerun-3697a63/results/runs/vm_rerun_20260910_134525/suite
   stock   -> /usr/local/lib/python3.10/dist-packages/pyperformance/data-files/benchmarks/bm_nbody
kernel.perf_event_max_sample_rate = 100000
kernel.perf_event_paranoid = -1
kernel.kptr_restrict = 0
Couldn't record kernel reference relocation symbol
Symbol resolution may be skewed if relocation was used (e.g. kexec).
Check /proc/kallsyms permission or run as root.
perf_event__synthesize_bpf_events: failed to synthesize bpf images: No such file or directory
nbody: Mean +- std dev: 482 ms +- 0 ms
[ perf record: Woken up 383 times to write data ]
[ perf record: Captured and wrote 95.695 MB /home/ubuntu/hwsw-rerun-3697a63/results/runs/vm_rerun_20260910_134525/suite/nbody_stock.perf.data (6031 samples) ]
Warning:
Kernel address maps (/proc/{kallsyms,modules}) were restricted.

Check /proc/sys/kernel/kptr_restrict before running 'perf record'.

As no suitable kallsyms nor vmlinux was found, kernel samples
can't be resolved.

Samples in kernel modules can't be resolved as well.

py-spy> Sampling process 100 times a second. Press Control-C to exit.

nbody: Mean +- std dev: 246 ms +- 3 ms

py-spy> Stopped sampling because process exited
py-spy> Wrote flamegraph data to '/home/ubuntu/hwsw-rerun-3697a63/results/runs/vm_rerun_20260910_134525/suite/pyspy_nbody_stock.svg'. Samples: 286 Errors: 0
Couldn't record kernel reference relocation symbol
Symbol resolution may be skewed if relocation was used (e.g. kexec).
Check /proc/kallsyms permission or run as root.
perf_event__synthesize_bpf_events: failed to synthesize bpf images: No such file or directory
nbody: Mean +- std dev: 285 ms +- 1 ms
[ perf record: Woken up 234 times to write data ]
[ perf record: Captured and wrote 58.440 MB /home/ubuntu/hwsw-rerun-3697a63/results/runs/vm_rerun_20260910_134525/suite/nbody_opt.perf.data (3682 samples) ]
Warning:
Kernel address maps (/proc/{kallsyms,modules}) were restricted.

Check /proc/sys/kernel/kptr_restrict before running 'perf record'.

As no suitable kallsyms nor vmlinux was found, kernel samples
can't be resolved.

Samples in kernel modules can't be resolved as well.

py-spy> Sampling process 100 times a second. Press Control-C to exit.

nbody: Mean +- std dev: 161 ms +- 1 ms

py-spy> Stopped sampling because process exited
py-spy> Wrote flamegraph data to '/home/ubuntu/hwsw-rerun-3697a63/results/runs/vm_rerun_20260910_134525/suite/pyspy_nbody_opt.svg'. Samples: 217 Errors: 0
[14:07:59] OK    nbody/profile (1276s)
[14:07:59] START nbody/optimized
== nbody / optimized
   results -> /home/ubuntu/hwsw-rerun-3697a63/results/runs/vm_rerun_20260910_134525/suite
   stock   -> /usr/local/lib/python3.10/dist-packages/pyperformance/data-files/benchmarks/bm_nbody
Python benchmark suite 1.14.0


==================================================
( 1/1) creating venv for benchmark (nbody)

(trying common venv first)
Installing requirements into the virtual environment /home/ubuntu/hwsw-rerun-3697a63/venv/cpython3.10-0a2f95361109-compat-31b33d68c68a
# /home/ubuntu/hwsw-rerun-3697a63/venv/cpython3.10-0a2f95361109-compat-31b33d68c68a/bin/python -m pip install pyperf==2.10.0
Requirement already satisfied: pyperf==2.10.0 in ./venv/cpython3.10-0a2f95361109-compat-31b33d68c68a/lib/python3.10/site-packages (2.10.0)
Requirement already satisfied: psutil>=5.9.0 in ./venv/cpython3.10-0a2f95361109-compat-31b33d68c68a/lib/python3.10/site-packages (from pyperf==2.10.0) (7.2.2)
Installing requirements into the virtual environment /home/ubuntu/hwsw-rerun-3697a63/venv/cpython3.10-0a2f95361109-compat-31b33d68c68a
# /home/ubuntu/hwsw-rerun-3697a63/venv/cpython3.10-0a2f95361109-compat-31b33d68c68a/bin/python -m pip install psutil
Requirement already satisfied: psutil in ./venv/cpython3.10-0a2f95361109-compat-31b33d68c68a/lib/python3.10/site-packages (7.2.2)
# /home/ubuntu/hwsw-rerun-3697a63/venv/cpython3.10-0a2f95361109-compat-31b33d68c68a/bin/python -m pip freeze
packaging==26.3
psutil==7.2.2
pyperf==2.10.0
# /home/ubuntu/hwsw-rerun-3697a63/venv/cpython3.10-0a2f95361109-compat-31b33d68c68a/bin/python -m pip freeze
packaging==26.3
psutil==7.2.2
pyperf==2.10.0

[1/1] nbody...
# /home/ubuntu/hwsw-rerun-3697a63/venv/cpython3.10-0a2f95361109-compat-31b33d68c68a/bin/python -u /home/ubuntu/hwsw-rerun-3697a63/benchmarks/bm_nbody/run_benchmark.py --rigorous --output /tmp/tmp0k260cgx --inherit-environ PYPERFORMANCE_RUNID
.........................................
WARNING: the benchmark result may be unstable
* Not enough samples to get a stable result (95% certainly of less than 1% variation)

Try to rerun the benchmark with more runs, values and/or loops.
Run 'python -m pyperf system tune' command to reduce the system jitter.
Use pyperf stats, pyperf dump and pyperf hist to analyze results.
Use --quiet option to hide these warnings.

nbody: Mean +- std dev: 145 ms +- 5 ms

Performance version: 1.14.0
Python version: 3.10.12 (64-bit)
Report on Linux-5.15.0-1106-kvm-x86_64-with-glibc2.35
Number of logical CPUs: 8
Start date: 2026-09-10 14:08:03.258270
End date: 2026-09-10 14:08:32.437694

### nbody ###
Mean +- std dev: 145 ms +- 5 ms

[14:08:31] OK    nbody/optimized (32s)
[14:08:31] START nbody/compare
== nbody / compare
   results -> /home/ubuntu/hwsw-rerun-3697a63/results/runs/vm_rerun_20260910_134525/suite
   stock   -> /usr/local/lib/python3.10/dist-packages/pyperformance/data-files/benchmarks/bm_nbody
Benchmarks with tag 'math':
===========================

+-----------+----------------+----------------------+
| Benchmark | baseline_nbody | optimized_nbody      |
+===========+================+======================+
| nbody     | 230 ms         | 145 ms: 1.59x faster |
+-----------+----------------+----------------------+

All benchmarks:
===============

+-----------+----------------+----------------------+
| Benchmark | baseline_nbody | optimized_nbody      |
+===========+================+======================+
| nbody     | 230 ms         | 145 ms: 1.59x faster |
+-----------+----------------+----------------------+
[14:08:32] OK    nbody/compare (1s)
[14:08:32] START nbody/wheel
== nbody / wheel
   results -> /home/ubuntu/hwsw-rerun-3697a63/results/runs/vm_rerun_20260910_134525/suite
   stock   -> /usr/local/lib/python3.10/dist-packages/pyperformance/data-files/benchmarks/bm_nbody
note: nbody has no Cargo.lock; building without --locked
== building nbody for Python 3.10.12 -> /home/ubuntu/hwsw-rerun-3697a63/rust/nbody/target/wheels/20260910_140832
    Updating crates.io index
     Locking 20 packages to latest compatible versions
      Adding pyo3 v0.22.6 (available: v0.29.2)
🐍 Found CPython 3.10 at /usr/bin/python3
🔗 Found pyo3 bindings
📡 Using build options features from pyproject.toml
   Compiling target-lexicon v0.12.16
   Compiling once_cell v1.21.4
   Compiling proc-macro2 v1.0.107
   Compiling quote v1.0.47
   Compiling unicode-ident v1.0.24
   Compiling libc v0.2.189
   Compiling autocfg v1.5.1
   Compiling heck v0.5.0
   Compiling unindent v0.2.4
   Compiling indoc v2.0.7
   Compiling cfg-if v1.0.4
   Compiling memoffset v0.9.1
   Compiling pyo3-build-config v0.22.6
   Compiling syn v2.0.119
   Compiling pyo3-ffi v0.22.6
   Compiling pyo3-macros-backend v0.22.6
   Compiling pyo3 v0.22.6
   Compiling pyo3-macros v0.22.6
   Compiling nbody_rs v0.1.0 (/home/ubuntu/hwsw-rerun-3697a63/rust/nbody)
    Finished `release` profile [optimized + debuginfo] target(s) in 20.04s
📦 Built wheel for CPython 3.10 to /home/ubuntu/hwsw-rerun-3697a63/rust/nbody/target/wheels/20260910_140832/nbody_rs-0.1.0-cp310-cp310-manylinux_2_34_x86_64.whl
== built  /home/ubuntu/hwsw-rerun-3697a63/rust/nbody/target/wheels/20260910_140832/nbody_rs-0.1.0-cp310-cp310-manylinux_2_34_x86_64.whl
   sha256 95f5df08ede79af59d75e7af5ea62997b780ad69eada3bbe4884d0b7c23c8de2
== installing with sudo (/usr/local/lib/python3.10/dist-packages is not writable): python3 -m pip install --force-reinstall --no-deps /home/ubuntu/hwsw-rerun-3697a63/rust/nbody/target/wheels/20260910_140832/nbody_rs-0.1.0-cp310-cp310-manylinux_2_34_x86_64.whl
Processing ./rust/nbody/target/wheels/20260910_140832/nbody_rs-0.1.0-cp310-cp310-manylinux_2_34_x86_64.whl
Installing collected packages: nbody-rs
  Attempting uninstall: nbody-rs
    Found existing installation: nbody-rs 0.1.0
    Uninstalling nbody-rs-0.1.0:
      Successfully uninstalled nbody-rs-0.1.0
Successfully installed nbody-rs-0.1.0
WARNING: Running pip as the 'root' user can result in broken permissions and conflicting behaviour with the system package manager. It is recommended to use a virtual environment instead: https://pip.pypa.io/warnings/venv
== imported nbody_rs extension from /usr/local/lib/python3.10/dist-packages/nbody_rs/nbody_rs.cpython-310-x86_64-linux-gnu.so
   sha256 820d20ec875c65215c939f2f6866397b2b8391d4f7bf9dac69e6e0d4e0f4281d (matches the wheel just built)
   rustc  rustc 1.98.0 (88d9e12ae 2026-08-18)
== provenance written to /home/ubuntu/hwsw-rerun-3697a63/results/runs/vm_rerun_20260910_134525/suite/wheel_nbody.json
[14:08:58] OK    nbody/wheel (26s)
[14:08:58] START nbody/native
== nbody / native
   results -> /home/ubuntu/hwsw-rerun-3697a63/results/runs/vm_rerun_20260910_134525/suite
   stock   -> /usr/local/lib/python3.10/dist-packages/pyperformance/data-files/benchmarks/bm_nbody
module: /usr/local/lib/python3.10/dist-packages/nbody_rs/nbody_rs.cpython-310-x86_64-linux-gnu.so
sha256: 820d20ec875c65215c939f2f6866397b2b8391d4f7bf9dac69e6e0d4e0f4281d
.........................................
nbody: Mean +- std dev: 144 ms +- 3 ms
.........................................
nbody: Mean +- std dev: 9.47 ms +- 0.01 ms
   backend metadata ok: /home/ubuntu/hwsw-rerun-3697a63/results/runs/vm_rerun_20260910_134525/suite/fallback_nbody.json = python (requested python)
   backend metadata ok: /home/ubuntu/hwsw-rerun-3697a63/results/runs/vm_rerun_20260910_134525/suite/native_nbody.json = native (requested native)
+-----------+----------------+------------------------+
| Benchmark | fallback_nbody | native_nbody           |
+===========+================+========================+
| nbody     | 144 ms         | 9.47 ms: 15.16x faster |
+-----------+----------------+------------------------+
[14:09:59] OK    nbody/native (61s)
[14:09:59] START pyflate/baseline
== pyflate / baseline
   results -> /home/ubuntu/hwsw-rerun-3697a63/results/runs/vm_rerun_20260910_134525/suite
   stock   -> /usr/local/lib/python3.10/dist-packages/pyperformance/data-files/benchmarks/bm_pyflate
Python benchmark suite 1.14.0


==================================================
( 1/1) creating venv for benchmark (pyflate)

(trying common venv first)
Installing requirements into the virtual environment /home/ubuntu/hwsw-rerun-3697a63/venv/cpython3.10-0a2f95361109-compat-31b33d68c68a
# /home/ubuntu/hwsw-rerun-3697a63/venv/cpython3.10-0a2f95361109-compat-31b33d68c68a/bin/python -m pip install pyperf==2.10.0
Requirement already satisfied: pyperf==2.10.0 in ./venv/cpython3.10-0a2f95361109-compat-31b33d68c68a/lib/python3.10/site-packages (2.10.0)
Requirement already satisfied: psutil>=5.9.0 in ./venv/cpython3.10-0a2f95361109-compat-31b33d68c68a/lib/python3.10/site-packages (from pyperf==2.10.0) (7.2.2)
Installing requirements into the virtual environment /home/ubuntu/hwsw-rerun-3697a63/venv/cpython3.10-0a2f95361109-compat-31b33d68c68a
# /home/ubuntu/hwsw-rerun-3697a63/venv/cpython3.10-0a2f95361109-compat-31b33d68c68a/bin/python -m pip install psutil
Requirement already satisfied: psutil in ./venv/cpython3.10-0a2f95361109-compat-31b33d68c68a/lib/python3.10/site-packages (7.2.2)
# /home/ubuntu/hwsw-rerun-3697a63/venv/cpython3.10-0a2f95361109-compat-31b33d68c68a/bin/python -m pip freeze
packaging==26.3
psutil==7.2.2
pyperf==2.10.0
# /home/ubuntu/hwsw-rerun-3697a63/venv/cpython3.10-0a2f95361109-compat-31b33d68c68a/bin/python -m pip freeze
packaging==26.3
psutil==7.2.2
pyperf==2.10.0

[1/1] pyflate...
# /home/ubuntu/hwsw-rerun-3697a63/venv/cpython3.10-0a2f95361109-compat-31b33d68c68a/bin/python -u /usr/local/lib/python3.10/dist-packages/pyperformance/data-files/benchmarks/bm_pyflate/run_benchmark.py --rigorous --output /tmp/tmpoooib9wp --inherit-environ PYPERFORMANCE_RUNID
.........................................
pyflate: Mean +- std dev: 1.13 sec +- 0.01 sec

Performance version: 1.14.0
Python version: 3.10.12 (64-bit)
Report on Linux-5.15.0-1106-kvm-x86_64-with-glibc2.35
Number of logical CPUs: 8
Start date: 2026-09-10 14:10:07.708330
End date: 2026-09-10 14:13:19.462792

### pyflate ###
Mean +- std dev: 1.13 sec +- 0.01 sec

Total duration: 3 min 6.4 sec
Start date: 2026-09-10 14:10:07
End date: 2026-09-10 14:13:19
Raw value minimum: 1.10 sec
Raw value maximum: 1.18 sec

Number of calibration run: 1
Number of run with values: 40
Total number of run: 41

Number of warmup per run: 1
Number of value per run: 3
Loop iterations per value: 1
Total number of values: 120

Minimum:         1.10 sec
Median +- MAD:   1.13 sec +- 0.01 sec
Mean +- std dev: 1.13 sec +- 0.01 sec
Maximum:         1.18 sec

  0th percentile: 1.10 sec (-2% of the mean) -- minimum
  5th percentile: 1.11 sec (-2% of the mean)
 25th percentile: 1.12 sec (-1% of the mean) -- Q1
 50th percentile: 1.13 sec (-0% of the mean) -- median
 75th percentile: 1.14 sec (+1% of the mean) -- Q3
 95th percentile: 1.15 sec (+2% of the mean)
100th percentile: 1.18 sec (+5% of the mean) -- maximum

Number of outlier (out of 1.08 sec..1.17 sec): 2
[14:13:14] OK    pyflate/baseline (195s)
[14:13:14] START pyflate/profile
== pyflate / profile
   results -> /home/ubuntu/hwsw-rerun-3697a63/results/runs/vm_rerun_20260910_134525/suite
   stock   -> /usr/local/lib/python3.10/dist-packages/pyperformance/data-files/benchmarks/bm_pyflate
kernel.perf_event_max_sample_rate = 100000
kernel.perf_event_paranoid = -1
kernel.kptr_restrict = 0
Couldn't record kernel reference relocation symbol
Symbol resolution may be skewed if relocation was used (e.g. kexec).
Check /proc/kallsyms permission or run as root.
perf_event__synthesize_bpf_events: failed to synthesize bpf images: No such file or directory
pyflate: Mean +- std dev: 3.21 sec +- 0.02 sec
[ perf record: Woken up 628 times to write data ]
[ perf record: Captured and wrote 156.956 MB /home/ubuntu/hwsw-rerun-3697a63/results/runs/vm_rerun_20260910_134525/suite/pyflate_stock.perf.data (9892 samples) ]
Warning:
Kernel address maps (/proc/{kallsyms,modules}) were restricted.

Check /proc/sys/kernel/kptr_restrict before running 'perf record'.

As no suitable kallsyms nor vmlinux was found, kernel samples
can't be resolved.

Samples in kernel modules can't be resolved as well.

py-spy> Sampling process 100 times a second. Press Control-C to exit.

pyflate: Mean +- std dev: 1.24 sec +- 0.01 sec

py-spy> Stopped sampling because process exited
py-spy> Wrote flamegraph data to '/home/ubuntu/hwsw-rerun-3697a63/results/runs/vm_rerun_20260910_134525/suite/pyspy_pyflate_stock.svg'. Samples: 392 Errors: 0
Error: No child process (os error 10)
py-spy failed (stock), non-fatal
Couldn't record kernel reference relocation symbol
Symbol resolution may be skewed if relocation was used (e.g. kexec).
Check /proc/kallsyms permission or run as root.
perf_event__synthesize_bpf_events: failed to synthesize bpf images: No such file or directory
pyflate: Mean +- std dev: 851 ms +- 3 ms
[ perf record: Woken up 180 times to write data ]
[ perf record: Captured and wrote 44.824 MB /home/ubuntu/hwsw-rerun-3697a63/results/runs/vm_rerun_20260910_134525/suite/pyflate_opt.perf.data (2823 samples) ]
Warning:
Kernel address maps (/proc/{kallsyms,modules}) were restricted.

Check /proc/sys/kernel/kptr_restrict before running 'perf record'.

As no suitable kallsyms nor vmlinux was found, kernel samples
can't be resolved.

Samples in kernel modules can't be resolved as well.

py-spy> Sampling process 100 times a second. Press Control-C to exit.

pyflate: Mean +- std dev: 315 ms +- 7 ms

py-spy> Stopped sampling because process exited
py-spy> Wrote flamegraph data to '/home/ubuntu/hwsw-rerun-3697a63/results/runs/vm_rerun_20260910_134525/suite/pyspy_pyflate_opt.svg'. Samples: 112 Errors: 0
[14:49:25] OK    pyflate/profile (2171s)
[14:49:25] START pyflate/optimized
== pyflate / optimized
   results -> /home/ubuntu/hwsw-rerun-3697a63/results/runs/vm_rerun_20260910_134525/suite
   stock   -> /usr/local/lib/python3.10/dist-packages/pyperformance/data-files/benchmarks/bm_pyflate
Python benchmark suite 1.14.0


==================================================
( 1/1) creating venv for benchmark (pyflate)

(trying common venv first)
Installing requirements into the virtual environment /home/ubuntu/hwsw-rerun-3697a63/venv/cpython3.10-0a2f95361109-compat-31b33d68c68a
# /home/ubuntu/hwsw-rerun-3697a63/venv/cpython3.10-0a2f95361109-compat-31b33d68c68a/bin/python -m pip install pyperf==2.10.0
Requirement already satisfied: pyperf==2.10.0 in ./venv/cpython3.10-0a2f95361109-compat-31b33d68c68a/lib/python3.10/site-packages (2.10.0)
Requirement already satisfied: psutil>=5.9.0 in ./venv/cpython3.10-0a2f95361109-compat-31b33d68c68a/lib/python3.10/site-packages (from pyperf==2.10.0) (7.2.2)
Installing requirements into the virtual environment /home/ubuntu/hwsw-rerun-3697a63/venv/cpython3.10-0a2f95361109-compat-31b33d68c68a
# /home/ubuntu/hwsw-rerun-3697a63/venv/cpython3.10-0a2f95361109-compat-31b33d68c68a/bin/python -m pip install psutil
Requirement already satisfied: psutil in ./venv/cpython3.10-0a2f95361109-compat-31b33d68c68a/lib/python3.10/site-packages (7.2.2)
# /home/ubuntu/hwsw-rerun-3697a63/venv/cpython3.10-0a2f95361109-compat-31b33d68c68a/bin/python -m pip freeze
packaging==26.3
psutil==7.2.2
pyperf==2.10.0
# /home/ubuntu/hwsw-rerun-3697a63/venv/cpython3.10-0a2f95361109-compat-31b33d68c68a/bin/python -m pip freeze
packaging==26.3
psutil==7.2.2
pyperf==2.10.0

[1/1] pyflate...
# /home/ubuntu/hwsw-rerun-3697a63/venv/cpython3.10-0a2f95361109-compat-31b33d68c68a/bin/python -u /home/ubuntu/hwsw-rerun-3697a63/benchmarks/bm_pyflate/run_benchmark.py --rigorous --output /tmp/tmp93hz8r79 --inherit-environ PYPERFORMANCE_RUNID
.........................................
pyflate: Mean +- std dev: 279 ms +- 3 ms

Performance version: 1.14.0
Python version: 3.10.12 (64-bit)
Report on Linux-5.15.0-1106-kvm-x86_64-with-glibc2.35
Number of logical CPUs: 8
Start date: 2026-09-10 14:49:29.896333
End date: 2026-09-10 14:50:22.044515

### pyflate ###
Mean +- std dev: 279 ms +- 3 ms

[14:50:20] OK    pyflate/optimized (55s)
[14:50:20] START pyflate/compare
== pyflate / compare
   results -> /home/ubuntu/hwsw-rerun-3697a63/results/runs/vm_rerun_20260910_134525/suite
   stock   -> /usr/local/lib/python3.10/dist-packages/pyperformance/data-files/benchmarks/bm_pyflate
+-----------+------------------+----------------------+
| Benchmark | baseline_pyflate | optimized_pyflate    |
+===========+==================+======================+
| pyflate   | 1.13 sec         | 279 ms: 4.04x faster |
+-----------+------------------+----------------------+
[14:50:20] OK    pyflate/compare (0s)
[14:50:20] START pyflate/wheel
== pyflate / wheel
   results -> /home/ubuntu/hwsw-rerun-3697a63/results/runs/vm_rerun_20260910_134525/suite
   stock   -> /usr/local/lib/python3.10/dist-packages/pyperformance/data-files/benchmarks/bm_pyflate
== building pyflate for Python 3.10.12 -> /home/ubuntu/hwsw-rerun-3697a63/rust/pyflate/target/wheels/20260910_145021
🐍 Found CPython 3.10 at /usr/bin/python3
🔗 Found pyo3 bindings
📡 Using build options features from pyproject.toml
   Compiling target-lexicon v0.12.16
   Compiling once_cell v1.21.4
   Compiling proc-macro2 v1.0.107
   Compiling quote v1.0.47
   Compiling unicode-ident v1.0.24
   Compiling autocfg v1.5.1
   Compiling libc v0.2.189
   Compiling heck v0.5.0
   Compiling unindent v0.2.4
   Compiling cfg-if v1.0.4
   Compiling indoc v2.0.7
   Compiling memoffset v0.9.1
   Compiling pyo3-build-config v0.22.6
   Compiling syn v2.0.119
   Compiling pyo3-macros-backend v0.22.6
   Compiling pyo3-ffi v0.22.6
   Compiling pyo3 v0.22.6
   Compiling pyo3-macros v0.22.6
   Compiling pyflate_rs v0.1.0 (/home/ubuntu/hwsw-rerun-3697a63/rust/pyflate)
    Finished `release` profile [optimized + debuginfo] target(s) in 20.96s
📦 Built wheel for CPython 3.10 to /home/ubuntu/hwsw-rerun-3697a63/rust/pyflate/target/wheels/20260910_145021/pyflate_rs-0.1.0-cp310-cp310-manylinux_2_34_x86_64.whl
== built  /home/ubuntu/hwsw-rerun-3697a63/rust/pyflate/target/wheels/20260910_145021/pyflate_rs-0.1.0-cp310-cp310-manylinux_2_34_x86_64.whl
   sha256 c6801e9e81dd2e569efe6cc1a20edbc24286445f0a9a69da5509a73e14f3025d
== installing with sudo (/usr/local/lib/python3.10/dist-packages is not writable): python3 -m pip install --force-reinstall --no-deps /home/ubuntu/hwsw-rerun-3697a63/rust/pyflate/target/wheels/20260910_145021/pyflate_rs-0.1.0-cp310-cp310-manylinux_2_34_x86_64.whl
Processing ./rust/pyflate/target/wheels/20260910_145021/pyflate_rs-0.1.0-cp310-cp310-manylinux_2_34_x86_64.whl
Installing collected packages: pyflate-rs
  Attempting uninstall: pyflate-rs
    Found existing installation: pyflate-rs 0.1.0
    Uninstalling pyflate-rs-0.1.0:
      Successfully uninstalled pyflate-rs-0.1.0
Successfully installed pyflate-rs-0.1.0
WARNING: Running pip as the 'root' user can result in broken permissions and conflicting behaviour with the system package manager. It is recommended to use a virtual environment instead: https://pip.pypa.io/warnings/venv
== imported pyflate_rs extension from /usr/local/lib/python3.10/dist-packages/pyflate_rs/pyflate_rs.cpython-310-x86_64-linux-gnu.so
   sha256 be6a477a6544c9365c45e4c6e7a7b0eec7af6c209a296e725e9ad91f2299597b (matches the wheel just built)
   rustc  rustc 1.98.0 (88d9e12ae 2026-08-18)
== provenance written to /home/ubuntu/hwsw-rerun-3697a63/results/runs/vm_rerun_20260910_134525/suite/wheel_pyflate.json
[14:50:44] OK    pyflate/wheel (24s)
[14:50:44] START pyflate/native
== pyflate / native
   results -> /home/ubuntu/hwsw-rerun-3697a63/results/runs/vm_rerun_20260910_134525/suite
   stock   -> /usr/local/lib/python3.10/dist-packages/pyperformance/data-files/benchmarks/bm_pyflate
module: /usr/local/lib/python3.10/dist-packages/pyflate_rs/pyflate_rs.cpython-310-x86_64-linux-gnu.so
sha256: be6a477a6544c9365c45e4c6e7a7b0eec7af6c209a296e725e9ad91f2299597b
.........................................
pyflate: Mean +- std dev: 283 ms +- 4 ms
.........................................
pyflate: Mean +- std dev: 169 ms +- 3 ms
   backend metadata ok: /home/ubuntu/hwsw-rerun-3697a63/results/runs/vm_rerun_20260910_134525/suite/fallback_pyflate.json = python (requested python)
   backend metadata ok: /home/ubuntu/hwsw-rerun-3697a63/results/runs/vm_rerun_20260910_134525/suite/native_pyflate.json = native (requested native)
+-----------+------------------+----------------------+
| Benchmark | fallback_pyflate | native_pyflate       |
+===========+==================+======================+
| pyflate   | 283 ms           | 169 ms: 1.68x faster |
+-----------+------------------+----------------------+
[14:52:13] OK    pyflate/native (89s)
[14:52:13] === summary ===
--- compare_nbody.txt ---
Benchmarks with tag 'math':
===========================

+-----------+----------------+----------------------+
| Benchmark | baseline_nbody | optimized_nbody      |
+===========+================+======================+
| nbody     | 230 ms         | 145 ms: 1.59x faster |
+-----------+----------------+----------------------+

All benchmarks:
===============

+-----------+----------------+----------------------+
| Benchmark | baseline_nbody | optimized_nbody      |
+===========+================+======================+
| nbody     | 230 ms         | 145 ms: 1.59x faster |
+-----------+----------------+----------------------+
--- compare_nbody_native.txt ---
+-----------+----------------+------------------------+
| Benchmark | fallback_nbody | native_nbody           |
+===========+================+========================+
| nbody     | 144 ms         | 9.47 ms: 15.16x faster |
+-----------+----------------+------------------------+
--- compare_pyflate.txt ---
+-----------+------------------+----------------------+
| Benchmark | baseline_pyflate | optimized_pyflate    |
+===========+==================+======================+
| pyflate   | 1.13 sec         | 279 ms: 4.04x faster |
+-----------+------------------+----------------------+
--- compare_pyflate_native.txt ---
+-----------+------------------+----------------------+
| Benchmark | fallback_pyflate | native_pyflate       |
+===========+==================+======================+
| pyflate   | 283 ms           | 169 ms: 1.68x faster |
+-----------+------------------+----------------------+
[14:52:13] === all done; marker written to /home/ubuntu/hwsw-rerun-3697a63/results/runs/vm_rerun_20260910_134525/suite/.RUN_DONE ===
