
===========================================================================
 report_power
============================================================================
======================= nom_tt_025C_1v80 Corner ===================================

Group                    Internal    Switching      Leakage        Total
                            Power        Power        Power        Power (Watts)
------------------------------------------------------------------------
Sequential           7.656512e-03 2.314587e-05 2.351452e-07 7.679893e-03  39.9%
Combinational        7.865515e-04 1.543891e-03 2.383215e-06 2.332825e-03  12.1%
Clock                5.734673e-03 3.483267e-03 7.975440e-08 9.218019e-03  47.9%
Macro                0.000000e+00 0.000000e+00 0.000000e+00 0.000000e+00   0.0%
Pad                  0.000000e+00 0.000000e+00 0.000000e+00 0.000000e+00   0.0%
------------------------------------------------------------------------
Total                1.417806e-02 5.050307e-03 2.697771e-06 1.923106e-02 100.0%
                            73.7%        26.3%         0.0%
Writing metric power__internal__total: 0.014178060926496983
Writing metric power__switching__total: 0.005050306674093008
Writing metric power__leakage__total: 2.697770923987264e-6
Writing metric power__total: 0.01923106424510479

