Startpoint: u_fsm._947_ (rising edge-triggered flip-flop clocked by clk)
Endpoint: g_add[2].u_mul._35436_
          (rising edge-triggered flip-flop clocked by clk)
Path Group: clk
Path Type: max

Fanout         Cap        Slew       Delay        Time   Description
---------------------------------------------------------------------------------------------
                                  0.000000    0.000000   clock clk (rise edge)
                                  0.000000    0.000000   clock source latency
     1    0.317893    1.411341    1.136749    1.136749 ^ clk (in)
                                                         clk (net)
                      1.494404    0.000000    1.136749 ^ clkbuf_0_clk/A (sky130_fd_sc_hd__clkbuf_16)
     2    0.068805    0.113138    0.383231    1.519979 ^ clkbuf_0_clk/X (sky130_fd_sc_hd__clkbuf_16)
                                                         clknet_0_clk (net)
                      0.113188    0.002426    1.522405 ^ clkbuf_1_0_0_clk/A (sky130_fd_sc_hd__clkbuf_8)
     1    0.043724    0.087721    0.185374    1.707780 ^ clkbuf_1_0_0_clk/X (sky130_fd_sc_hd__clkbuf_8)
                                                         clknet_1_0_0_clk (net)
                      0.088006    0.003966    1.711746 ^ clkbuf_1_0_1_clk/A (sky130_fd_sc_hd__clkbuf_8)
     2    0.039775    0.081505    0.171424    1.883170 ^ clkbuf_1_0_1_clk/X (sky130_fd_sc_hd__clkbuf_8)
                                                         clknet_1_0_1_clk (net)
                      0.081701    0.003172    1.886343 ^ clkbuf_2_0_0_clk/A (sky130_fd_sc_hd__clkbuf_8)
     1    0.039281    0.080930    0.167957    2.054299 ^ clkbuf_2_0_0_clk/X (sky130_fd_sc_hd__clkbuf_8)
                                                         clknet_2_0_0_clk (net)
                      0.081455    0.005099    2.059399 ^ clkbuf_2_0_1_clk/A (sky130_fd_sc_hd__clkbuf_8)
     2    0.050056    0.098251    0.179898    2.239297 ^ clkbuf_2_0_1_clk/X (sky130_fd_sc_hd__clkbuf_8)
                                                         clknet_2_0_1_clk (net)
                      0.098765    0.005688    2.244984 ^ clkbuf_3_1_0_clk/A (sky130_fd_sc_hd__clkbuf_8)
     2    0.038036    0.079021    0.172776    2.417760 ^ clkbuf_3_1_0_clk/X (sky130_fd_sc_hd__clkbuf_8)
                                                         clknet_3_1_0_clk (net)
                      0.079447    0.004543    2.422303 ^ clkbuf_4_2_0_clk/A (sky130_fd_sc_hd__clkbuf_8)
     1    0.039566    0.081380    0.167487    2.589789 ^ clkbuf_4_2_0_clk/X (sky130_fd_sc_hd__clkbuf_8)
                                                         clknet_4_2_0_clk (net)
                      0.081889    0.005039    2.594828 ^ clkbuf_4_2_1_clk/A (sky130_fd_sc_hd__clkbuf_8)
     4    0.061232    0.115764    0.195623    2.790452 ^ clkbuf_4_2_1_clk/X (sky130_fd_sc_hd__clkbuf_8)
                                                         clknet_4_2_1_clk (net)
                      0.115852    0.001496    2.791948 ^ clkbuf_6_11_0_clk/A (sky130_fd_sc_hd__clkbuf_8)
     4    0.045642    0.090753    0.189146    2.981093 ^ clkbuf_6_11_0_clk/X (sky130_fd_sc_hd__clkbuf_8)
                                                         clknet_6_11_0_clk (net)
                      0.090760    0.000965    2.982058 ^ clkbuf_8_45_0_clk/A (sky130_fd_sc_hd__clkbuf_8)
     2    0.025328    0.059130    0.155738    3.137796 ^ clkbuf_8_45_0_clk/X (sky130_fd_sc_hd__clkbuf_8)
                                                         clknet_8_45_0_clk (net)
                      0.059132    0.000437    3.138233 ^ clkbuf_9_91__f_clk/A (sky130_fd_sc_hd__clkbuf_16)
     8    0.054844    0.073292    0.158235    3.296469 ^ clkbuf_9_91__f_clk/X (sky130_fd_sc_hd__clkbuf_16)
                                                         clknet_9_91__leaf_clk (net)
                      0.073292    0.000161    3.296629 ^ clkbuf_leaf_4761_clk/A (sky130_fd_sc_hd__clkbuf_8)
    10    0.027127    0.061874    0.151597    3.448226 ^ clkbuf_leaf_4761_clk/X (sky130_fd_sc_hd__clkbuf_8)
                                                         clknet_leaf_4761_clk (net)
                      0.061874    0.000020    3.448246 ^ u_fsm._947_/CLK (sky130_fd_sc_hd__dfxtp_2)
     8    0.024093    0.067410    0.356005    3.804251 v u_fsm._947_/Q (sky130_fd_sc_hd__dfxtp_2)
                                                         u_fsm.state[1] (net)
                      0.067410    0.000103    3.804354 v u_fsm._448_/C_N (sky130_fd_sc_hd__nor3b_2)
     2    0.015420    0.065511    0.191815    3.996168 v u_fsm._448_/Y (sky130_fd_sc_hd__nor3b_2)
                                                         run (net)
                      0.065511    0.000135    3.996304 v fanout49071/A (sky130_fd_sc_hd__buf_12)
     4    0.143467    0.074284    0.165561    4.161865 v fanout49071/X (sky130_fd_sc_hd__buf_12)
                                                         net49071 (net)
                      0.127986    0.050840    4.212705 v wire49072/A (sky130_fd_sc_hd__buf_12)
     7    0.152008    0.079372    0.203024    4.415729 v wire49072/X (sky130_fd_sc_hd__buf_12)
                                                         net49072 (net)
                      0.118257    0.043086    4.458816 v u_force._130383_/C_N (sky130_fd_sc_hd__or3b_2)
     5    0.016284    0.102076    0.270796    4.729611 ^ u_force._130383_/X (sky130_fd_sc_hd__or3b_2)
                                                         u_force._068909_ (net)
                      0.102076    0.000040    4.729652 ^ u_force._130397_/A_N (sky130_fd_sc_hd__nand2b_4)
     8    0.109248    0.326093    0.338837    5.068490 ^ u_force._130397_/Y (sky130_fd_sc_hd__nand2b_4)
                                                         u_force._068923_ (net)
                      0.326118    0.002351    5.070840 ^ u_force._130399_/B (sky130_fd_sc_hd__or2_1)
     1    0.008572    0.091212    0.187669    5.258509 ^ u_force._130399_/X (sky130_fd_sc_hd__or2_1)
                                                         u_force._068925_ (net)
                      0.091212    0.000050    5.258559 ^ fanout35754/A (sky130_fd_sc_hd__buf_8)
     9    0.105291    0.173921    0.199400    5.457959 ^ fanout35754/X (sky130_fd_sc_hd__buf_8)
                                                         net35754 (net)
                      0.173921    0.000003    5.457962 ^ u_force._130441_/B (sky130_fd_sc_hd__and4_1)
     1    0.002799    0.057105    0.204183    5.662144 ^ u_force._130441_/X (sky130_fd_sc_hd__and4_1)
                                                         u_force._068967_ (net)
                      0.057105    0.000013    5.662157 ^ u_force._130442_/D_N (sky130_fd_sc_hd__or4b_1)
     1    0.005843    0.102073    0.458050    6.120207 v u_force._130442_/X (sky130_fd_sc_hd__or4b_1)
                                                         u_force._068968_ (net)
                      0.102073    0.000037    6.120244 v u_force._130447_/A (sky130_fd_sc_hd__nor3_2)
     3    0.013425    0.266095    0.299178    6.419422 ^ u_force._130447_/Y (sky130_fd_sc_hd__nor3_2)
                                                         u_force._068973_ (net)
                      0.266095    0.000127    6.419549 ^ u_force._144985_/A (sky130_fd_sc_hd__and3_4)
     9    0.094614    0.282613    0.418073    6.837621 ^ u_force._144985_/X (sky130_fd_sc_hd__and3_4)
                                                         mul_free[1] (net)
                      0.284690    0.019557    6.857178 ^ u_accum._081095_/B (sky130_fd_sc_hd__or3_4)
     2    0.073787    0.218320    0.322645    7.179823 ^ u_accum._081095_/X (sky130_fd_sc_hd__or3_4)
                                                         u_accum._001229_ (net)
                      0.218832    0.008647    7.188470 ^ wire13898/A (sky130_fd_sc_hd__buf_12)
     3    0.123778    0.147227    0.215933    7.404403 ^ wire13898/X (sky130_fd_sc_hd__buf_12)
                                                         net13898 (net)
                      0.157773    0.030079    7.434482 ^ u_accum._081096_/D_N (sky130_fd_sc_hd__or4b_1)
     1    0.005065    0.096739    0.468708    7.903190 v u_accum._081096_/X (sky130_fd_sc_hd__or4b_1)
                                                         u_accum._001230_ (net)
                      0.096739    0.000070    7.903260 v u_accum._081097_/C1 (sky130_fd_sc_hd__a221o_1)
     1    0.003686    0.056689    0.278960    8.182220 v u_accum._081097_/X (sky130_fd_sc_hd__a221o_1)
                                                         u_accum._001231_ (net)
                      0.056689    0.000023    8.182242 v u_accum._081110_/C1 (sky130_fd_sc_hd__a211o_1)
     1    0.015330    0.102467    0.290205    8.472447 v u_accum._081110_/X (sky130_fd_sc_hd__a211o_1)
                                                         u_accum._001244_ (net)
                      0.102470    0.000782    8.473230 v u_accum._081136_/B (sky130_fd_sc_hd__or4_4)
     1    0.022707    0.116131    0.582024    9.055255 v u_accum._081136_/X (sky130_fd_sc_hd__or4_4)
                                                         u_accum._001270_ (net)
                      0.116131    0.001750    9.057004 v u_accum._081137_/D (sky130_fd_sc_hd__or4_1)
     1    0.003534    0.090311    0.421741    9.478745 v u_accum._081137_/X (sky130_fd_sc_hd__or4_1)
                                                         u_accum._001271_ (net)
                      0.090311    0.000017    9.478762 v u_accum._081275_/A (sky130_fd_sc_hd__or2_4)
     4    0.111072    0.171807    0.394411    9.873173 v u_accum._081275_/X (sky130_fd_sc_hd__or2_4)
                                                         u_accum._001409_ (net)
                      0.171931    0.003976    9.877150 v u_accum._081280_/B (sky130_fd_sc_hd__nand2_1)
     1    0.006808    0.089982    0.140930   10.018079 ^ u_accum._081280_/Y (sky130_fd_sc_hd__nand2_1)
                                                         u_accum._001414_ (net)
                      0.089982    0.000051   10.018129 ^ u_accum._081311_/A2 (sky130_fd_sc_hd__a211o_4)
     3    0.106850    0.297264    0.322643   10.340773 ^ u_accum._081311_/X (sky130_fd_sc_hd__a211o_4)
                                                         u_accum._001445_ (net)
                      0.298964    0.018176   10.358949 ^ u_accum._081313_/B (sky130_fd_sc_hd__nand2_2)
     4    0.020501    0.134029    0.155708   10.514657 v u_accum._081313_/Y (sky130_fd_sc_hd__nand2_2)
                                                         u_accum._001447_ (net)
                      0.134029    0.000281   10.514937 v u_accum._081314_/B (sky130_fd_sc_hd__nand2b_4)
     5    0.116116    0.344480    0.317150   10.832088 ^ u_accum._081314_/Y (sky130_fd_sc_hd__nand2b_4)
                                                         u_accum._001448_ (net)
                      0.345682    0.016465   10.848553 ^ wire10605/A (sky130_fd_sc_hd__buf_12)
     1    0.120808    0.145000    0.229496   11.078048 ^ wire10605/X (sky130_fd_sc_hd__buf_12)
                                                         net10605 (net)
                      0.155314    0.029559   11.107608 ^ wire10604/A (sky130_fd_sc_hd__buf_12)
     1    0.120047    0.142522    0.198639   11.306247 ^ wire10604/X (sky130_fd_sc_hd__buf_12)
                                                         net10604 (net)
                      0.152848    0.029388   11.335635 ^ u_accum._081319_/B1 (sky130_fd_sc_hd__a2bb2o_1)
     1    0.014197    0.146581    0.231489   11.567123 ^ u_accum._081319_/X (sky130_fd_sc_hd__a2bb2o_1)
                                                         u_accum._001453_ (net)
                      0.146581    0.000299   11.567423 ^ wire10527/A (sky130_fd_sc_hd__clkbuf_16)
     1    0.118984    0.130781    0.226156   11.793579 ^ wire10527/X (sky130_fd_sc_hd__clkbuf_16)
                                                         net10527 (net)
                      0.141612    0.028762   11.822341 ^ wire10526/A (sky130_fd_sc_hd__buf_12)
     1    0.117904    0.140205    0.193895   12.016235 ^ wire10526/X (sky130_fd_sc_hd__buf_12)
                                                         net10526 (net)
                      0.150053    0.028479   12.044715 ^ u_accum._081472_/C_N (sky130_fd_sc_hd__or3b_4)
     1    0.035423    0.115339    0.468397   12.513112 v u_accum._081472_/X (sky130_fd_sc_hd__or3b_4)
                                                         u_accum._001606_ (net)
                      0.115390    0.002439   12.515551 v wire10373/A (sky130_fd_sc_hd__buf_12)
     5    0.110646    0.068377    0.189408   12.704959 v wire10373/X (sky130_fd_sc_hd__buf_12)
                                                         net10373 (net)
                      0.075167    0.016234   12.721193 v u_accum._081474_/B (sky130_fd_sc_hd__xnor2_1)
     1    0.007661    0.212498    0.211693   12.932886 ^ u_accum._081474_/Y (sky130_fd_sc_hd__xnor2_1)
                                                         u_accum._001608_ (net)
                      0.212498    0.000111   12.932998 ^ wire10263/A (sky130_fd_sc_hd__buf_4)
     1    0.045444    0.132005    0.228861   13.161859 ^ wire10263/X (sky130_fd_sc_hd__buf_4)
                                                         net10263 (net)
                      0.132208    0.004217   13.166076 ^ wire10262/A (sky130_fd_sc_hd__buf_6)
     3    0.045455    0.097730    0.167401   13.333477 ^ wire10262/X (sky130_fd_sc_hd__buf_6)
                                                         net10262 (net)
                      0.097873    0.003030   13.336507 ^ u_accum._081476_/A2_N (sky130_fd_sc_hd__o2bb2a_1)
     1    0.005930    0.067303    0.236421   13.572927 v u_accum._081476_/X (sky130_fd_sc_hd__o2bb2a_1)
                                                         u_accum._001610_ (net)
                      0.067303    0.000065   13.572992 v u_accum._081565_/C1 (sky130_fd_sc_hd__a2111o_1)
     1    0.011404    0.100305    0.399925   13.972918 v u_accum._081565_/X (sky130_fd_sc_hd__a2111o_1)
                                                         u_accum._001699_ (net)
                      0.100305    0.000167   13.973084 v u_accum._081566_/B (sky130_fd_sc_hd__nor2_4)
     6    0.046883    0.299438    0.270934   14.244018 ^ u_accum._081566_/Y (sky130_fd_sc_hd__nor2_4)
                                                         u_accum._001700_ (net)
                      0.299443    0.000960   14.244978 ^ u_accum._081571_/S (sky130_fd_sc_hd__mux2_8)
     5    0.122578    0.136232    0.514085   14.759063 v u_accum._081571_/X (sky130_fd_sc_hd__mux2_8)
                                                         u_accum._001705_ (net)
                      0.136295    0.002378   14.761440 v u_accum._081572_/B1 (sky130_fd_sc_hd__o2bb2a_1)
     2    0.007872    0.077267    0.350523   15.111963 v u_accum._081572_/X (sky130_fd_sc_hd__o2bb2a_1)
                                                         u_accum._001706_ (net)
                      0.077267    0.000059   15.112022 v u_accum._081619_/A (sky130_fd_sc_hd__or4_4)
     2    0.027137    0.121901    0.603729   15.715751 v u_accum._081619_/X (sky130_fd_sc_hd__or4_4)
                                                         u_accum._001753_ (net)
                      0.121901    0.000256   15.716006 v u_accum._081624_/S (sky130_fd_sc_hd__mux2_8)
     3    0.074555    0.111552    0.428290   16.144297 v u_accum._081624_/X (sky130_fd_sc_hd__mux2_8)
                                                         u_accum._001758_ (net)
                      0.111676    0.003393   16.147690 v u_accum._081625_/B1 (sky130_fd_sc_hd__o2bb2a_1)
     1    0.010072    0.085373    0.353586   16.501276 v u_accum._081625_/X (sky130_fd_sc_hd__o2bb2a_1)
                                                         u_accum._001759_ (net)
                      0.085373    0.000217   16.501492 v u_accum._081752_/A (sky130_fd_sc_hd__nor2_1)
     1    0.015889    0.292567    0.272296   16.773788 ^ u_accum._081752_/Y (sky130_fd_sc_hd__nor2_1)
                                                         u_accum._001886_ (net)
                      0.292568    0.000410   16.774199 ^ wire6963/A (sky130_fd_sc_hd__buf_8)
     5    0.099140    0.164278    0.235440   17.009638 ^ wire6963/X (sky130_fd_sc_hd__buf_8)
                                                         net6963 (net)
                      0.166288    0.014538   17.024176 ^ u_accum._081758_/S (sky130_fd_sc_hd__mux2_2)
     3    0.020259    0.090811    0.413323   17.437500 v u_accum._081758_/X (sky130_fd_sc_hd__mux2_2)
                                                         u_accum._001892_ (net)
                      0.090811    0.000405   17.437904 v u_accum._081759_/B1 (sky130_fd_sc_hd__o2bb2a_1)
     1    0.005794    0.066685    0.320640   17.758543 v u_accum._081759_/X (sky130_fd_sc_hd__o2bb2a_1)
                                                         u_accum._001893_ (net)
                      0.066685    0.000060   17.758604 v u_accum._081885_/A (sky130_fd_sc_hd__or3_4)
     5    0.062131    0.141364    0.501092   18.259697 v u_accum._081885_/X (sky130_fd_sc_hd__or3_4)
                                                         u_accum._002019_ (net)
                      0.141403    0.002347   18.262043 v u_accum._081890_/S (sky130_fd_sc_hd__mux2_8)
     4    0.111097    0.130193    0.453744   18.715786 v u_accum._081890_/X (sky130_fd_sc_hd__mux2_8)
                                                         u_accum._002024_ (net)
                      0.130459    0.004341   18.720129 v u_accum._081891_/B1 (sky130_fd_sc_hd__o2bb2a_2)
     1    0.016674    0.076444    0.333074   19.053202 v u_accum._081891_/X (sky130_fd_sc_hd__o2bb2a_2)
                                                         u_accum._002025_ (net)
                      0.076446    0.000574   19.053776 v u_accum._081920_/A (sky130_fd_sc_hd__nor4_2)
     2    0.013230    0.389603    0.426715   19.480490 ^ u_accum._081920_/Y (sky130_fd_sc_hd__nor4_2)
                                                         u_accum._002054_ (net)
                      0.389603    0.000229   19.480721 ^ wire5778/A (sky130_fd_sc_hd__clkbuf_2)
     1    0.017914    0.106997    0.234092   19.714811 ^ wire5778/X (sky130_fd_sc_hd__clkbuf_2)
                                                         net5778 (net)
                      0.106998    0.000675   19.715487 ^ wire5777/A (sky130_fd_sc_hd__clkbuf_4)
     1    0.018134    0.067913    0.174461   19.889948 ^ wire5777/X (sky130_fd_sc_hd__clkbuf_4)
                                                         net5777 (net)
                      0.067918    0.000684   19.890633 ^ wire5776/A (sky130_fd_sc_hd__buf_4)
     3    0.019751    0.064915    0.136765   20.027397 ^ wire5776/X (sky130_fd_sc_hd__buf_4)
                                                         net5776 (net)
                      0.064917    0.000425   20.027822 ^ u_accum._081925_/S (sky130_fd_sc_hd__mux2_8)
     2    0.088602    0.114681    0.438458   20.466280 v u_accum._081925_/X (sky130_fd_sc_hd__mux2_8)
                                                         u_accum._002059_ (net)
                      0.114782    0.002242   20.468521 v u_accum._081926_/B1 (sky130_fd_sc_hd__o2bb2a_4)
     1    0.043168    0.084319    0.297801   20.766323 v u_accum._081926_/X (sky130_fd_sc_hd__o2bb2a_4)
                                                         u_accum._002060_ (net)
                      0.084589    0.003920   20.770243 v u_accum._081940_/B1 (sky130_fd_sc_hd__a2111o_1)
     1    0.002924    0.058930    0.388527   21.158770 v u_accum._081940_/X (sky130_fd_sc_hd__a2111o_1)
                                                         u_accum._002074_ (net)
                      0.058930    0.000021   21.158791 v u_accum._081941_/D (sky130_fd_sc_hd__or4_2)
     1    0.014248    0.143532    0.609523   21.768314 v u_accum._081941_/X (sky130_fd_sc_hd__or4_2)
                                                         u_accum._002075_ (net)
                      0.143532    0.000369   21.768684 v wire5283/A (sky130_fd_sc_hd__clkbuf_16)
     2    0.124632    0.091925    0.239700   22.008383 v wire5283/X (sky130_fd_sc_hd__clkbuf_16)
                                                         net5283 (net)
                      0.096219    0.014714   22.023096 v u_accum._081942_/B (sky130_fd_sc_hd__nor2_8)
     2    0.097707    0.362597    0.314767   22.337864 ^ u_accum._081942_/Y (sky130_fd_sc_hd__nor2_8)
                                                         u_accum._002076_ (net)
                      0.363071    0.010672   22.348536 ^ wire5187/A (sky130_fd_sc_hd__buf_12)
     4    0.098550    0.123370    0.216879   22.565414 ^ wire5187/X (sky130_fd_sc_hd__buf_12)
                                                         net5187 (net)
                      0.127921    0.018527   22.583942 ^ u_accum._081947_/S (sky130_fd_sc_hd__mux2_2)
     4    0.016113    0.081687    0.395371   22.979313 v u_accum._081947_/X (sky130_fd_sc_hd__mux2_2)
                                                         u_accum._002081_ (net)
                      0.081687    0.000307   22.979620 v u_accum._081948_/B1 (sky130_fd_sc_hd__o22a_2)
     1    0.016348    0.076557    0.255252   23.234873 v u_accum._081948_/X (sky130_fd_sc_hd__o22a_2)
                                                         u_accum._002082_ (net)
                      0.076557    0.000025   23.234898 v u_accum._082086_/A (sky130_fd_sc_hd__nor2_8)
     3    0.071502    0.274169    0.268461   23.503359 ^ u_accum._082086_/Y (sky130_fd_sc_hd__nor2_8)
                                                         u_accum._002220_ (net)
                      0.274170    0.000400   23.503757 ^ u_accum._082087_/B (sky130_fd_sc_hd__xnor2_1)
     1    0.008320    0.222643    0.197190   23.700947 ^ u_accum._082087_/Y (sky130_fd_sc_hd__xnor2_1)
                                                         u_accum._002221_ (net)
                      0.222643    0.000130   23.701077 ^ wire5002/A (sky130_fd_sc_hd__buf_4)
     1    0.045136    0.131294    0.231005   23.932081 ^ wire5002/X (sky130_fd_sc_hd__buf_4)
                                                         net5002 (net)
                      0.131487    0.004114   23.936195 ^ wire5001/A (sky130_fd_sc_hd__buf_8)
     4    0.046761    0.085284    0.154078   24.090273 ^ wire5001/X (sky130_fd_sc_hd__buf_8)
                                                         net5001 (net)
                      0.085394    0.002503   24.092777 ^ u_accum._082094_/A2_N (sky130_fd_sc_hd__o2bb2a_4)
     1    0.042986    0.084155    0.211131   24.303907 v u_accum._082094_/X (sky130_fd_sc_hd__o2bb2a_4)
                                                         u_accum._002228_ (net)
                      0.084309    0.003283   24.307190 v u_accum._082110_/A (sky130_fd_sc_hd__nor2_8)
     2    0.060875    0.244038    0.245866   24.553055 ^ u_accum._082110_/Y (sky130_fd_sc_hd__nor2_8)
                                                         u_accum._002244_ (net)
                      0.244038    0.000105   24.553160 ^ max_cap4884/A (sky130_fd_sc_hd__buf_6)
     5    0.058827    0.124085    0.208436   24.761597 ^ max_cap4884/X (sky130_fd_sc_hd__buf_6)
                                                         net4884 (net)
                      0.124469    0.005604   24.767200 ^ u_accum._082115_/S (sky130_fd_sc_hd__mux2_2)
     3    0.016205    0.081953    0.394985   25.162186 v u_accum._082115_/X (sky130_fd_sc_hd__mux2_2)
                                                         u_accum._002249_ (net)
                      0.081953    0.000114   25.162300 v u_accum._082117_/B1 (sky130_fd_sc_hd__o2bb2a_1)
     1    0.012870    0.097625    0.355660   25.517960 v u_accum._082117_/X (sky130_fd_sc_hd__o2bb2a_1)
                                                         u_accum._002251_ (net)
                      0.097625    0.000247   25.518208 v u_accum._082134_/A (sky130_fd_sc_hd__nor2_4)
     6    0.042454    0.277955    0.274815   25.793022 ^ u_accum._082134_/Y (sky130_fd_sc_hd__nor2_4)
                                                         u_accum._002268_ (net)
                      0.277955    0.000055   25.793077 ^ u_accum._082140_/S (sky130_fd_sc_hd__mux2_2)
     4    0.025169    0.141773    0.294611   26.087687 ^ u_accum._082140_/X (sky130_fd_sc_hd__mux2_2)
                                                         u_accum._002274_ (net)
                      0.141776    0.000901   26.088589 ^ u_accum._082141_/A (sky130_fd_sc_hd__inv_2)
     1    0.004949    0.036278    0.047235   26.135822 v u_accum._082141_/Y (sky130_fd_sc_hd__inv_2)
                                                         u_accum._002275_ (net)
                      0.036278    0.000007   26.135830 v u_accum._082142_/B1 (sky130_fd_sc_hd__o22a_4)
     1    0.103324    0.167083    0.328281   26.464111 v u_accum._082142_/X (sky130_fd_sc_hd__o22a_4)
                                                         u_accum._002276_ (net)
                      0.171729    0.021689   26.485802 v u_accum._082219_/A (sky130_fd_sc_hd__or3_4)
     2    0.042781    0.122843    0.509012   26.994812 v u_accum._082219_/X (sky130_fd_sc_hd__or3_4)
                                                         u_accum._002353_ (net)
                      0.122967    0.003583   26.998396 v wire4598/A (sky130_fd_sc_hd__clkbuf_16)
     4    0.123628    0.089695    0.228406   27.226801 v wire4598/X (sky130_fd_sc_hd__clkbuf_16)
                                                         net4598 (net)
                      0.106035    0.029038   27.255838 v u_accum._082220_/B (sky130_fd_sc_hd__xnor2_4)
     1    0.029573    0.102777    0.188924   27.444763 v u_accum._082220_/Y (sky130_fd_sc_hd__xnor2_4)
                                                         u_accum._002354_ (net)
                      0.102921    0.002931   27.447695 v wire4588/A (sky130_fd_sc_hd__clkbuf_8)
     2    0.045975    0.063775    0.194447   27.642141 v wire4588/X (sky130_fd_sc_hd__clkbuf_8)
                                                         net4588 (net)
                      0.064141    0.003858   27.646000 v wire4584/A (sky130_fd_sc_hd__buf_6)
     2    0.044137    0.051890    0.151362   27.797361 v wire4584/X (sky130_fd_sc_hd__buf_6)
                                                         net4584 (net)
                      0.052242    0.003421   27.800783 v u_accum._082234_/A2 (sky130_fd_sc_hd__o22a_4)
     1    0.033370    0.081894    0.268736   28.069519 v u_accum._082234_/X (sky130_fd_sc_hd__o22a_4)
                                                         u_accum._002368_ (net)
                      0.081955    0.002148   28.071667 v wire4509/A (sky130_fd_sc_hd__buf_12)
     1    0.122883    0.069941    0.177566   28.249233 v wire4509/X (sky130_fd_sc_hd__buf_12)
                                                         net4509 (net)
                      0.089484    0.028308   28.277540 v u_accum._082250_/A (sky130_fd_sc_hd__nor3_2)
     2    0.021244    0.383089    0.380854   28.658396 ^ u_accum._082250_/Y (sky130_fd_sc_hd__nor3_2)
                                                         u_accum._002384_ (net)
                      0.383090    0.000421   28.658817 ^ max_cap4468/A (sky130_fd_sc_hd__clkbuf_2)
     1    0.025975    0.147842    0.262249   28.921066 ^ max_cap4468/X (sky130_fd_sc_hd__clkbuf_2)
                                                         net4468 (net)
                      0.147850    0.001403   28.922468 ^ wire4467/A (sky130_fd_sc_hd__buf_4)
     1    0.029870    0.091325    0.182469   29.104939 ^ wire4467/X (sky130_fd_sc_hd__buf_4)
                                                         net4467 (net)
                      0.091381    0.001823   29.106760 ^ wire4466/A (sky130_fd_sc_hd__buf_6)
     3    0.030824    0.070421    0.135834   29.242596 ^ wire4466/X (sky130_fd_sc_hd__buf_6)
                                                         net4466 (net)
                      0.070527    0.001734   29.244329 ^ wire4465/A (sky130_fd_sc_hd__buf_2)
     1    0.029574    0.148502    0.191685   29.436014 ^ wire4465/X (sky130_fd_sc_hd__buf_2)
                                                         net4465 (net)
                      0.148534    0.001792   29.437805 ^ wire4464/A (sky130_fd_sc_hd__buf_4)
     1    0.029618    0.090621    0.182199   29.620005 ^ wire4464/X (sky130_fd_sc_hd__buf_4)
                                                         net4464 (net)
                      0.090740    0.001760   29.621765 ^ wire4463/A (sky130_fd_sc_hd__buf_6)
     2    0.030052    0.068989    0.134607   29.756372 ^ wire4463/X (sky130_fd_sc_hd__buf_6)
                                                         net4463 (net)
                      0.069084    0.001492   29.757864 ^ u_accum._082275_/B (sky130_fd_sc_hd__xor2_2)
     3    0.014325    0.211112    0.214737   29.972601 ^ u_accum._082275_/X (sky130_fd_sc_hd__xor2_2)
                                                         u_accum._002408_ (net)
                      0.211112    0.000163   29.972765 ^ u_accum._082281_/A2 (sky130_fd_sc_hd__o22a_4)
     1    0.066098    0.198205    0.292605   30.265369 ^ u_accum._082281_/X (sky130_fd_sc_hd__o22a_4)
                                                         u_accum._002414_ (net)
                      0.198824    0.008985   30.274355 ^ wire4373/A (sky130_fd_sc_hd__buf_12)
     1    0.122653    0.145547    0.211081   30.485435 ^ wire4373/X (sky130_fd_sc_hd__buf_12)
                                                         net4373 (net)
                      0.156377    0.030393   30.515829 ^ u_accum._082297_/A (sky130_fd_sc_hd__or4_4)
     3    0.129085    0.372890    0.389161   30.904989 ^ u_accum._082297_/X (sky130_fd_sc_hd__or4_4)
                                                         u_accum._002430_ (net)
                      0.377358    0.032806   30.937796 ^ u_accum._082300_/A (sky130_fd_sc_hd__nor2_1)
     3    0.013538    0.126560    0.167230   31.105024 v u_accum._082300_/Y (sky130_fd_sc_hd__nor2_1)
                                                         u_accum._002433_ (net)
                      0.126560    0.000412   31.105438 v u_accum._082301_/B (sky130_fd_sc_hd__and2_4)
     3    0.051959    0.083271    0.249159   31.354597 v u_accum._082301_/X (sky130_fd_sc_hd__and2_4)
                                                         u_accum._002434_ (net)
                      0.083533    0.003233   31.357830 v fanout4338/A (sky130_fd_sc_hd__clkbuf_4)
     9    0.037600    0.085514    0.204864   31.562693 v fanout4338/X (sky130_fd_sc_hd__clkbuf_4)
                                                         net4338 (net)
                      0.085514    0.000078   31.562771 v u_accum._082325_/B (sky130_fd_sc_hd__or4_4)
     2    0.052538    0.159749    0.640046   32.202816 v u_accum._082325_/X (sky130_fd_sc_hd__or4_4)
                                                         u_accum.m_iss_l[2][3] (net)
                      0.159749    0.000043   32.202862 v u_accum._084084_/B (sky130_fd_sc_hd__or3_4)
     1    0.027518    0.099831    0.458527   32.661388 v u_accum._084084_/X (sky130_fd_sc_hd__or3_4)
                                                         ac_mul_valid[2] (net)
                      0.099916    0.001680   32.663067 v fanout4239/A (sky130_fd_sc_hd__buf_12)
     6    0.122727    0.071982    0.178833   32.841900 v fanout4239/X (sky130_fd_sc_hd__buf_12)
                                                         net4239 (net)
                      0.099527    0.034081   32.875980 v fanout4238/A (sky130_fd_sc_hd__buf_4)
    10    0.061020    0.086232    0.217323   33.093304 v fanout4238/X (sky130_fd_sc_hd__buf_4)
                                                         net4238 (net)
                      0.086232    0.000082   33.093388 v fanout4237/A (sky130_fd_sc_hd__buf_2)
     5    0.034220    0.089705    0.197922   33.291309 v fanout4237/X (sky130_fd_sc_hd__buf_2)
                                                         net4237 (net)
                      0.089777    0.002338   33.293648 v fanout4236/A (sky130_fd_sc_hd__buf_2)
     6    0.033158    0.086993    0.198408   33.492054 v fanout4236/X (sky130_fd_sc_hd__buf_2)
                                                         net4236 (net)
                      0.086994    0.000362   33.492416 v fanout4234/A (sky130_fd_sc_hd__buf_2)
     7    0.034620    0.090317    0.199528   33.691944 v fanout4234/X (sky130_fd_sc_hd__buf_2)
                                                         net4234 (net)
                      0.090333    0.001197   33.693142 v u_accum._084140_/B (sky130_fd_sc_hd__and2_1)
     1    0.005084    0.045891    0.181956   33.875099 v u_accum._084140_/X (sky130_fd_sc_hd__and2_1)
                                                         ac_mul_a[183] (net)
                      0.045891    0.000011   33.875107 v _711_/A0 (sky130_fd_sc_hd__mux2_8)
     1    0.127710    0.138075    0.396927   34.272034 v _711_/X (sky130_fd_sc_hd__mux2_8)
                                                         g_add[2].u_mul.a[55] (net)
                      0.161907    0.044256   34.316292 v wire4173/A (sky130_fd_sc_hd__buf_12)
     5    0.152304    0.074054    0.215433   34.531723 v wire4173/X (sky130_fd_sc_hd__buf_12)
                                                         net4173 (net)
                      0.136868    0.056332   34.588055 v g_add[2].u_mul._18463_/B (sky130_fd_sc_hd__or4_1)
     1    0.002570    0.082330    0.518956   35.107010 v g_add[2].u_mul._18463_/X (sky130_fd_sc_hd__or4_1)
                                                         g_add[2].u_mul._07897_ (net)
                      0.082330    0.000004   35.107014 v g_add[2].u_mul._18465_/B (sky130_fd_sc_hd__or3_4)
     6    0.024508    0.096125    0.424233   35.531250 v g_add[2].u_mul._18465_/X (sky130_fd_sc_hd__or3_4)
                                                         g_add[2].u_mul._07919_ (net)
                      0.096176    0.000870   35.532120 v g_add[2].u_mul._18469_/C (sky130_fd_sc_hd__or4_2)
     6    0.015539    0.146464    0.695078   36.227196 v g_add[2].u_mul._18469_/X (sky130_fd_sc_hd__or4_2)
                                                         g_add[2].u_mul._07963_ (net)
                      0.146464    0.000014   36.227211 v g_add[2].u_mul._18474_/C (sky130_fd_sc_hd__or4_1)
     4    0.009626    0.130145    0.555655   36.782867 v g_add[2].u_mul._18474_/X (sky130_fd_sc_hd__or4_1)
                                                         g_add[2].u_mul._08017_ (net)
                      0.130145    0.000039   36.782906 v g_add[2].u_mul._18480_/B (sky130_fd_sc_hd__or4_2)
     5    0.011561    0.133741    0.720924   37.503830 v g_add[2].u_mul._18480_/X (sky130_fd_sc_hd__or4_2)
                                                         g_add[2].u_mul._08083_ (net)
                      0.133741    0.000057   37.503887 v g_add[2].u_mul._18490_/A (sky130_fd_sc_hd__nor4_1)
     2    0.004948    0.299390    0.351232   37.855118 ^ g_add[2].u_mul._18490_/Y (sky130_fd_sc_hd__nor4_1)
                                                         g_add[2].u_mul._08192_ (net)
                      0.299390    0.000018   37.855137 ^ max_cap4092/A (sky130_fd_sc_hd__clkbuf_1)
     2    0.004490    0.066927    0.139458   37.994595 ^ max_cap4092/X (sky130_fd_sc_hd__clkbuf_1)
                                                         net4092 (net)
                      0.066927    0.000007   37.994602 ^ g_add[2].u_mul._18497_/B (sky130_fd_sc_hd__and4b_2)
     6    0.016290    0.113661    0.273253   38.267853 ^ g_add[2].u_mul._18497_/X (sky130_fd_sc_hd__and4b_2)
                                                         g_add[2].u_mul._08268_ (net)
                      0.113661    0.000043   38.267895 ^ g_add[2].u_mul._18499_/C_N (sky130_fd_sc_hd__or3b_1)
     4    0.008198    0.098774    0.395570   38.663467 v g_add[2].u_mul._18499_/X (sky130_fd_sc_hd__or3b_1)
                                                         g_add[2].u_mul._08289_ (net)
                      0.098774    0.000032   38.663498 v g_add[2].u_mul._18501_/C (sky130_fd_sc_hd__or3_1)
     4    0.009644    0.102121    0.371081   39.034580 v g_add[2].u_mul._18501_/X (sky130_fd_sc_hd__or3_1)
                                                         g_add[2].u_mul._08311_ (net)
                      0.102121    0.000046   39.034626 v g_add[2].u_mul._18507_/C (sky130_fd_sc_hd__or4_4)
     7    0.019696    0.112396    0.542503   39.577129 v g_add[2].u_mul._18507_/X (sky130_fd_sc_hd__or4_4)
                                                         g_add[2].u_mul._08376_ (net)
                      0.112396    0.000068   39.577194 v g_add[2].u_mul._18508_/B (sky130_fd_sc_hd__or2_2)
     8    0.019763    0.097265    0.356494   39.933689 v g_add[2].u_mul._18508_/X (sky130_fd_sc_hd__or2_2)
                                                         g_add[2].u_mul._08387_ (net)
                      0.097265    0.000036   39.933723 v g_add[2].u_mul._18509_/B (sky130_fd_sc_hd__nor2_1)
     4    0.012846    0.246795    0.224997   40.158722 ^ g_add[2].u_mul._18509_/Y (sky130_fd_sc_hd__nor2_1)
                                                         g_add[2].u_mul._08398_ (net)
                      0.246795    0.000057   40.158779 ^ fanout3778/A (sky130_fd_sc_hd__clkbuf_4)
    10    0.045575    0.144640    0.279321   40.438099 ^ fanout3778/X (sky130_fd_sc_hd__clkbuf_4)
                                                         net3778 (net)
                      0.144640    0.000345   40.438446 ^ g_add[2].u_mul._18512_/B (sky130_fd_sc_hd__nand2_8)
     3    0.055232    0.088320    0.108166   40.546612 v g_add[2].u_mul._18512_/Y (sky130_fd_sc_hd__nand2_8)
                                                         g_add[2].u_mul._08431_ (net)
                      0.088331    0.000792   40.547401 v fanout3529/A (sky130_fd_sc_hd__buf_2)
     5    0.032316    0.085087    0.196351   40.743755 v fanout3529/X (sky130_fd_sc_hd__buf_2)
                                                         net3529 (net)
                      0.085087    0.000281   40.744034 v g_add[2].u_mul._18687_/A (sky130_fd_sc_hd__nand2_4)
     4    0.039973    0.130463    0.136737   40.880772 ^ g_add[2].u_mul._18687_/Y (sky130_fd_sc_hd__nand2_4)
                                                         g_add[2].u_mul._09147_ (net)
                      0.130463    0.000160   40.880932 ^ fanout3029/A (sky130_fd_sc_hd__clkbuf_2)
     6    0.023519    0.133094    0.198565   41.079498 ^ fanout3029/X (sky130_fd_sc_hd__clkbuf_2)
                                                         net3029 (net)
                      0.133094    0.000018   41.079514 ^ fanout3028/A (sky130_fd_sc_hd__buf_2)
     7    0.033499    0.166940    0.227242   41.306755 ^ fanout3028/X (sky130_fd_sc_hd__buf_2)
                                                         net3028 (net)
                      0.166940    0.000210   41.306965 ^ fanout3027/A (sky130_fd_sc_hd__buf_2)
     5    0.028014    0.141486    0.218353   41.525318 ^ fanout3027/X (sky130_fd_sc_hd__buf_2)
                                                         net3027 (net)
                      0.141486    0.000110   41.525429 ^ g_add[2].u_mul._18689_/B (sky130_fd_sc_hd__nand2_2)
     2    0.026782    0.125335    0.138517   41.663948 v g_add[2].u_mul._18689_/Y (sky130_fd_sc_hd__nand2_2)
                                                         g_add[2].u_mul._09149_ (net)
                      0.125339    0.000625   41.664570 v fanout2499/A (sky130_fd_sc_hd__buf_2)
     6    0.029894    0.080003    0.208537   41.873108 v fanout2499/X (sky130_fd_sc_hd__buf_2)
                                                         net2499 (net)
                      0.080003    0.000203   41.873310 v fanout2498/A (sky130_fd_sc_hd__buf_2)
     5    0.032817    0.086227    0.193374   42.066685 v fanout2498/X (sky130_fd_sc_hd__buf_2)
                                                         net2498 (net)
                      0.086227    0.000018   42.066704 v g_add[2].u_mul._18828_/B (sky130_fd_sc_hd__or3b_2)
     1    0.019704    0.127410    0.528651   42.595356 v g_add[2].u_mul._18828_/X (sky130_fd_sc_hd__or3b_2)
                                                         g_add[2].u_mul._09286_ (net)
                      0.127419    0.001286   42.596642 v fanout1859/A (sky130_fd_sc_hd__buf_4)
     6    0.056277    0.080746    0.227860   42.824501 v fanout1859/X (sky130_fd_sc_hd__buf_4)
                                                         net1859 (net)
                      0.081032    0.003816   42.828316 v fanout1853/A (sky130_fd_sc_hd__buf_4)
    10    0.056503    0.081171    0.206981   43.035297 v fanout1853/X (sky130_fd_sc_hd__buf_4)
                                                         net1853 (net)
                      0.081171    0.000096   43.035393 v fanout1852/A (sky130_fd_sc_hd__clkbuf_4)
    10    0.037413    0.085188    0.203510   43.238903 v fanout1852/X (sky130_fd_sc_hd__clkbuf_4)
                                                         net1852 (net)
                      0.085203    0.001151   43.240055 v g_add[2].u_mul._19281_/B (sky130_fd_sc_hd__or4_1)
     2    0.004393    0.096043    0.522853   43.762909 v g_add[2].u_mul._19281_/X (sky130_fd_sc_hd__or4_1)
                                                         g_add[2].u_mul._09732_ (net)
                      0.096043    0.000000   43.762909 v g_add[2].u_mul._19283_/B1_N (sky130_fd_sc_hd__a21bo_1)
     2    0.007847    0.077237    0.221398   43.984306 ^ g_add[2].u_mul._19283_/X (sky130_fd_sc_hd__a21bo_1)
                                                         g_add[2].u_mul._09734_ (net)
                      0.077237    0.000018   43.984322 ^ g_add[2].u_mul._19284_/B (sky130_fd_sc_hd__xnor2_1)
     2    0.006639    0.196415    0.143565   44.127888 ^ g_add[2].u_mul._19284_/Y (sky130_fd_sc_hd__xnor2_1)
                                                         g_add[2].u_mul._09735_ (net)
                      0.196415    0.000011   44.127899 ^ g_add[2].u_mul._19286_/B (sky130_fd_sc_hd__xor2_1)
     2    0.008187    0.213651    0.234316   44.362213 ^ g_add[2].u_mul._19286_/X (sky130_fd_sc_hd__xor2_1)
                                                         g_add[2].u_mul._09737_ (net)
                      0.213651    0.000032   44.362247 ^ g_add[2].u_mul._19287_/B (sky130_fd_sc_hd__xnor2_1)
     2    0.007201    0.089587    0.123300   44.485546 v g_add[2].u_mul._19287_/Y (sky130_fd_sc_hd__xnor2_1)
                                                         g_add[2].u_mul._09738_ (net)
                      0.089587    0.000007   44.485554 v g_add[2].u_mul._19302_/A (sky130_fd_sc_hd__xnor2_1)
     2    0.009431    0.244740    0.262354   44.747910 ^ g_add[2].u_mul._19302_/Y (sky130_fd_sc_hd__xnor2_1)
                                                         g_add[2].u_mul._09753_ (net)
                      0.244740    0.000128   44.748035 ^ g_add[2].u_mul._19304_/B (sky130_fd_sc_hd__xor2_1)
     2    0.007577    0.202388    0.232141   44.980179 ^ g_add[2].u_mul._19304_/X (sky130_fd_sc_hd__xor2_1)
                                                         g_add[2].u_mul._09755_ (net)
                      0.202388    0.000021   44.980198 ^ g_add[2].u_mul._19307_/A (sky130_fd_sc_hd__xnor2_1)
     2    0.008724    0.238620    0.186557   45.166756 ^ g_add[2].u_mul._19307_/Y (sky130_fd_sc_hd__xnor2_1)
                                                         g_add[2].u_mul._09758_ (net)
                      0.238620    0.000078   45.166832 ^ g_add[2].u_mul._19309_/B (sky130_fd_sc_hd__xnor2_1)
     2    0.007539    0.214578    0.184908   45.351742 ^ g_add[2].u_mul._19309_/Y (sky130_fd_sc_hd__xnor2_1)
                                                         g_add[2].u_mul._09760_ (net)
                      0.214578    0.000011   45.351753 ^ g_add[2].u_mul._19310_/B (sky130_fd_sc_hd__xnor2_1)
     2    0.007111    0.205891    0.177327   45.529079 ^ g_add[2].u_mul._19310_/Y (sky130_fd_sc_hd__xnor2_1)
                                                         g_add[2].u_mul._09761_ (net)
                      0.205891    0.000039   45.529118 ^ g_add[2].u_mul._19312_/B (sky130_fd_sc_hd__xnor2_1)
     2    0.007701    0.217844    0.180279   45.709396 ^ g_add[2].u_mul._19312_/Y (sky130_fd_sc_hd__xnor2_1)
                                                         g_add[2].u_mul._09763_ (net)
                      0.217844    0.000014   45.709412 ^ g_add[2].u_mul._19313_/B (sky130_fd_sc_hd__xnor2_1)
     2    0.007334    0.210404    0.179611   45.889023 ^ g_add[2].u_mul._19313_/Y (sky130_fd_sc_hd__xnor2_1)
                                                         g_add[2].u_mul._09764_ (net)
                      0.210404    0.000039   45.889061 ^ g_add[2].u_mul._19315_/B (sky130_fd_sc_hd__xnor2_1)
     3    0.007286    0.209463    0.177934   46.066994 ^ g_add[2].u_mul._19315_/Y (sky130_fd_sc_hd__xnor2_1)
                                                         g_add[2].u_mul._09766_ (net)
                      0.209463    0.000014   46.067009 ^ g_add[2].u_mul._19320_/A2 (sky130_fd_sc_hd__a31o_1)
     2    0.008339    0.092821    0.211173   46.278183 ^ g_add[2].u_mul._19320_/X (sky130_fd_sc_hd__a31o_1)
                                                         g_add[2].u_mul._09770_ (net)
                      0.092821    0.000050   46.278233 ^ g_add[2].u_mul._19400_/A1 (sky130_fd_sc_hd__a21o_1)
     2    0.009286    0.089307    0.153971   46.432205 ^ g_add[2].u_mul._19400_/X (sky130_fd_sc_hd__a21o_1)
                                                         g_add[2].u_mul._09849_ (net)
                      0.089307    0.000082   46.432285 ^ g_add[2].u_mul._19489_/A1 (sky130_fd_sc_hd__a21o_1)
     2    0.008416    0.082780    0.147519   46.579803 ^ g_add[2].u_mul._19489_/X (sky130_fd_sc_hd__a21o_1)
                                                         g_add[2].u_mul._09937_ (net)
                      0.082780    0.000050   46.579853 ^ g_add[2].u_mul._19577_/A1 (sky130_fd_sc_hd__a21o_1)
     2    0.008329    0.082018    0.144908   46.724762 ^ g_add[2].u_mul._19577_/X (sky130_fd_sc_hd__a21o_1)
                                                         g_add[2].u_mul._10024_ (net)
                      0.082018    0.000043   46.724804 ^ g_add[2].u_mul._19682_/A1 (sky130_fd_sc_hd__a21bo_1)
     2    0.013048    0.116615    0.168168   46.892971 ^ g_add[2].u_mul._19682_/X (sky130_fd_sc_hd__a21bo_1)
                                                         g_add[2].u_mul._10128_ (net)
                      0.116615    0.000195   46.893169 ^ g_add[2].u_mul._19783_/A1 (sky130_fd_sc_hd__a21bo_1)
     3    0.011074    0.102912    0.168217   47.061386 ^ g_add[2].u_mul._19783_/X (sky130_fd_sc_hd__a21bo_1)
                                                         g_add[2].u_mul._10228_ (net)
                      0.102912    0.000032   47.061417 ^ g_add[2].u_mul._20003_/A1 (sky130_fd_sc_hd__a31o_1)
     3    0.016194    0.162710    0.231385   47.292801 ^ g_add[2].u_mul._20003_/X (sky130_fd_sc_hd__a31o_1)
                                                         g_add[2].u_mul._10446_ (net)
                      0.162710    0.000117   47.292919 ^ g_add[2].u_mul._20237_/A1 (sky130_fd_sc_hd__a31o_1)
     3    0.013967    0.142754    0.232227   47.525146 ^ g_add[2].u_mul._20237_/X (sky130_fd_sc_hd__a31o_1)
                                                         g_add[2].u_mul._10678_ (net)
                      0.142754    0.000295   47.525440 ^ g_add[2].u_mul._20484_/A1 (sky130_fd_sc_hd__a31o_1)
     3    0.017885    0.178751    0.253234   47.778675 ^ g_add[2].u_mul._20484_/X (sky130_fd_sc_hd__a31o_1)
                                                         g_add[2].u_mul._10923_ (net)
                      0.178751    0.000462   47.779137 ^ g_add[2].u_mul._20758_/A1 (sky130_fd_sc_hd__a31o_1)
     2    0.014320    0.146526    0.238373   48.017509 ^ g_add[2].u_mul._20758_/X (sky130_fd_sc_hd__a31o_1)
                                                         g_add[2].u_mul._11195_ (net)
                      0.146526    0.000149   48.017658 ^ g_add[2].u_mul._20899_/A1 (sky130_fd_sc_hd__a21bo_1)
     2    0.013116    0.116902    0.186532   48.204189 ^ g_add[2].u_mul._20899_/X (sky130_fd_sc_hd__a21bo_1)
                                                         g_add[2].u_mul._11335_ (net)
                      0.116902    0.000060   48.204250 ^ g_add[2].u_mul._21037_/A1 (sky130_fd_sc_hd__a21o_1)
     2    0.013815    0.126566    0.188361   48.392612 ^ g_add[2].u_mul._21037_/X (sky130_fd_sc_hd__a21o_1)
                                                         g_add[2].u_mul._11472_ (net)
                      0.126566    0.000096   48.392708 ^ g_add[2].u_mul._21177_/A1 (sky130_fd_sc_hd__a21o_1)
     2    0.013624    0.124608    0.189818   48.582527 ^ g_add[2].u_mul._21177_/X (sky130_fd_sc_hd__a21o_1)
                                                         g_add[2].u_mul._11611_ (net)
                      0.124608    0.000107   48.582634 ^ g_add[2].u_mul._21325_/A1 (sky130_fd_sc_hd__a21o_1)
     3    0.012357    0.114117    0.181974   48.764606 ^ g_add[2].u_mul._21325_/X (sky130_fd_sc_hd__a21o_1)
                                                         g_add[2].u_mul._11758_ (net)
                      0.114117    0.000092   48.764698 ^ g_add[2].u_mul._21743_/A1 (sky130_fd_sc_hd__a211o_1)
     2    0.007460    0.076897    0.160330   48.925030 ^ g_add[2].u_mul._21743_/X (sky130_fd_sc_hd__a211o_1)
                                                         g_add[2].u_mul._12174_ (net)
                      0.076897    0.000057   48.925087 ^ g_add[2].u_mul._21746_/A3 (sky130_fd_sc_hd__a31o_1)
     2    0.010039    0.107145    0.191971   49.117058 ^ g_add[2].u_mul._21746_/X (sky130_fd_sc_hd__a31o_1)
                                                         g_add[2].u_mul._12176_ (net)
                      0.107145    0.000068   49.117123 ^ g_add[2].u_mul._21888_/A1 (sky130_fd_sc_hd__a21oi_1)
     3    0.010127    0.097789    0.113836   49.230961 v g_add[2].u_mul._21888_/Y (sky130_fd_sc_hd__a21oi_1)
                                                         g_add[2].u_mul._12317_ (net)
                      0.097789    0.000203   49.231163 v g_add[2].u_mul._22172_/A1 (sky130_fd_sc_hd__o31a_1)
     3    0.014153    0.095576    0.365525   49.596687 v g_add[2].u_mul._22172_/X (sky130_fd_sc_hd__o31a_1)
                                                         g_add[2].u_mul._12599_ (net)
                      0.095576    0.000306   49.596992 v g_add[2].u_mul._22461_/A1 (sky130_fd_sc_hd__o32a_1)
     3    0.010000    0.083846    0.399513   49.996506 v g_add[2].u_mul._22461_/X (sky130_fd_sc_hd__o32a_1)
                                                         g_add[2].u_mul._12886_ (net)
                      0.083846    0.000121   49.996628 v g_add[2].u_mul._22763_/A1 (sky130_fd_sc_hd__o31a_1)
     3    0.011986    0.086441    0.351019   50.347645 v g_add[2].u_mul._22763_/X (sky130_fd_sc_hd__o31a_1)
                                                         g_add[2].u_mul._13186_ (net)
                      0.086441    0.000291   50.347939 v g_add[2].u_mul._23043_/A1 (sky130_fd_sc_hd__o31a_1)
     3    0.011252    0.083387    0.348905   50.696842 v g_add[2].u_mul._23043_/X (sky130_fd_sc_hd__o31a_1)
                                                         g_add[2].u_mul._13464_ (net)
                      0.083387    0.000085   50.696926 v g_add[2].u_mul._23330_/A1 (sky130_fd_sc_hd__o31a_1)
     3    0.011256    0.083433    0.347711   51.044640 v g_add[2].u_mul._23330_/X (sky130_fd_sc_hd__o31a_1)
                                                         g_add[2].u_mul._13749_ (net)
                      0.083433    0.000263   51.044903 v g_add[2].u_mul._23621_/A1 (sky130_fd_sc_hd__o31a_1)
     3    0.014259    0.095986    0.360682   51.405582 v g_add[2].u_mul._23621_/X (sky130_fd_sc_hd__o31a_1)
                                                         g_add[2].u_mul._14038_ (net)
                      0.095986    0.000277   51.405861 v g_add[2].u_mul._24354_/A1 (sky130_fd_sc_hd__o31a_2)
     4    0.021824    0.094665    0.418503   51.824364 v g_add[2].u_mul._24354_/X (sky130_fd_sc_hd__o31a_2)
                                                         g_add[2].u_mul._14834_ (net)
                      0.094667    0.000639   51.825001 v g_add[2].u_mul._24936_/A1 (sky130_fd_sc_hd__o31a_4)
     5    0.042184    0.101343    0.430241   52.255245 v g_add[2].u_mul._24936_/X (sky130_fd_sc_hd__o31a_4)
                                                         g_add[2].u_mul._15471_ (net)
                      0.101486    0.003432   52.258675 v g_add[2].u_mul._25460_/A1 (sky130_fd_sc_hd__o31ai_4)
     4    0.018994    0.295468    0.355893   52.614567 ^ g_add[2].u_mul._25460_/Y (sky130_fd_sc_hd__o31ai_4)
                                                         g_add[2].u_mul._16043_ (net)
                      0.295468    0.000536   52.615105 ^ g_add[2].u_mul._26300_/A1 (sky130_fd_sc_hd__a31o_1)
     4    0.013725    0.141392    0.260261   52.875366 ^ g_add[2].u_mul._26300_/X (sky130_fd_sc_hd__a31o_1)
                                                         g_add[2].u_mul._16959_ (net)
                      0.141392    0.000078   52.875443 ^ g_add[2].u_mul._26591_/A1 (sky130_fd_sc_hd__a31o_1)
     2    0.010240    0.108841    0.202821   53.078266 ^ g_add[2].u_mul._26591_/X (sky130_fd_sc_hd__a31o_1)
                                                         g_add[2].u_mul._17275_ (net)
                      0.108841    0.000203   53.078468 ^ g_add[2].u_mul._26592_/B (sky130_fd_sc_hd__and2b_1)
     3    0.015865    0.150543    0.213070   53.291538 ^ g_add[2].u_mul._26592_/X (sky130_fd_sc_hd__and2b_1)
                                                         g_add[2].u_mul._17276_ (net)
                      0.150543    0.000139   53.291676 ^ g_add[2].u_mul._26758_/A1 (sky130_fd_sc_hd__a311oi_4)
     3    0.017696    0.129201    0.140549   53.432224 v g_add[2].u_mul._26758_/Y (sky130_fd_sc_hd__a311oi_4)
                                                         g_add[2].u_mul._00086_ (net)
                      0.129201    0.000433   53.432659 v g_add[2].u_mul._26835_/A1 (sky130_fd_sc_hd__o31a_1)
     3    0.015239    0.100286    0.381746   53.814404 v g_add[2].u_mul._26835_/X (sky130_fd_sc_hd__o31a_1)
                                                         g_add[2].u_mul._00168_ (net)
                      0.100286    0.000341   53.814747 v g_add[2].u_mul._26893_/A1 (sky130_fd_sc_hd__o311ai_2)
     2    0.008112    0.283243    0.344915   54.159660 ^ g_add[2].u_mul._26893_/Y (sky130_fd_sc_hd__o311ai_2)
                                                         g_add[2].u_mul._00230_ (net)
                      0.283243    0.000064   54.159725 ^ g_add[2].u_mul._26905_/B2 (sky130_fd_sc_hd__a2bb2o_1)
     2    0.008350    0.094025    0.224059   54.383785 ^ g_add[2].u_mul._26905_/X (sky130_fd_sc_hd__a2bb2o_1)
                                                         g_add[2].u_mul._00242_ (net)
                      0.094025    0.000039   54.383823 ^ g_add[2].u_mul._26915_/A (sky130_fd_sc_hd__xor2_1)
     1    0.002151    0.101748    0.130669   54.514492 ^ g_add[2].u_mul._26915_/X (sky130_fd_sc_hd__xor2_1)
                                                         g_add[2].u_mul.p_hi[77] (net)
                      0.101748    0.000007   54.514500 ^ g_add[2].u_mul._35436_/D (sky130_fd_sc_hd__dfxtp_1)
                                             54.514500   data arrival time

                                150.000000  150.000000   clock clk (rise edge)
                                  0.000000  150.000000   clock source latency
     1    0.317893    1.411341    1.136755  151.136749 ^ clk (in)
                                                         clk (net)
                      1.494404    0.000000  151.136749 ^ clkbuf_0_clk/A (sky130_fd_sc_hd__clkbuf_16)
     2    0.068805    0.113138    0.383224  151.519974 ^ clkbuf_0_clk/X (sky130_fd_sc_hd__clkbuf_16)
                                                         clknet_0_clk (net)
                      0.113188    0.002430  151.522400 ^ clkbuf_1_0_0_clk/A (sky130_fd_sc_hd__clkbuf_8)
     1    0.043724    0.087721    0.185366  151.707764 ^ clkbuf_1_0_0_clk/X (sky130_fd_sc_hd__clkbuf_8)
                                                         clknet_1_0_0_clk (net)
                      0.088006    0.003965  151.711731 ^ clkbuf_1_0_1_clk/A (sky130_fd_sc_hd__clkbuf_8)
     2    0.039775    0.081505    0.171426  151.883163 ^ clkbuf_1_0_1_clk/X (sky130_fd_sc_hd__clkbuf_8)
                                                         clknet_1_0_1_clk (net)
                      0.081542    0.001407  151.884567 ^ clkbuf_2_1_0_clk/A (sky130_fd_sc_hd__clkbuf_8)
     1    0.039844    0.081816    0.168512  152.053085 ^ clkbuf_2_1_0_clk/X (sky130_fd_sc_hd__clkbuf_8)
                                                         clknet_2_1_0_clk (net)
                      0.082379    0.005315  152.058395 ^ clkbuf_2_1_1_clk/A (sky130_fd_sc_hd__clkbuf_8)
     2    0.050124    0.098361    0.180322  152.238724 ^ clkbuf_2_1_1_clk/X (sky130_fd_sc_hd__clkbuf_8)
                                                         clknet_2_1_1_clk (net)
                      0.098870    0.005656  152.244370 ^ clkbuf_3_3_0_clk/A (sky130_fd_sc_hd__clkbuf_8)
     2    0.038457    0.079691    0.173529  152.417908 ^ clkbuf_3_3_0_clk/X (sky130_fd_sc_hd__clkbuf_8)
                                                         clknet_3_3_0_clk (net)
                      0.080023    0.004036  152.421936 ^ clkbuf_4_7_0_clk/A (sky130_fd_sc_hd__clkbuf_8)
     1    0.040290    0.082529    0.168555  152.590485 ^ clkbuf_4_7_0_clk/X (sky130_fd_sc_hd__clkbuf_8)
                                                         clknet_4_7_0_clk (net)
                      0.083046    0.005130  152.595627 ^ clkbuf_4_7_1_clk/A (sky130_fd_sc_hd__clkbuf_8)
     4    0.062235    0.117371    0.197247  152.792862 ^ clkbuf_4_7_1_clk/X (sky130_fd_sc_hd__clkbuf_8)
                                                         clknet_4_7_1_clk (net)
                      0.117508    0.002458  152.795334 ^ clkbuf_6_29_0_clk/A (sky130_fd_sc_hd__clkbuf_8)
     4    0.046982    0.093258    0.190582  152.985916 ^ clkbuf_6_29_0_clk/X (sky130_fd_sc_hd__clkbuf_8)
                                                         clknet_6_29_0_clk (net)
                      0.093580    0.003922  152.989838 ^ clkbuf_8_119_0_clk/A (sky130_fd_sc_hd__clkbuf_8)
     2    0.028328    0.063685    0.160171  153.150009 ^ clkbuf_8_119_0_clk/X (sky130_fd_sc_hd__clkbuf_8)
                                                         clknet_8_119_0_clk (net)
                      0.063706    0.001080  153.151077 ^ clkbuf_9_239__f_clk/A (sky130_fd_sc_hd__clkbuf_16)
     7    0.063472    0.081317    0.166139  153.317215 ^ clkbuf_9_239__f_clk/X (sky130_fd_sc_hd__clkbuf_16)
                                                         clknet_9_239__leaf_clk (net)
                      0.081318    0.000625  153.317841 ^ clkbuf_leaf_1196_clk/A (sky130_fd_sc_hd__clkbuf_8)
     5    0.013375    0.041250    0.135529  153.453369 ^ clkbuf_leaf_1196_clk/X (sky130_fd_sc_hd__clkbuf_8)
                                                         clknet_leaf_1196_clk (net)
                      0.041250    0.000014  153.453384 ^ g_add[2].u_mul._35436_/CLK (sky130_fd_sc_hd__dfxtp_1)
                                 -0.250000  153.203400   clock uncertainty
                                  0.000000  153.203400   clock reconvergence pessimism
                                 -0.067654  153.135727   library setup time
                                            153.135727   data required time
---------------------------------------------------------------------------------------------
                                            153.135727   data required time
                                            -54.514500   data arrival time
---------------------------------------------------------------------------------------------
                                             98.621231   slack (MET)
