
 /----------------------------------------------------------------------------\
 |  yosys -- Yosys Open SYnthesis Suite                                       |
 |  Copyright (C) 2012 - 2026  Claire Xenia Wolf <claire@yosyshq.com>         |
 |  Distributed under an ISC-like license, type "license" to see terms        |
 \----------------------------------------------------------------------------/
 Yosys 0.68+130 (git sha1 dd83bbad2-dirty, Release, Clang /usr/bin/clang++ 21.1.8)

-- Executing script file `../model/design.ys' --

1. Executing Verilog-2005 frontend: huff_out.sv
Parsing formal SystemVerilog input from `huff_out.sv' to AST representation.
Storing AST representation for module `$abstract\huff_out'.
Successfully finished Verilog frontend.

2. Executing Verilog-2005 frontend: skid.sv
Parsing formal SystemVerilog input from `skid.sv' to AST representation.
Storing AST representation for module `$abstract\skid'.
Successfully finished Verilog frontend.

3. Executing PREP pass.

3.1. Executing HIERARCHY pass (managing design hierarchy).

3.2. Executing AST frontend in derive mode using pre-parsed AST for module `\skid'.
Generating RTLIL representation for module `\skid'.

3.2.1. Analyzing design hierarchy..
Top module:  \skid

3.2.2. Executing AST frontend in derive mode using pre-parsed AST for module `\huff_out'.
Generating RTLIL representation for module `\huff_out'.

3.2.3. Analyzing design hierarchy..
Top module:  \skid
Used module:     \huff_out

3.2.4. Analyzing design hierarchy..
Top module:  \skid
Used module:     \huff_out
Removing unused module `$abstract\skid'.
Removing unused module `$abstract\huff_out'.
Removed 2 unused modules.
Module skid directly or indirectly contains formal properties -> setting "keep" attribute.

3.3. Executing PROC pass (convert processes to netlists).

3.3.1. Executing PROC_CLEAN pass (remove empty switches from decision trees).
Cleaned up 0 empty switches.

3.3.2. Executing PROC_RMDEAD pass (remove dead branches from decision trees).
Marked 4 switch rules as full_case in process $proc$huff_out.sv:54$74 in module huff_out.
Removed a total of 0 dead cases.

3.3.3. Executing PROC_PRUNE pass (remove redundant assignments in processes).
Removed 1 redundant assignment.
Promoted 21 assignments to connections.

3.3.4. Executing PROC_INIT pass (extract init attributes).
Found init rule in `\skid.$proc$skid.sv:35$67'.
  Set init value: \past_valid = 1'0

3.3.5. Executing PROC_ARST pass (detect async resets in processes).

3.3.6. Executing PROC_ROM pass (convert switches to ROMs).
Converted 0 switches.
<suppressed ~10 debug messages>

3.3.7. Executing PROC_MUX pass (convert decision trees to multiplexers).
Creating decoders for process `\huff_out.$proc$huff_out.sv:79$77'.
Creating decoders for process `\huff_out.$proc$huff_out.sv:54$74'.
     1/13: $4\v1_n[0:0]
     2/13: $4\v0_n[0:0]
     3/13: $3\v1_n[0:0]
     4/13: $2\slot1_n[32:0]
     5/13: $3\slot0_n[32:0]
     6/13: $3\v0_n[0:0]
     7/13: $1\slot1_n[32:0]
     8/13: $2\slot0_n[32:0]
     9/13: $2\v1_n[0:0]
    10/13: $2\v0_n[0:0]
    11/13: $1\v1_n[0:0]
    12/13: $1\v0_n[0:0]
    13/13: $1\slot0_n[32:0]
Creating decoders for process `\skid.$proc$skid.sv:35$67'.
Creating decoders for process `\skid.$proc$skid.sv:33$64'.
Creating decoders for process `\skid.$proc$skid.sv:68$60'.
     1/2: $cover$skid.sv:70$62_EN
     2/2: $cover$skid.sv:69$61_EN
Creating decoders for process `\skid.$proc$skid.sv:54$32'.
     1/2: $assert$skid.sv:62$55_EN
     2/2: $assert$skid.sv:58$48_EN
Creating decoders for process `\skid.$proc$skid.sv:42$16'.
     1/5: $assert$skid.sv:48$29_EN
     2/5: $assert$skid.sv:47$25_EN
     3/5: $assert$skid.sv:46$22_EN
     4/5: $assert$skid.sv:45$19_EN
     5/5: $assert$skid.sv:44$17_EN
Creating decoders for process `\skid.$proc$skid.sv:39$12'.
     1/1: $assume$skid.sv:39$13_EN
Creating decoders for process `\skid.$proc$skid.sv:36$11'.

3.3.8. Executing PROC_DLATCH pass (convert process syncs to latches).
No latch inferred for signal `\huff_out.\v0_n' from process `\huff_out.$proc$huff_out.sv:54$74'.
No latch inferred for signal `\huff_out.\v1_n' from process `\huff_out.$proc$huff_out.sv:54$74'.
No latch inferred for signal `\huff_out.\slot0_n' from process `\huff_out.$proc$huff_out.sv:54$74'.
No latch inferred for signal `\huff_out.\slot1_n' from process `\huff_out.$proc$huff_out.sv:54$74'.

3.3.9. Executing PROC_DFF pass (convert process syncs to FFs).
Creating register for signal `\huff_out.\slot0' using process `\huff_out.$proc$huff_out.sv:79$77'.
  created $dff cell `$procdff$153' with positive edge clock.
Creating register for signal `\huff_out.\slot1' using process `\huff_out.$proc$huff_out.sv:79$77'.
  created $dff cell `$procdff$154' with positive edge clock.
Creating register for signal `\huff_out.\v0' using process `\huff_out.$proc$huff_out.sv:79$77'.
  created $dff cell `$procdff$155' with positive edge clock.
Creating register for signal `\huff_out.\v1' using process `\huff_out.$proc$huff_out.sv:79$77'.
  created $dff cell `$procdff$156' with positive edge clock.
Creating register for signal `\skid.$past$skid.sv:55$1$0' using process `\skid.$proc$skid.sv:54$32'.
  created $dff cell `$procdff$157' with positive edge clock.
Creating register for signal `\skid.$past$skid.sv:57$2$0' using process `\skid.$proc$skid.sv:54$32'.
  created $dff cell `$procdff$158' with positive edge clock.
Creating register for signal `\skid.$past$skid.sv:57$3$0' using process `\skid.$proc$skid.sv:54$32'.
  created $dff cell `$procdff$159' with positive edge clock.
Creating register for signal `\skid.$past$skid.sv:58$4$0' using process `\skid.$proc$skid.sv:54$32'.
  created $dff cell `$procdff$160' with positive edge clock.
Creating register for signal `\skid.$past$skid.sv:58$5$0' using process `\skid.$proc$skid.sv:54$32'.
  created $dff cell `$procdff$161' with positive edge clock.
Creating register for signal `\skid.$past$skid.sv:61$6$0' using process `\skid.$proc$skid.sv:54$32'.
  created $dff cell `$procdff$162' with positive edge clock.
Creating register for signal `\skid.$past$skid.sv:61$7$0' using process `\skid.$proc$skid.sv:54$32'.
  created $dff cell `$procdff$163' with positive edge clock.
Creating register for signal `\skid.$past$skid.sv:61$8$0' using process `\skid.$proc$skid.sv:54$32'.
  created $dff cell `$procdff$164' with positive edge clock.
Creating register for signal `\skid.$past$skid.sv:62$9$0' using process `\skid.$proc$skid.sv:54$32'.
  created $dff cell `$procdff$165' with positive edge clock.
Creating register for signal `\skid.$past$skid.sv:62$10$0' using process `\skid.$proc$skid.sv:54$32'.
  created $dff cell `$procdff$166' with positive edge clock.
Creating register for signal `\skid.\past_valid' using process `\skid.$proc$skid.sv:36$11'.
  created $dff cell `$procdff$167' with positive edge clock.

3.3.10. Executing PROC_MEMWR pass (convert process memory writes to cells).

3.3.11. Executing PROC_CLEAN pass (remove empty switches from decision trees).
Removing empty process `huff_out.$proc$huff_out.sv:79$77'.
Found and cleaned up 4 empty switches in `\huff_out.$proc$huff_out.sv:54$74'.
Removing empty process `huff_out.$proc$huff_out.sv:54$74'.
Removing empty process `skid.$proc$skid.sv:35$67'.
Removing empty process `skid.$proc$skid.sv:33$64'.
Found and cleaned up 1 empty switch in `\skid.$proc$skid.sv:68$60'.
Removing empty process `skid.$proc$skid.sv:68$60'.
Found and cleaned up 3 empty switches in `\skid.$proc$skid.sv:54$32'.
Removing empty process `skid.$proc$skid.sv:54$32'.
Found and cleaned up 1 empty switch in `\skid.$proc$skid.sv:42$16'.
Removing empty process `skid.$proc$skid.sv:42$16'.
Found and cleaned up 1 empty switch in `\skid.$proc$skid.sv:39$12'.
Removing empty process `skid.$proc$skid.sv:39$12'.
Removing empty process `skid.$proc$skid.sv:36$11'.
Cleaned up 10 empty switches.

3.3.12. Executing OPT_EXPR pass (perform const folding).
Optimizing module huff_out.
Optimizing module skid.
<suppressed ~1 debug messages>

3.4. Executing FUTURE pass.

3.5. Executing OPT_EXPR pass (perform const folding).
Optimizing module huff_out.
Optimizing module skid.

3.6. Executing OPT_CLEAN pass (remove unused cells and wires).
Finding unused cells or wires in module \huff_out..
Finding unused cells or wires in module \skid..
Removed 0 unused cells and 81 unused wires.
<suppressed ~2 debug messages>

3.7. Executing CHECK pass (checking for obvious problems).
Checking module huff_out...
Checking module skid...
Found and reported 0 problems.

3.8. Executing OPT pass (performing simple optimizations).

3.8.1. Executing OPT_EXPR pass (perform const folding).
Optimizing module huff_out.
Optimizing module skid.

3.8.2. Executing OPT_MERGE pass (detect identical cells).
Finding identical cells in module `\huff_out'.
Computing hashes of 29 cells of `\huff_out'.
Finding duplicate cells in `\huff_out'.
Finding identical cells in module `\skid'.
Computing hashes of 64 cells of `\skid'.
Finding duplicate cells in `\skid'.
Removed a total of 0 cells.

3.8.3. Executing OPT_MUXTREE pass (detect dead branches in mux trees).
Running muxtree optimizer on module \huff_out..
  Creating internal representation of mux trees.
  Evaluating internal representation of mux trees.
      Replacing known input bits on port B of cell $procmux$104: $1\v0_n[0:0] -> 1'1
  Analyzing evaluation results.
    dead port 2/2 on $mux $procmux$106.
    dead port 2/2 on $mux $procmux$100.
    dead port 2/2 on $mux $procmux$94.
    dead port 2/2 on $mux $procmux$88.
Running muxtree optimizer on module \skid..
  Creating internal representation of mux trees.
  Evaluating internal representation of mux trees.
  Analyzing evaluation results.
Removed 4 multiplexer ports.
<suppressed ~50 debug messages>

3.8.4. Executing OPT_REDUCE pass (consolidate $*mux and $reduce_* inputs).
  Optimizing cells in module \huff_out.
  Optimizing cells in module \huff_out.
  Optimizing cells in module \skid.
Performed a total of 1 changes.

3.8.5. Executing OPT_MERGE pass (detect identical cells).
Finding identical cells in module `\huff_out'.
Computing hashes of 24 cells of `\huff_out'.
Finding duplicate cells in `\huff_out'.
Finding identical cells in module `\skid'.
Computing hashes of 64 cells of `\skid'.
Finding duplicate cells in `\skid'.
Computing hashes of 57 cells of `\skid'.
Finding duplicate cells in `\skid'.
<suppressed ~21 debug messages>
Removed a total of 7 cells.

3.8.6. Executing OPT_CLEAN pass (remove unused cells and wires).
Finding unused cells or wires in module \huff_out..
Finding unused cells or wires in module \skid..
Removed 0 unused cells and 12 unused wires.
<suppressed ~2 debug messages>

3.8.7. Executing OPT_EXPR pass (perform const folding).
Optimizing module huff_out.
Optimizing module skid.

3.8.8. Rerunning OPT passes. (Maybe there is more to do..)

3.8.9. Executing OPT_MUXTREE pass (detect dead branches in mux trees).
Running muxtree optimizer on module \huff_out..
  Creating internal representation of mux trees.
  Evaluating internal representation of mux trees.
  Analyzing evaluation results.
Running muxtree optimizer on module \skid..
  Creating internal representation of mux trees.
  Evaluating internal representation of mux trees.
  Analyzing evaluation results.
Removed 0 multiplexer ports.
<suppressed ~31 debug messages>

3.8.10. Executing OPT_REDUCE pass (consolidate $*mux and $reduce_* inputs).
  Optimizing cells in module \huff_out.
  Optimizing cells in module \skid.
Performed a total of 0 changes.

3.8.11. Executing OPT_MERGE pass (detect identical cells).
Finding identical cells in module `\huff_out'.
Computing hashes of 24 cells of `\huff_out'.
Finding duplicate cells in `\huff_out'.
Finding identical cells in module `\skid'.
Computing hashes of 57 cells of `\skid'.
Finding duplicate cells in `\skid'.
Removed a total of 0 cells.

3.8.12. Executing OPT_CLEAN pass (remove unused cells and wires).
Finding unused cells or wires in module \huff_out..
Finding unused cells or wires in module \skid..

3.8.13. Executing OPT_EXPR pass (perform const folding).
Optimizing module huff_out.
Optimizing module skid.

3.8.14. Finished fast OPT passes. (There is nothing left to do.)

3.9. Executing WREDUCE pass (reducing word size of cells).
Removed top 1 bits (of 2) from port A of cell huff_out.$add$huff_out.sv:52$73 ($add).
Removed top 1 bits (of 2) from port B of cell huff_out.$add$huff_out.sv:52$73 ($add).
Removed top 1 bits (of 2) from port B of cell skid.$sub$skid.sv:58$49 ($sub).

3.10. Executing OPT_CLEAN pass (remove unused cells and wires).
Finding unused cells or wires in module \huff_out..
Finding unused cells or wires in module \skid..

3.11. Executing MEMORY_COLLECT pass (generating $mem cells).

3.12. Executing OPT pass (performing simple optimizations).

3.12.1. Executing OPT_EXPR pass (perform const folding).
Optimizing module huff_out.
Optimizing module skid.

3.12.2. Executing OPT_MERGE pass (detect identical cells).
Finding identical cells in module `\huff_out'.
Computing hashes of 24 cells of `\huff_out'.
Finding duplicate cells in `\huff_out'.
Finding identical cells in module `\skid'.
Computing hashes of 57 cells of `\skid'.
Finding duplicate cells in `\skid'.
Removed a total of 0 cells.

3.12.3. Executing OPT_CLEAN pass (remove unused cells and wires).
Finding unused cells or wires in module \huff_out..
Finding unused cells or wires in module \skid..

3.12.4. Finished fast OPT passes.

3.13. Executing SORT pass.

3.14. Printing statistics.

=== huff_out ===

        +----------Local Count, excluding submodules.
        | 
       35 wires
      322 wire bits
       23 public wires
      214 public wire bits
       14 ports
       77 port bits
       24 cells
        1   $add
        4   $dff
        3   $logic_and
        3   $logic_not
        1   $logic_or
       12   $mux

=== skid ===

        +----------Local Count, excluding submodules.
        | 
       59 wires
      155 wire bits
       15 public wires
       78 public wire bits
        7 ports
       38 port bits
       56 cells
       11   $check
       11   $dff
        7   $eq
        1   $le
       10   $logic_and
        9   $logic_not
        1   $logic_or
        5   $mux
        1   $sub
        1 submodules
        1   huff_out

=== design hierarchy ===

        +----------Count including submodules.
        | 
       80 skid
       24 huff_out

        +----------Count including submodules.
        | 
       94 wires
      477 wire bits
       38 public wires
      292 public wire bits
       21 ports
      115 port bits
        - memories
        - memory bits
        - processes
       80 cells
        1   $add
       11   $check
       15   $dff
        7   $eq
        1   $le
       13   $logic_and
       12   $logic_not
        2   $logic_or
       17   $mux
        1   $sub
        1 submodules
        1   huff_out

3.15. Executing CHECK pass (checking for obvious problems).
Checking module huff_out...
Checking module skid...
Found and reported 0 problems.

4. Executing HIERARCHY pass (managing design hierarchy).
Attribute `top' found on module `skid'. Setting top module to skid.

4.1. Analyzing design hierarchy..
Top module:  \skid
Used module:     \huff_out

4.2. Analyzing design hierarchy..
Top module:  \skid
Used module:     \huff_out
Removed 0 unused modules.
Module skid directly or indirectly contains formal properties -> setting "keep" attribute.

5. Executing jny backend.

6. Executing RTLIL backend.
Output filename: ../model/design.il

End of script. Logfile hash: bdeb604c25, time: 0.02s, user: 0.02s, system: 0.02s, MEM: 18.75 MB peak
Yosys 0.68+130 (git sha1 dd83bbad2-dirty, Release, Clang /usr/bin/clang++ 21.1.8)
Time spent: 19% 6x opt_expr (0 sec), 17% 5x opt_clean (0 sec), ...
