
 /----------------------------------------------------------------------------\
 |  yosys -- Yosys Open SYnthesis Suite                                       |
 |  Copyright (C) 2012 - 2026  Claire Xenia Wolf <claire@yosyshq.com>         |
 |  Distributed under an ISC-like license, type "license" to see terms        |
 \----------------------------------------------------------------------------/
 Yosys 0.68+130 (git sha1 dd83bbad2-dirty, Release, Clang /usr/bin/clang++ 21.1.8)

-- Executing script file `design_smt2.ys' --

1. Executing RTLIL frontend.
Input filename: design_prep.il

2. Executing HIERARCHY pass (managing design hierarchy).
Attribute `top' found on module `skid'. Setting top module to skid.

2.1. Analyzing design hierarchy..
Top module:  \skid
Used module:     \huff_out

2.2. Analyzing design hierarchy..
Top module:  \skid
Used module:     \huff_out
Removed 0 unused modules.
Module skid directly or indirectly contains formal properties -> setting "keep" attribute.

3. Executing FORMALFF pass.

4. Executing DFFUNMAP pass (unmap clock enable and synchronous reset from FFs).

5. Printing statistics.

=== huff_out ===

        +----------Local Count, excluding submodules.
        | 
       36 wires
      323 wire bits
       23 public wires
      214 public wire bits
       14 ports
       77 port bits
       26 cells
        1   $add
        4   $anyinit
        1   $assume
        3   $logic_and
        3   $logic_not
        1   $logic_or
       12   $mux
        1   $not

=== skid ===

        +----------Local Count, excluding submodules.
        | 
       24 wires
       87 wire bits
       14 public wires
       77 public wire bits
        7 ports
       38 port bits
       15 cells
        3   $assume
        2   $cover
        3   $ff
        1   $initstate
        2   $logic_and
        2   $logic_not
        1   $mux
        1   $not
        1 submodules
        1   huff_out

=== design hierarchy ===

        +----------Count including submodules.
        | 
       41 skid
       26 huff_out

        +----------Count including submodules.
        | 
       60 wires
      410 wire bits
       37 public wires
      291 public wire bits
       21 ports
      115 port bits
        - memories
        - memory bits
        - processes
       41 cells
        1   $add
        4   $anyinit
        4   $assume
        2   $cover
        3   $ff
        1   $initstate
        5   $logic_and
        5   $logic_not
        1   $logic_or
       13   $mux
        2   $not
        1 submodules
        1   huff_out

6. Executing SMT2 backend.

6.1. Executing BMUXMAP pass.

6.2. Executing DEMUXMAP pass.
Creating SMT-LIBv2 representation of module huff_out.
Creating SMT-LIBv2 representation of module skid.

End of script. Logfile hash: 712870af67, time: 0.00s, user: 0.00s, system: 0.01s, MEM: 16.93 MB peak
Yosys 0.68+130 (git sha1 dd83bbad2-dirty, Release, Clang /usr/bin/clang++ 21.1.8)
Time spent: 55% 2x write_smt2 (0 sec), 18% 2x read_rtlil (0 sec), ...
