
 /----------------------------------------------------------------------------\
 |  yosys -- Yosys Open SYnthesis Suite                                       |
 |  Copyright (C) 2012 - 2026  Claire Xenia Wolf <claire@yosyshq.com>         |
 |  Distributed under an ISC-like license, type "license" to see terms        |
 \----------------------------------------------------------------------------/
 Yosys 0.68+130 (git sha1 dd83bbad2-dirty, Release, Clang /usr/bin/clang++ 21.1.8)

-- Executing script file `design_prep.ys' --

1. Executing RTLIL frontend.
Input filename: design.il

2. Executing SCC pass (detecting logic loops).
Found 0 SCCs in module huff_out.
Found 0 SCCs in module skid.
Found 0 SCCs.

3. Executing SIMPLEMAP pass (map simple cells to gate primitives).

4. Executing MEMORY_NORDFF pass (extracting $dff cells from memories).

5. Executing ASYNC2SYNC pass.

6. Executing OPT_CLEAN pass (remove unused cells and wires).
Finding unused cells or wires in module \huff_out..
Finding unused cells or wires in module \skid..
Removed 24 unused cells and 24 unused wires.
<suppressed ~25 debug messages>

7. Executing FORMALFF pass.

8. Executing OPT_CLEAN pass (remove unused cells and wires).
Finding unused cells or wires in module \huff_out..
Finding unused cells or wires in module \skid..
Removed 46 unused cells and 46 unused wires.
<suppressed ~49 debug messages>

9. Executing CHECK pass (checking for obvious problems).
Checking module huff_out...
Checking module skid...
Found and reported 0 problems.

10. Executing SETUNDEF pass (replace undef values with defined constants).

11. Executing OPT pass (performing simple optimizations).

11.1. Executing OPT_EXPR pass (perform const folding).
Optimizing module huff_out.
Optimizing module skid.
<suppressed ~1 debug messages>

11.2. Executing OPT_MERGE pass (detect identical cells).
Finding identical cells in module `\huff_out'.
Computing hashes of 24 cells of `\huff_out'.
Finding duplicate cells in `\huff_out'.
Finding identical cells in module `\skid'.
Computing hashes of 15 cells of `\skid'.
Finding duplicate cells in `\skid'.
Computing hashes of 14 cells of `\skid'.
Finding duplicate cells in `\skid'.
<suppressed ~3 debug messages>
Removed a total of 1 cells.

11.3. Executing OPT_DFF pass (perform DFF optimizations).

11.4. Executing OPT_CLEAN pass (remove unused cells and wires).
Finding unused cells or wires in module \huff_out..
Finding unused cells or wires in module \skid..
Removed 0 unused cells and 2 unused wires.
<suppressed ~1 debug messages>

11.5. Finished fast OPT passes.

12. Executing OPT_CLEAN pass (remove unused cells and wires).
Finding unused cells or wires in module \huff_out..
Finding unused cells or wires in module \skid..

13. Executing RTLIL backend.
Output filename: ../model/design_prep.il

End of script. Logfile hash: 28a67d006a, time: 0.01s, user: 0.01s, system: 0.01s, MEM: 16.93 MB peak
Yosys 0.68+130 (git sha1 dd83bbad2-dirty, Release, Clang /usr/bin/clang++ 21.1.8)
Time spent: 30% 4x opt_clean (0 sec), 13% 1x scc (0 sec), ...
